2026-06-17 15:55:32,491 [INFO] Script start.
2026-06-17 15:55:32,499 [INFO] ====================GENERAL SETTINGS====================
2026-06-17 15:55:32,500 [INFO] {'date': '2026-06-17', 'time': '15-55-32', 'experiment_type': 'g2_heralded_virtual', 'save_dir': 'C:\\Users\\QUANTUM\\OneDrive - ENSTA\\!Working files\\HBT\\HBT Data\\Tests_Jun\\2026-06-17_15-55-32_g2_heralded_virtual', 'material': 'GaAs100_100um_P1_700_10_cover_maxGain_P3', 'laser': {'rep_rate_hz': 18880000.0, 'wavelength_nm': 2100}, 'timetagging': {'tt_mode': 'Standard', 'binwidth_ps': 100, 'num_bins': 50000, 'channels': [1, 2, 3, 4, 5, 6], 'mode_on_channel': ['H3T', 'H3R', 'H4T', 'H4R', 'H5T', 'H5R'], 'deadtime': [0, 0, 0, 0, 0, 0], 'delays': [0, -1000, 20000, 16500, 17800, 17300], 'coincidence_window': 25000, 'trigger': [], 'filter': []}, 'custom': {}}
2026-06-17 15:55:32,555 [INFO] Found 1 connected Time Tagger(s)
2026-06-17 15:55:37,108 [INFO] t:   1 s, Board temperature: 41.4 °C, FPGA temperature: 56.3 °C
2026-06-17 15:55:38,684 [INFO] t:   2 s, Board temperature: 41.4 °C, FPGA temperature: 56.8 °C
2026-06-17 15:55:40,257 [INFO] t:   3 s, Board temperature: 41.4 °C, FPGA temperature: 57.0 °C
2026-06-17 15:55:41,865 [INFO] t:   4 s, Board temperature: 41.5 °C, FPGA temperature: 57.1 °C
2026-06-17 15:55:43,428 [INFO] t:   5 s, Board temperature: 41.4 °C, FPGA temperature: 57.4 °C
2026-06-17 15:55:43,429 [INFO] The Time Tagger is warmed up.
2026-06-17 15:55:43,429 [INFO] Time Tagger initialized.
2026-06-17 15:55:43,430 [INFO] Stage Position: 19.5
2026-06-17 15:55:43,431 [INFO] Starting chunked acquisition (max 2 chunks / 2.0 min)
2026-06-17 15:55:43,432 [INFO] Chunk duration: 1 min
2026-06-17 15:55:43,432 [INFO] Threshold: 50000 counts, checking every 1 chunks
2026-06-17 15:55:43,472 [INFO] Found 0 connected Time Tagger(s)
2026-06-17 15:55:45,197 [INFO] t:   1 s, Board temperature: 41.3 °C, FPGA temperature: 57.4 °C
2026-06-17 15:55:46,760 [INFO] t:   2 s, Board temperature: 41.3 °C, FPGA temperature: 57.5 °C
2026-06-17 15:55:48,337 [INFO] t:   3 s, Board temperature: 41.4 °C, FPGA temperature: 57.4 °C
2026-06-17 15:55:49,913 [INFO] t:   4 s, Board temperature: 41.4 °C, FPGA temperature: 57.6 °C
2026-06-17 15:55:51,483 [INFO] t:   5 s, Board temperature: 41.4 °C, FPGA temperature: 57.5 °C
2026-06-17 15:55:51,483 [INFO] The Time Tagger is warmed up.
2026-06-17 15:55:51,484 [INFO] Time Tagger initialized.
2026-06-17 15:55:51,485 [INFO] Chunk 1/2 | Elapsed: 1.0 min
2026-06-17 15:55:51,486 [INFO] Initializing experiment on Time Tagger.
2026-06-17 15:55:51,486 [INFO] Deadtime for channel 1: 0 ps
2026-06-17 15:55:51,487 [INFO] Deadtime for channel 2: 0 ps
2026-06-17 15:55:51,487 [INFO] Deadtime for channel 3: 0 ps
2026-06-17 15:55:51,488 [INFO] Deadtime for channel 4: 0 ps
2026-06-17 15:55:51,489 [INFO] Deadtime for channel 5: 0 ps
2026-06-17 15:55:51,490 [INFO] Deadtime for channel 6: 0 ps
2026-06-17 15:55:51,490 [INFO] Delays on channels enabled.
2026-06-17 15:55:51,491 [INFO] Delay for channel 1: requested=0 ps, actual=0 ps
2026-06-17 15:55:51,492 [INFO] Delay for channel 2: requested=-1000 ps, actual=-1000 ps
2026-06-17 15:55:51,492 [INFO] Delay for channel 3: requested=20000 ps, actual=20000 ps
2026-06-17 15:55:51,493 [INFO] Delay for channel 4: requested=16500 ps, actual=16500 ps
2026-06-17 15:55:51,494 [INFO] Delay for channel 5: requested=17800 ps, actual=17800 ps
2026-06-17 15:55:51,494 [INFO] Delay for channel 6: requested=17300 ps, actual=17300 ps
2026-06-17 15:55:51,495 [INFO] Executing synchronized correlation measurement.
2026-06-17 15:55:51,496 [INFO] Delays on channels enabled.
2026-06-17 15:55:51,496 [INFO] Delay for channel 1: requested=0 ps, actual=0 ps.
2026-06-17 15:55:51,497 [INFO] Delay for channel 2: requested=-1000 ps, actual=-1000 ps.
2026-06-17 15:55:51,497 [INFO] Delay for channel 3: requested=20000 ps, actual=20000 ps.
2026-06-17 15:55:51,498 [INFO] Delay for channel 4: requested=16500 ps, actual=16500 ps.
2026-06-17 15:55:51,499 [INFO] Delay for channel 5: requested=17800 ps, actual=17800 ps.
2026-06-17 15:55:51,499 [INFO] Delay for channel 6: requested=17300 ps, actual=17300 ps.
2026-06-17 15:55:51,500 [INFO] Initializing measurement with virtual mode channels for ALL heralding permutations.
2026-06-17 15:55:51,500 [INFO] Automatically generated modes from input: {'H3': [1, 2], 'H4': [3, 4], 'H5': [5, 6]}
2026-06-17 15:55:51,501 [INFO] Setting up virtual channels...
2026-06-17 15:55:51,502 [INFO] Initializing physical channel correlation histograms...
2026-06-17 15:55:51,503 [INFO]   Physical correlation: ch1 <-> ch2
2026-06-17 15:55:51,503 [INFO]   Physical correlation: ch1 <-> ch3
2026-06-17 15:55:51,504 [INFO]   Physical correlation: ch1 <-> ch4
2026-06-17 15:55:51,505 [INFO]   Physical correlation: ch1 <-> ch5
2026-06-17 15:55:51,505 [INFO]   Physical correlation: ch1 <-> ch6
2026-06-17 15:55:51,506 [INFO]   Physical correlation: ch2 <-> ch3
2026-06-17 15:55:51,507 [INFO]   Physical correlation: ch2 <-> ch4
2026-06-17 15:55:51,507 [INFO]   Physical correlation: ch2 <-> ch5
2026-06-17 15:55:51,508 [INFO]   Physical correlation: ch2 <-> ch6
2026-06-17 15:55:51,509 [INFO]   Physical correlation: ch3 <-> ch4
2026-06-17 15:55:51,509 [INFO]   Physical correlation: ch3 <-> ch5
2026-06-17 15:55:51,510 [INFO]   Physical correlation: ch3 <-> ch6
2026-06-17 15:55:51,511 [INFO]   Physical correlation: ch4 <-> ch5
2026-06-17 15:55:51,511 [INFO]   Physical correlation: ch4 <-> ch6
2026-06-17 15:55:51,512 [INFO]   Physical correlation: ch5 <-> ch6
2026-06-17 15:55:51,513 [INFO] Initializing virtual mode correlation histograms...
2026-06-17 15:55:51,513 [INFO]   Within-mode (H3): ch1 <-> ch2
2026-06-17 15:55:51,514 [INFO]   Cross-mode: H3 <-> H4
2026-06-17 15:55:51,515 [INFO]   Cross-mode: H3 <-> H5
2026-06-17 15:55:51,515 [INFO]   Within-mode (H4): ch3 <-> ch4
2026-06-17 15:55:51,516 [INFO]   Cross-mode: H4 <-> H5
2026-06-17 15:55:51,517 [INFO]   Within-mode (H5): ch5 <-> ch6
2026-06-17 15:55:51,519 [INFO] Measurement starting for 1.000min / 0.017h
2026-06-17 15:56:51,708 [INFO] Measurements finished.
2026-06-17 15:56:51,709 [INFO] Collecting measurement data...
2026-06-17 15:56:51,711 [INFO] Collecting physical correlation data for (1,2)
2026-06-17 15:56:51,712 [INFO] Collecting physical correlation data for (1,3)
2026-06-17 15:56:51,715 [INFO] Collecting physical correlation data for (1,4)
2026-06-17 15:56:51,717 [INFO] Collecting physical correlation data for (1,5)
2026-06-17 15:56:51,719 [INFO] Collecting physical correlation data for (1,6)
2026-06-17 15:56:51,722 [INFO] Collecting physical correlation data for (2,3)
2026-06-17 15:56:51,724 [INFO] Collecting physical correlation data for (2,4)
2026-06-17 15:56:51,726 [INFO] Collecting physical correlation data for (2,5)
2026-06-17 15:56:51,728 [INFO] Collecting physical correlation data for (2,6)
2026-06-17 15:56:51,730 [INFO] Collecting physical correlation data for (3,4)
2026-06-17 15:56:51,732 [INFO] Collecting physical correlation data for (3,5)
2026-06-17 15:56:51,735 [INFO] Collecting physical correlation data for (3,6)
2026-06-17 15:56:51,737 [INFO] Collecting physical correlation data for (4,5)
2026-06-17 15:56:51,739 [INFO] Collecting physical correlation data for (4,6)
2026-06-17 15:56:51,742 [INFO] Collecting physical correlation data for (5,6)
2026-06-17 15:56:51,744 [INFO] Collecting virtual correlation data for (H3,H3)
2026-06-17 15:56:51,746 [INFO] Collecting virtual correlation data for (H3,H4)
2026-06-17 15:56:51,748 [INFO] Collecting virtual correlation data for (H3,H5)
2026-06-17 15:56:51,750 [INFO] Collecting virtual correlation data for (H4,H4)
2026-06-17 15:56:51,752 [INFO] Collecting virtual correlation data for (H4,H5)
2026-06-17 15:56:51,754 [INFO] Collecting virtual correlation data for (H5,H5)
2026-06-17 15:56:51,775 [INFO] Starting writing data to file.
2026-06-17 15:56:51,856 [INFO] Saved data.
2026-06-17 15:56:51,955 [INFO] Merging 1 chunks into running total...
2026-06-17 15:56:51,956 [INFO] ============================================================
2026-06-17 15:56:51,957 [INFO] STATUS REPORT | Duration: 1.00 min (0.017 h)
2026-06-17 15:56:51,958 [INFO] ============================================================
2026-06-17 15:56:51,959 [INFO] COUNTRATES (Physical):
2026-06-17 15:56:51,960 [INFO]   Ch 1: 180.9 kHz (total: 10,855,004)
2026-06-17 15:56:51,961 [INFO]   Ch 2: 195.4 kHz (total: 11,724,317)
2026-06-17 15:56:51,962 [INFO]   Ch 3: 0.0 kHz (total: 0)
2026-06-17 15:56:51,963 [INFO]   Ch 4: 0.0 kHz (total: 0)
2026-06-17 15:56:51,963 [INFO]   Ch 5: 241.8 kHz (total: 14,507,774)
2026-06-17 15:56:51,964 [INFO]   Ch 6: 243.0 kHz (total: 14,580,290)
2026-06-17 15:56:51,965 [INFO] COUNTRATES (Virtual):
2026-06-17 15:56:51,966 [INFO]   H3: 376.3 kHz (total: 22,579,321)
2026-06-17 15:56:51,966 [INFO]   H4: 0.0 kHz (total: 0)
2026-06-17 15:56:51,967 [INFO]   H5: 484.8 kHz (total: 29,088,064)
2026-06-17 15:56:51,968 [INFO] ------------------------------------------------------------
2026-06-17 15:56:51,968 [INFO] COINCIDENCES (threshold: 50000)
2026-06-17 15:56:51,969 [INFO] ------------------------------------------------------------
2026-06-17 15:56:51,970 [INFO] Twofold (physical) (Reached Threshold):
2026-06-17 15:56:51,970 [INFO]   (1,2): 156,281 Y
2026-06-17 15:56:51,971 [INFO]   (1,3): 0 X
2026-06-17 15:56:51,971 [INFO]   (1,4): 0 X
2026-06-17 15:56:51,972 [INFO]   (1,5): 165,418 Y
2026-06-17 15:56:51,972 [INFO]   (1,6): 167,375 Y
2026-06-17 15:56:51,973 [INFO]   (2,3): 0 X
2026-06-17 15:56:51,973 [INFO]   (2,4): 0 X
2026-06-17 15:56:51,974 [INFO]   (2,5): 175,306 Y
2026-06-17 15:56:51,975 [INFO]   (2,6): 178,108 Y
2026-06-17 15:56:51,975 [INFO]   (3,4): 0 X
2026-06-17 15:56:51,976 [INFO]   (3,5): 0 X
2026-06-17 15:56:51,977 [INFO]   (3,6): 0 X
2026-06-17 15:56:51,977 [INFO]   (4,5): 0 X
2026-06-17 15:56:51,978 [INFO]   (4,6): 0 X
2026-06-17 15:56:51,978 [INFO]   (5,6): 205,118 Y
2026-06-17 15:56:51,979 [INFO] ============================================================
2026-06-17 15:56:51,979 [INFO] >>> 9 combination(s) below threshold <<<
2026-06-17 15:56:51,980 [INFO] ============================================================
2026-06-17 15:56:52,067 [INFO] Updated merged data: C:\Users\QUANTUM\OneDrive - ENSTA\!Working files\HBT\HBT Data\Tests_Jun\2026-06-17_15-55-32_g2_heralded_virtual\MERGED\15-55-32_2026-06-17_40mW_num0_MERGED.pkl
2026-06-17 15:56:52,107 [INFO] Found 0 connected Time Tagger(s)
2026-06-17 15:56:53,762 [INFO] t:   1 s, Board temperature: 41.6 °C, FPGA temperature: 57.4 °C
2026-06-17 15:56:55,324 [INFO] t:   2 s, Board temperature: 41.6 °C, FPGA temperature: 57.6 °C
2026-06-17 15:56:56,882 [INFO] t:   3 s, Board temperature: 41.6 °C, FPGA temperature: 57.5 °C
2026-06-17 15:56:58,445 [INFO] t:   4 s, Board temperature: 41.8 °C, FPGA temperature: 57.5 °C
2026-06-17 15:57:00,004 [INFO] t:   5 s, Board temperature: 41.6 °C, FPGA temperature: 57.4 °C
2026-06-17 15:57:00,005 [INFO] The Time Tagger is warmed up.
2026-06-17 15:57:00,005 [INFO] Time Tagger initialized.
2026-06-17 15:57:00,006 [INFO] Chunk 2/2 | Elapsed: 2.0 min
2026-06-17 15:57:00,007 [INFO] Initializing experiment on Time Tagger.
2026-06-17 15:57:00,007 [INFO] Deadtime for channel 1: 0 ps
2026-06-17 15:57:00,008 [INFO] Deadtime for channel 2: 0 ps
2026-06-17 15:57:00,008 [INFO] Deadtime for channel 3: 0 ps
2026-06-17 15:57:00,009 [INFO] Deadtime for channel 4: 0 ps
2026-06-17 15:57:00,010 [INFO] Deadtime for channel 5: 0 ps
2026-06-17 15:57:00,011 [INFO] Deadtime for channel 6: 0 ps
2026-06-17 15:57:00,011 [INFO] Delays on channels enabled.
2026-06-17 15:57:00,013 [INFO] Delay for channel 1: requested=0 ps, actual=0 ps
2026-06-17 15:57:00,013 [INFO] Delay for channel 2: requested=-1000 ps, actual=-1000 ps
2026-06-17 15:57:00,015 [INFO] Delay for channel 3: requested=20000 ps, actual=20000 ps
2026-06-17 15:57:00,016 [INFO] Delay for channel 4: requested=16500 ps, actual=16500 ps
2026-06-17 15:57:00,017 [INFO] Delay for channel 5: requested=17800 ps, actual=17800 ps
2026-06-17 15:57:00,018 [INFO] Delay for channel 6: requested=17300 ps, actual=17300 ps
2026-06-17 15:57:00,019 [INFO] Executing synchronized correlation measurement.
2026-06-17 15:57:00,020 [INFO] Delays on channels enabled.
2026-06-17 15:57:00,021 [INFO] Delay for channel 1: requested=0 ps, actual=0 ps.
2026-06-17 15:57:00,021 [INFO] Delay for channel 2: requested=-1000 ps, actual=-1000 ps.
2026-06-17 15:57:00,022 [INFO] Delay for channel 3: requested=20000 ps, actual=20000 ps.
2026-06-17 15:57:00,023 [INFO] Delay for channel 4: requested=16500 ps, actual=16500 ps.
2026-06-17 15:57:00,024 [INFO] Delay for channel 5: requested=17800 ps, actual=17800 ps.
2026-06-17 15:57:00,025 [INFO] Delay for channel 6: requested=17300 ps, actual=17300 ps.
2026-06-17 15:57:00,025 [INFO] Initializing measurement with virtual mode channels for ALL heralding permutations.
2026-06-17 15:57:00,026 [INFO] Automatically generated modes from input: {'H3': [1, 2], 'H4': [3, 4], 'H5': [5, 6]}
2026-06-17 15:57:00,027 [INFO] Setting up virtual channels...
2026-06-17 15:57:00,028 [INFO] Initializing physical channel correlation histograms...
2026-06-17 15:57:00,028 [INFO]   Physical correlation: ch1 <-> ch2
2026-06-17 15:57:00,029 [INFO]   Physical correlation: ch1 <-> ch3
2026-06-17 15:57:00,030 [INFO]   Physical correlation: ch1 <-> ch4
2026-06-17 15:57:00,030 [INFO]   Physical correlation: ch1 <-> ch5
2026-06-17 15:57:00,031 [INFO]   Physical correlation: ch1 <-> ch6
2026-06-17 15:57:00,032 [INFO]   Physical correlation: ch2 <-> ch3
2026-06-17 15:57:00,033 [INFO]   Physical correlation: ch2 <-> ch4
2026-06-17 15:57:00,033 [INFO]   Physical correlation: ch2 <-> ch5
2026-06-17 15:57:00,034 [INFO]   Physical correlation: ch2 <-> ch6
2026-06-17 15:57:00,035 [INFO]   Physical correlation: ch3 <-> ch4
2026-06-17 15:57:00,036 [INFO]   Physical correlation: ch3 <-> ch5
2026-06-17 15:57:00,036 [INFO]   Physical correlation: ch3 <-> ch6
2026-06-17 15:57:00,037 [INFO]   Physical correlation: ch4 <-> ch5
2026-06-17 15:57:00,038 [INFO]   Physical correlation: ch4 <-> ch6
2026-06-17 15:57:00,038 [INFO]   Physical correlation: ch5 <-> ch6
2026-06-17 15:57:00,039 [INFO] Initializing virtual mode correlation histograms...
2026-06-17 15:57:00,040 [INFO]   Within-mode (H3): ch1 <-> ch2
2026-06-17 15:57:00,040 [INFO]   Cross-mode: H3 <-> H4
2026-06-17 15:57:00,041 [INFO]   Cross-mode: H3 <-> H5
2026-06-17 15:57:00,042 [INFO]   Within-mode (H4): ch3 <-> ch4
2026-06-17 15:57:00,043 [INFO]   Cross-mode: H4 <-> H5
2026-06-17 15:57:00,044 [INFO]   Within-mode (H5): ch5 <-> ch6
2026-06-17 15:57:00,046 [INFO] Measurement starting for 1.000min / 0.017h
2026-06-17 15:58:00,233 [INFO] Measurements finished.
2026-06-17 15:58:00,233 [INFO] Collecting measurement data...
2026-06-17 15:58:00,234 [INFO] Collecting physical correlation data for (1,2)
2026-06-17 15:58:00,236 [INFO] Collecting physical correlation data for (1,3)
2026-06-17 15:58:00,238 [INFO] Collecting physical correlation data for (1,4)
2026-06-17 15:58:00,240 [INFO] Collecting physical correlation data for (1,5)
2026-06-17 15:58:00,242 [INFO] Collecting physical correlation data for (1,6)
2026-06-17 15:58:00,245 [INFO] Collecting physical correlation data for (2,3)
2026-06-17 15:58:00,247 [INFO] Collecting physical correlation data for (2,4)
2026-06-17 15:58:00,249 [INFO] Collecting physical correlation data for (2,5)
2026-06-17 15:58:00,251 [INFO] Collecting physical correlation data for (2,6)
2026-06-17 15:58:00,253 [INFO] Collecting physical correlation data for (3,4)
2026-06-17 15:58:00,256 [INFO] Collecting physical correlation data for (3,5)
2026-06-17 15:58:00,258 [INFO] Collecting physical correlation data for (3,6)
2026-06-17 15:58:00,260 [INFO] Collecting physical correlation data for (4,5)
2026-06-17 15:58:00,262 [INFO] Collecting physical correlation data for (4,6)
2026-06-17 15:58:00,265 [INFO] Collecting physical correlation data for (5,6)
2026-06-17 15:58:00,267 [INFO] Collecting virtual correlation data for (H3,H3)
2026-06-17 15:58:00,270 [INFO] Collecting virtual correlation data for (H3,H4)
2026-06-17 15:58:00,272 [INFO] Collecting virtual correlation data for (H3,H5)
2026-06-17 15:58:00,275 [INFO] Collecting virtual correlation data for (H4,H4)
2026-06-17 15:58:00,277 [INFO] Collecting virtual correlation data for (H4,H5)
2026-06-17 15:58:00,279 [INFO] Collecting virtual correlation data for (H5,H5)
2026-06-17 15:58:00,300 [INFO] Starting writing data to file.
2026-06-17 15:58:00,385 [INFO] Saved data.
2026-06-17 15:58:00,495 [INFO] Merging 1 chunks into running total...
2026-06-17 15:58:00,678 [INFO] ============================================================
2026-06-17 15:58:00,678 [INFO] STATUS REPORT | Duration: 2.00 min (0.033 h)
2026-06-17 15:58:00,679 [INFO] ============================================================
2026-06-17 15:58:00,680 [INFO] COUNTRATES (Physical):
2026-06-17 15:58:00,681 [INFO]   Ch 1: 181.3 kHz (total: 21,755,609)
2026-06-17 15:58:00,681 [INFO]   Ch 2: 195.7 kHz (total: 23,483,339)
2026-06-17 15:58:00,682 [INFO]   Ch 3: 0.0 kHz (total: 0)
2026-06-17 15:58:00,683 [INFO]   Ch 4: 0.0 kHz (total: 0)
2026-06-17 15:58:00,683 [INFO]   Ch 5: 241.6 kHz (total: 28,989,420)
2026-06-17 15:58:00,684 [INFO]   Ch 6: 242.8 kHz (total: 29,135,226)
2026-06-17 15:58:00,685 [INFO] COUNTRATES (Virtual):
2026-06-17 15:58:00,685 [INFO]   H3: 377.0 kHz (total: 45,238,948)
2026-06-17 15:58:00,686 [INFO]   H4: 0.0 kHz (total: 0)
2026-06-17 15:58:00,687 [INFO]   H5: 484.4 kHz (total: 58,124,646)
2026-06-17 15:58:00,687 [INFO] ------------------------------------------------------------
2026-06-17 15:58:00,688 [INFO] COINCIDENCES (threshold: 50000)
2026-06-17 15:58:00,688 [INFO] ------------------------------------------------------------
2026-06-17 15:58:00,689 [INFO] Twofold (physical) (Reached Threshold):
2026-06-17 15:58:00,689 [INFO]   (1,2): 312,939 Y
2026-06-17 15:58:00,691 [INFO]   (1,3): 0 X
2026-06-17 15:58:00,691 [INFO]   (1,4): 0 X
2026-06-17 15:58:00,692 [INFO]   (1,5): 330,338 Y
2026-06-17 15:58:00,692 [INFO]   (1,6): 335,491 Y
2026-06-17 15:58:00,693 [INFO]   (2,3): 0 X
2026-06-17 15:58:00,694 [INFO]   (2,4): 0 X
2026-06-17 15:58:00,694 [INFO]   (2,5): 351,513 Y
2026-06-17 15:58:00,695 [INFO]   (2,6): 356,312 Y
2026-06-17 15:58:00,695 [INFO]   (3,4): 0 X
2026-06-17 15:58:00,696 [INFO]   (3,5): 0 X
2026-06-17 15:58:00,697 [INFO]   (3,6): 0 X
2026-06-17 15:58:00,697 [INFO]   (4,5): 0 X
2026-06-17 15:58:00,698 [INFO]   (4,6): 0 X
2026-06-17 15:58:00,698 [INFO]   (5,6): 408,889 Y
2026-06-17 15:58:00,699 [INFO] ============================================================
2026-06-17 15:58:00,700 [INFO] >>> 9 combination(s) below threshold <<<
2026-06-17 15:58:00,700 [INFO] ============================================================
2026-06-17 15:58:00,783 [INFO] Updated merged data: C:\Users\QUANTUM\OneDrive - ENSTA\!Working files\HBT\HBT Data\Tests_Jun\2026-06-17_15-55-32_g2_heralded_virtual\MERGED\15-55-32_2026-06-17_40mW_num0_MERGED.pkl
2026-06-17 15:58:00,866 [INFO] Final merged data saved to: C:\Users\QUANTUM\OneDrive - ENSTA\!Working files\HBT\HBT Data\Tests_Jun\2026-06-17_15-55-32_g2_heralded_virtual\MERGED\15-55-32_2026-06-17_40mW_num0_MERGED.pkl
2026-06-17 15:58:00,868 [INFO] Total merged duration: 2.00 min
2026-06-17 15:58:00,868 [INFO] Measurement completed in 2.29 min
2026-06-17 15:58:00,869 [INFO] Running cleanup...
2026-06-17 15:58:00,871 [INFO] Rotation stage(s) disconnected cleanly.
2026-06-17 15:58:00,871 [INFO] Successful finish.
