2026-06-17 15:42:35,154 [INFO] Script start.
2026-06-17 15:42:35,162 [INFO] ====================GENERAL SETTINGS====================
2026-06-17 15:42:35,163 [INFO] {'date': '2026-06-17', 'time': '15-42-35', 'experiment_type': 'g2_heralded_virtual', 'save_dir': 'C:\\Users\\QUANTUM\\OneDrive - ENSTA\\!Working files\\HBT\\HBT Data\\Tests_Jun\\2026-06-17_15-42-35_g2_heralded_virtual', 'material': 'GaAs100_100um_noP1_700_10_cover_maxGain', 'laser': {'rep_rate_hz': 18880000.0, 'wavelength_nm': 2100}, 'timetagging': {'tt_mode': 'Standard', 'binwidth_ps': 100, 'num_bins': 50000, 'channels': [1, 2, 3, 4, 5, 6], 'mode_on_channel': ['H3T', 'H3R', 'H4T', 'H4R', 'H5T', 'H5R'], 'deadtime': [0, 0, 0, 0, 0, 0], 'delays': [0, -1000, 20000, 16500, 17800, 17300], 'coincidence_window': 25000, 'trigger': [], 'filter': []}, 'custom': {}}
2026-06-17 15:42:35,225 [INFO] Found 1 connected Time Tagger(s)
2026-06-17 15:42:39,600 [INFO] t:   1 s, Board temperature: 41.2 °C, FPGA temperature: 55.9 °C
2026-06-17 15:42:41,179 [INFO] t:   2 s, Board temperature: 41.2 °C, FPGA temperature: 56.3 °C
2026-06-17 15:42:42,751 [INFO] t:   3 s, Board temperature: 41.2 °C, FPGA temperature: 56.7 °C
2026-06-17 15:42:44,329 [INFO] t:   4 s, Board temperature: 41.2 °C, FPGA temperature: 56.9 °C
2026-06-17 15:42:45,894 [INFO] t:   5 s, Board temperature: 41.2 °C, FPGA temperature: 57.1 °C
2026-06-17 15:42:45,895 [INFO] The Time Tagger is warmed up.
2026-06-17 15:42:45,895 [INFO] Time Tagger initialized.
2026-06-17 15:42:45,896 [INFO] Stage Position: 19.5
2026-06-17 15:42:45,897 [INFO] Starting chunked acquisition (max 2 chunks / 2.0 min)
2026-06-17 15:42:45,898 [INFO] Chunk duration: 1 min
2026-06-17 15:42:45,899 [INFO] Threshold: 50000 counts, checking every 1 chunks
2026-06-17 15:42:45,939 [INFO] Found 0 connected Time Tagger(s)
2026-06-17 15:42:47,571 [INFO] t:   1 s, Board temperature: 41.3 °C, FPGA temperature: 57.1 °C
2026-06-17 15:42:49,148 [INFO] t:   2 s, Board temperature: 41.3 °C, FPGA temperature: 57.3 °C
2026-06-17 15:42:50,724 [INFO] t:   3 s, Board temperature: 41.2 °C, FPGA temperature: 57.4 °C
2026-06-17 15:42:52,281 [INFO] t:   4 s, Board temperature: 41.2 °C, FPGA temperature: 57.5 °C
2026-06-17 15:42:53,834 [INFO] t:   5 s, Board temperature: 41.2 °C, FPGA temperature: 57.5 °C
2026-06-17 15:42:53,835 [INFO] The Time Tagger is warmed up.
2026-06-17 15:42:53,835 [INFO] Time Tagger initialized.
2026-06-17 15:42:53,837 [INFO] Chunk 1/2 | Elapsed: 1.0 min
2026-06-17 15:42:53,837 [INFO] Initializing experiment on Time Tagger.
2026-06-17 15:42:53,838 [INFO] Deadtime for channel 1: 0 ps
2026-06-17 15:42:53,839 [INFO] Deadtime for channel 2: 0 ps
2026-06-17 15:42:53,839 [INFO] Deadtime for channel 3: 0 ps
2026-06-17 15:42:53,840 [INFO] Deadtime for channel 4: 0 ps
2026-06-17 15:42:53,841 [INFO] Deadtime for channel 5: 0 ps
2026-06-17 15:42:53,841 [INFO] Deadtime for channel 6: 0 ps
2026-06-17 15:42:53,842 [INFO] Delays on channels enabled.
2026-06-17 15:42:53,843 [INFO] Delay for channel 1: requested=0 ps, actual=0 ps
2026-06-17 15:42:53,843 [INFO] Delay for channel 2: requested=-1000 ps, actual=-1000 ps
2026-06-17 15:42:53,844 [INFO] Delay for channel 3: requested=20000 ps, actual=20000 ps
2026-06-17 15:42:53,844 [INFO] Delay for channel 4: requested=16500 ps, actual=16500 ps
2026-06-17 15:42:53,845 [INFO] Delay for channel 5: requested=17800 ps, actual=17800 ps
2026-06-17 15:42:53,846 [INFO] Delay for channel 6: requested=17300 ps, actual=17300 ps
2026-06-17 15:42:53,846 [INFO] Executing synchronized correlation measurement.
2026-06-17 15:42:53,847 [INFO] Delays on channels enabled.
2026-06-17 15:42:53,848 [INFO] Delay for channel 1: requested=0 ps, actual=0 ps.
2026-06-17 15:42:53,849 [INFO] Delay for channel 2: requested=-1000 ps, actual=-1000 ps.
2026-06-17 15:42:53,849 [INFO] Delay for channel 3: requested=20000 ps, actual=20000 ps.
2026-06-17 15:42:53,850 [INFO] Delay for channel 4: requested=16500 ps, actual=16500 ps.
2026-06-17 15:42:53,850 [INFO] Delay for channel 5: requested=17800 ps, actual=17800 ps.
2026-06-17 15:42:53,851 [INFO] Delay for channel 6: requested=17300 ps, actual=17300 ps.
2026-06-17 15:42:53,851 [INFO] Initializing measurement with virtual mode channels for ALL heralding permutations.
2026-06-17 15:42:53,852 [INFO] Automatically generated modes from input: {'H3': [1, 2], 'H4': [3, 4], 'H5': [5, 6]}
2026-06-17 15:42:53,853 [INFO] Setting up virtual channels...
2026-06-17 15:42:53,854 [INFO] Initializing physical channel correlation histograms...
2026-06-17 15:42:53,855 [INFO]   Physical correlation: ch1 <-> ch2
2026-06-17 15:42:53,855 [INFO]   Physical correlation: ch1 <-> ch3
2026-06-17 15:42:53,856 [INFO]   Physical correlation: ch1 <-> ch4
2026-06-17 15:42:53,857 [INFO]   Physical correlation: ch1 <-> ch5
2026-06-17 15:42:53,857 [INFO]   Physical correlation: ch1 <-> ch6
2026-06-17 15:42:53,858 [INFO]   Physical correlation: ch2 <-> ch3
2026-06-17 15:42:53,859 [INFO]   Physical correlation: ch2 <-> ch4
2026-06-17 15:42:53,859 [INFO]   Physical correlation: ch2 <-> ch5
2026-06-17 15:42:53,860 [INFO]   Physical correlation: ch2 <-> ch6
2026-06-17 15:42:53,861 [INFO]   Physical correlation: ch3 <-> ch4
2026-06-17 15:42:53,861 [INFO]   Physical correlation: ch3 <-> ch5
2026-06-17 15:42:53,862 [INFO]   Physical correlation: ch3 <-> ch6
2026-06-17 15:42:53,863 [INFO]   Physical correlation: ch4 <-> ch5
2026-06-17 15:42:53,863 [INFO]   Physical correlation: ch4 <-> ch6
2026-06-17 15:42:53,864 [INFO]   Physical correlation: ch5 <-> ch6
2026-06-17 15:42:53,865 [INFO] Initializing virtual mode correlation histograms...
2026-06-17 15:42:53,865 [INFO]   Within-mode (H3): ch1 <-> ch2
2026-06-17 15:42:53,866 [INFO]   Cross-mode: H3 <-> H4
2026-06-17 15:42:53,867 [INFO]   Cross-mode: H3 <-> H5
2026-06-17 15:42:53,867 [INFO]   Within-mode (H4): ch3 <-> ch4
2026-06-17 15:42:53,868 [INFO]   Cross-mode: H4 <-> H5
2026-06-17 15:42:53,869 [INFO]   Within-mode (H5): ch5 <-> ch6
2026-06-17 15:42:53,871 [INFO] Measurement starting for 1.000min / 0.017h
2026-06-17 15:43:54,016 [INFO] Measurements finished.
2026-06-17 15:43:54,017 [INFO] Collecting measurement data...
2026-06-17 15:43:54,017 [INFO] Collecting physical correlation data for (1,2)
2026-06-17 15:43:54,019 [INFO] Collecting physical correlation data for (1,3)
2026-06-17 15:43:54,021 [INFO] Collecting physical correlation data for (1,4)
2026-06-17 15:43:54,024 [INFO] Collecting physical correlation data for (1,5)
2026-06-17 15:43:54,026 [INFO] Collecting physical correlation data for (1,6)
2026-06-17 15:43:54,029 [INFO] Collecting physical correlation data for (2,3)
2026-06-17 15:43:54,031 [INFO] Collecting physical correlation data for (2,4)
2026-06-17 15:43:54,033 [INFO] Collecting physical correlation data for (2,5)
2026-06-17 15:43:54,036 [INFO] Collecting physical correlation data for (2,6)
2026-06-17 15:43:54,038 [INFO] Collecting physical correlation data for (3,4)
2026-06-17 15:43:54,040 [INFO] Collecting physical correlation data for (3,5)
2026-06-17 15:43:54,042 [INFO] Collecting physical correlation data for (3,6)
2026-06-17 15:43:54,044 [INFO] Collecting physical correlation data for (4,5)
2026-06-17 15:43:54,047 [INFO] Collecting physical correlation data for (4,6)
2026-06-17 15:43:54,050 [INFO] Collecting physical correlation data for (5,6)
2026-06-17 15:43:54,052 [INFO] Collecting virtual correlation data for (H3,H3)
2026-06-17 15:43:54,055 [INFO] Collecting virtual correlation data for (H3,H4)
2026-06-17 15:43:54,057 [INFO] Collecting virtual correlation data for (H3,H5)
2026-06-17 15:43:54,059 [INFO] Collecting virtual correlation data for (H4,H4)
2026-06-17 15:43:54,061 [INFO] Collecting virtual correlation data for (H4,H5)
2026-06-17 15:43:54,063 [INFO] Collecting virtual correlation data for (H5,H5)
2026-06-17 15:43:54,084 [INFO] Starting writing data to file.
2026-06-17 15:43:54,166 [INFO] Saved data.
2026-06-17 15:43:54,290 [INFO] Merging 1 chunks into running total...
2026-06-17 15:43:54,291 [INFO] ============================================================
2026-06-17 15:43:54,291 [INFO] STATUS REPORT | Duration: 1.00 min (0.017 h)
2026-06-17 15:43:54,293 [INFO] ============================================================
2026-06-17 15:43:54,293 [INFO] COUNTRATES (Physical):
2026-06-17 15:43:54,295 [INFO]   Ch 1: 325.7 kHz (total: 19,543,876)
2026-06-17 15:43:54,295 [INFO]   Ch 2: 341.2 kHz (total: 20,471,234)
2026-06-17 15:43:54,296 [INFO]   Ch 3: 0.0 kHz (total: 0)
2026-06-17 15:43:54,297 [INFO]   Ch 4: 0.0 kHz (total: 0)
2026-06-17 15:43:54,298 [INFO]   Ch 5: 335.6 kHz (total: 20,133,918)
2026-06-17 15:43:54,298 [INFO]   Ch 6: 343.7 kHz (total: 20,619,341)
2026-06-17 15:43:54,299 [INFO] COUNTRATES (Virtual):
2026-06-17 15:43:54,300 [INFO]   H3: 666.9 kHz (total: 40,015,110)
2026-06-17 15:43:54,301 [INFO]   H4: 0.0 kHz (total: 0)
2026-06-17 15:43:54,302 [INFO]   H5: 679.2 kHz (total: 40,753,259)
2026-06-17 15:43:54,302 [INFO] ------------------------------------------------------------
2026-06-17 15:43:54,303 [INFO] COINCIDENCES (threshold: 50000)
2026-06-17 15:43:54,303 [INFO] ------------------------------------------------------------
2026-06-17 15:43:54,304 [INFO] Twofold (physical) (Reached Threshold):
2026-06-17 15:43:54,305 [INFO]   (1,2): 711,170 Y
2026-06-17 15:43:54,306 [INFO]   (1,3): 0 X
2026-06-17 15:43:54,307 [INFO]   (1,4): 0 X
2026-06-17 15:43:54,308 [INFO]   (1,5): 631,647 Y
2026-06-17 15:43:54,308 [INFO]   (1,6): 648,266 Y
2026-06-17 15:43:54,309 [INFO]   (2,3): 0 X
2026-06-17 15:43:54,310 [INFO]   (2,4): 0 X
2026-06-17 15:43:54,310 [INFO]   (2,5): 642,627 Y
2026-06-17 15:43:54,311 [INFO]   (2,6): 657,359 Y
2026-06-17 15:43:54,312 [INFO]   (3,4): 0 X
2026-06-17 15:43:54,313 [INFO]   (3,5): 0 X
2026-06-17 15:43:54,314 [INFO]   (3,6): 0 X
2026-06-17 15:43:54,315 [INFO]   (4,5): 0 X
2026-06-17 15:43:54,315 [INFO]   (4,6): 0 X
2026-06-17 15:43:54,315 [INFO]   (5,6): 611,401 Y
2026-06-17 15:43:54,316 [INFO] ============================================================
2026-06-17 15:43:54,317 [INFO] >>> 9 combination(s) below threshold <<<
2026-06-17 15:43:54,317 [INFO] ============================================================
2026-06-17 15:43:54,396 [INFO] Updated merged data: C:\Users\QUANTUM\OneDrive - ENSTA\!Working files\HBT\HBT Data\Tests_Jun\2026-06-17_15-42-35_g2_heralded_virtual\MERGED\15-42-35_2026-06-17_40mW_num0_MERGED.pkl
2026-06-17 15:43:54,435 [INFO] Found 0 connected Time Tagger(s)
2026-06-17 15:43:56,056 [INFO] t:   1 s, Board temperature: 41.6 °C, FPGA temperature: 57.5 °C
2026-06-17 15:43:57,622 [INFO] t:   2 s, Board temperature: 41.7 °C, FPGA temperature: 57.5 °C
2026-06-17 15:43:59,188 [INFO] t:   3 s, Board temperature: 41.7 °C, FPGA temperature: 57.6 °C
2026-06-17 15:44:00,749 [INFO] t:   4 s, Board temperature: 41.7 °C, FPGA temperature: 57.6 °C
2026-06-17 15:44:02,314 [INFO] t:   5 s, Board temperature: 41.6 °C, FPGA temperature: 57.6 °C
2026-06-17 15:44:02,315 [INFO] The Time Tagger is warmed up.
2026-06-17 15:44:02,316 [INFO] Time Tagger initialized.
2026-06-17 15:44:02,317 [INFO] Chunk 2/2 | Elapsed: 2.0 min
2026-06-17 15:44:02,318 [INFO] Initializing experiment on Time Tagger.
2026-06-17 15:44:02,318 [INFO] Deadtime for channel 1: 0 ps
2026-06-17 15:44:02,319 [INFO] Deadtime for channel 2: 0 ps
2026-06-17 15:44:02,320 [INFO] Deadtime for channel 3: 0 ps
2026-06-17 15:44:02,321 [INFO] Deadtime for channel 4: 0 ps
2026-06-17 15:44:02,321 [INFO] Deadtime for channel 5: 0 ps
2026-06-17 15:44:02,322 [INFO] Deadtime for channel 6: 0 ps
2026-06-17 15:44:02,322 [INFO] Delays on channels enabled.
2026-06-17 15:44:02,323 [INFO] Delay for channel 1: requested=0 ps, actual=0 ps
2026-06-17 15:44:02,323 [INFO] Delay for channel 2: requested=-1000 ps, actual=-1000 ps
2026-06-17 15:44:02,324 [INFO] Delay for channel 3: requested=20000 ps, actual=20000 ps
2026-06-17 15:44:02,325 [INFO] Delay for channel 4: requested=16500 ps, actual=16500 ps
2026-06-17 15:44:02,325 [INFO] Delay for channel 5: requested=17800 ps, actual=17800 ps
2026-06-17 15:44:02,326 [INFO] Delay for channel 6: requested=17300 ps, actual=17300 ps
2026-06-17 15:44:02,326 [INFO] Executing synchronized correlation measurement.
2026-06-17 15:44:02,327 [INFO] Delays on channels enabled.
2026-06-17 15:44:02,328 [INFO] Delay for channel 1: requested=0 ps, actual=0 ps.
2026-06-17 15:44:02,328 [INFO] Delay for channel 2: requested=-1000 ps, actual=-1000 ps.
2026-06-17 15:44:02,329 [INFO] Delay for channel 3: requested=20000 ps, actual=20000 ps.
2026-06-17 15:44:02,330 [INFO] Delay for channel 4: requested=16500 ps, actual=16500 ps.
2026-06-17 15:44:02,330 [INFO] Delay for channel 5: requested=17800 ps, actual=17800 ps.
2026-06-17 15:44:02,331 [INFO] Delay for channel 6: requested=17300 ps, actual=17300 ps.
2026-06-17 15:44:02,332 [INFO] Initializing measurement with virtual mode channels for ALL heralding permutations.
2026-06-17 15:44:02,332 [INFO] Automatically generated modes from input: {'H3': [1, 2], 'H4': [3, 4], 'H5': [5, 6]}
2026-06-17 15:44:02,333 [INFO] Setting up virtual channels...
2026-06-17 15:44:02,334 [INFO] Initializing physical channel correlation histograms...
2026-06-17 15:44:02,335 [INFO]   Physical correlation: ch1 <-> ch2
2026-06-17 15:44:02,335 [INFO]   Physical correlation: ch1 <-> ch3
2026-06-17 15:44:02,336 [INFO]   Physical correlation: ch1 <-> ch4
2026-06-17 15:44:02,337 [INFO]   Physical correlation: ch1 <-> ch5
2026-06-17 15:44:02,337 [INFO]   Physical correlation: ch1 <-> ch6
2026-06-17 15:44:02,338 [INFO]   Physical correlation: ch2 <-> ch3
2026-06-17 15:44:02,339 [INFO]   Physical correlation: ch2 <-> ch4
2026-06-17 15:44:02,339 [INFO]   Physical correlation: ch2 <-> ch5
2026-06-17 15:44:02,340 [INFO]   Physical correlation: ch2 <-> ch6
2026-06-17 15:44:02,341 [INFO]   Physical correlation: ch3 <-> ch4
2026-06-17 15:44:02,341 [INFO]   Physical correlation: ch3 <-> ch5
2026-06-17 15:44:02,342 [INFO]   Physical correlation: ch3 <-> ch6
2026-06-17 15:44:02,343 [INFO]   Physical correlation: ch4 <-> ch5
2026-06-17 15:44:02,343 [INFO]   Physical correlation: ch4 <-> ch6
2026-06-17 15:44:02,344 [INFO]   Physical correlation: ch5 <-> ch6
2026-06-17 15:44:02,345 [INFO] Initializing virtual mode correlation histograms...
2026-06-17 15:44:02,346 [INFO]   Within-mode (H3): ch1 <-> ch2
2026-06-17 15:44:02,346 [INFO]   Cross-mode: H3 <-> H4
2026-06-17 15:44:02,347 [INFO]   Cross-mode: H3 <-> H5
2026-06-17 15:44:02,348 [INFO]   Within-mode (H4): ch3 <-> ch4
2026-06-17 15:44:02,348 [INFO]   Cross-mode: H4 <-> H5
2026-06-17 15:44:02,349 [INFO]   Within-mode (H5): ch5 <-> ch6
2026-06-17 15:44:02,351 [INFO] Measurement starting for 1.000min / 0.017h
2026-06-17 15:45:02,490 [INFO] Measurements finished.
2026-06-17 15:45:02,491 [INFO] Collecting measurement data...
2026-06-17 15:45:02,491 [INFO] Collecting physical correlation data for (1,2)
2026-06-17 15:45:02,494 [INFO] Collecting physical correlation data for (1,3)
2026-06-17 15:45:02,496 [INFO] Collecting physical correlation data for (1,4)
2026-06-17 15:45:02,498 [INFO] Collecting physical correlation data for (1,5)
2026-06-17 15:45:02,500 [INFO] Collecting physical correlation data for (1,6)
2026-06-17 15:45:02,502 [INFO] Collecting physical correlation data for (2,3)
2026-06-17 15:45:02,505 [INFO] Collecting physical correlation data for (2,4)
2026-06-17 15:45:02,507 [INFO] Collecting physical correlation data for (2,5)
2026-06-17 15:45:02,510 [INFO] Collecting physical correlation data for (2,6)
2026-06-17 15:45:02,512 [INFO] Collecting physical correlation data for (3,4)
2026-06-17 15:45:02,514 [INFO] Collecting physical correlation data for (3,5)
2026-06-17 15:45:02,516 [INFO] Collecting physical correlation data for (3,6)
2026-06-17 15:45:02,518 [INFO] Collecting physical correlation data for (4,5)
2026-06-17 15:45:02,521 [INFO] Collecting physical correlation data for (4,6)
2026-06-17 15:45:02,523 [INFO] Collecting physical correlation data for (5,6)
2026-06-17 15:45:02,526 [INFO] Collecting virtual correlation data for (H3,H3)
2026-06-17 15:45:02,529 [INFO] Collecting virtual correlation data for (H3,H4)
2026-06-17 15:45:02,531 [INFO] Collecting virtual correlation data for (H3,H5)
2026-06-17 15:45:02,533 [INFO] Collecting virtual correlation data for (H4,H4)
2026-06-17 15:45:02,536 [INFO] Collecting virtual correlation data for (H4,H5)
2026-06-17 15:45:02,538 [INFO] Collecting virtual correlation data for (H5,H5)
2026-06-17 15:45:02,560 [INFO] Starting writing data to file.
2026-06-17 15:45:02,642 [INFO] Saved data.
2026-06-17 15:45:02,742 [INFO] Merging 1 chunks into running total...
2026-06-17 15:45:02,912 [INFO] ============================================================
2026-06-17 15:45:02,913 [INFO] STATUS REPORT | Duration: 2.00 min (0.033 h)
2026-06-17 15:45:02,914 [INFO] ============================================================
2026-06-17 15:45:02,915 [INFO] COUNTRATES (Physical):
2026-06-17 15:45:02,915 [INFO]   Ch 1: 327.0 kHz (total: 39,240,290)
2026-06-17 15:45:02,916 [INFO]   Ch 2: 342.5 kHz (total: 41,095,952)
2026-06-17 15:45:02,916 [INFO]   Ch 3: 0.0 kHz (total: 0)
2026-06-17 15:45:02,917 [INFO]   Ch 4: 0.0 kHz (total: 0)
2026-06-17 15:45:02,918 [INFO]   Ch 5: 336.7 kHz (total: 40,403,981)
2026-06-17 15:45:02,919 [INFO]   Ch 6: 344.9 kHz (total: 41,390,177)
2026-06-17 15:45:02,919 [INFO] COUNTRATES (Virtual):
2026-06-17 15:45:02,920 [INFO]   H3: 669.5 kHz (total: 80,336,242)
2026-06-17 15:45:02,920 [INFO]   H4: 0.0 kHz (total: 0)
2026-06-17 15:45:02,921 [INFO]   H5: 681.6 kHz (total: 81,794,158)
2026-06-17 15:45:02,922 [INFO] ------------------------------------------------------------
2026-06-17 15:45:02,922 [INFO] COINCIDENCES (threshold: 50000)
2026-06-17 15:45:02,923 [INFO] ------------------------------------------------------------
2026-06-17 15:45:02,923 [INFO] Twofold (physical) (Reached Threshold):
2026-06-17 15:45:02,924 [INFO]   (1,2): 1,429,269 Y
2026-06-17 15:45:02,925 [INFO]   (1,3): 0 X
2026-06-17 15:45:02,925 [INFO]   (1,4): 0 X
2026-06-17 15:45:02,926 [INFO]   (1,5): 1,270,654 Y
2026-06-17 15:45:02,926 [INFO]   (1,6): 1,304,921 Y
2026-06-17 15:45:02,927 [INFO]   (2,3): 0 X
2026-06-17 15:45:02,928 [INFO]   (2,4): 0 X
2026-06-17 15:45:02,928 [INFO]   (2,5): 1,290,094 Y
2026-06-17 15:45:02,929 [INFO]   (2,6): 1,321,834 Y
2026-06-17 15:45:02,929 [INFO]   (3,4): 0 X
2026-06-17 15:45:02,930 [INFO]   (3,5): 0 X
2026-06-17 15:45:02,931 [INFO]   (3,6): 0 X
2026-06-17 15:45:02,931 [INFO]   (4,5): 0 X
2026-06-17 15:45:02,932 [INFO]   (4,6): 0 X
2026-06-17 15:45:02,932 [INFO]   (5,6): 1,228,478 Y
2026-06-17 15:45:02,933 [INFO] ============================================================
2026-06-17 15:45:02,934 [INFO] >>> 9 combination(s) below threshold <<<
2026-06-17 15:45:02,934 [INFO] ============================================================
2026-06-17 15:45:03,017 [INFO] Updated merged data: C:\Users\QUANTUM\OneDrive - ENSTA\!Working files\HBT\HBT Data\Tests_Jun\2026-06-17_15-42-35_g2_heralded_virtual\MERGED\15-42-35_2026-06-17_40mW_num0_MERGED.pkl
2026-06-17 15:45:03,099 [INFO] Final merged data saved to: C:\Users\QUANTUM\OneDrive - ENSTA\!Working files\HBT\HBT Data\Tests_Jun\2026-06-17_15-42-35_g2_heralded_virtual\MERGED\15-42-35_2026-06-17_40mW_num0_MERGED.pkl
2026-06-17 15:45:03,100 [INFO] Total merged duration: 2.00 min
2026-06-17 15:45:03,100 [INFO] Measurement completed in 2.29 min
2026-06-17 15:45:03,101 [INFO] Running cleanup...
2026-06-17 15:45:03,102 [INFO] Rotation stage(s) disconnected cleanly.
2026-06-17 15:45:03,103 [INFO] Successful finish.
