2026-06-18 12:58:46,226 [INFO] Script start.
2026-06-18 12:58:46,233 [INFO] ====================GENERAL SETTINGS====================
2026-06-18 12:58:46,235 [INFO] {'date': '2026-06-18', 'time': '12-58-46', 'experiment_type': 'g2_heralded_virtual', 'save_dir': 'C:\\Users\\QUANTUM\\OneDrive - ENSTA\\!Working files\\HBT\\HBT Data\\Tests_Jun\\18_RMS\\2026-06-18_12-58-46_g2_heralded_virtual', 'material': 'GaAs100_100um_P1_P3_700-40_425-25_RMS_317_359', 'laser': {'rep_rate_hz': 18660000.0, 'wavelength_nm': 2100}, 'timetagging': {'tt_mode': 'Standard', 'binwidth_ps': 100, 'num_bins': 50000, 'channels': [1, 2, 3, 4, 5, 6], 'mode_on_channel': ['H3T', 'H3R', 'H4T', 'H4R', 'H5T', 'H5R'], 'deadtime': [0, 0, 0, 0, 0, 0], 'delays': [0, -1000, 20000, 16500, 17800, 17300], 'coincidence_window': 25000, 'trigger': [], 'filter': []}, 'custom': {}}
2026-06-18 12:58:46,282 [INFO] Found 0 connected Time Tagger(s)
2026-06-18 12:58:47,908 [INFO] t:   1 s, Board temperature: 41.6 °C, FPGA temperature: 57.6 °C
2026-06-18 12:58:49,479 [INFO] t:   2 s, Board temperature: 41.6 °C, FPGA temperature: 57.6 °C
2026-06-18 12:58:51,041 [INFO] t:   3 s, Board temperature: 41.6 °C, FPGA temperature: 57.6 °C
2026-06-18 12:58:52,599 [INFO] t:   4 s, Board temperature: 41.6 °C, FPGA temperature: 57.8 °C
2026-06-18 12:58:54,161 [INFO] t:   5 s, Board temperature: 41.6 °C, FPGA temperature: 57.6 °C
2026-06-18 12:58:54,162 [INFO] The Time Tagger is warmed up.
2026-06-18 12:58:54,163 [INFO] Time Tagger initialized.
2026-06-18 12:58:54,164 [INFO] Stage Position: 359.0
2026-06-18 12:58:54,164 [INFO] Starting chunked acquisition (max 2 chunks / 2.0 min)
2026-06-18 12:58:54,165 [INFO] Chunk duration: 1 min
2026-06-18 12:58:54,166 [INFO] Threshold: 50000 counts, checking every 2 chunks
2026-06-18 12:58:54,206 [INFO] Found 0 connected Time Tagger(s)
2026-06-18 12:58:55,915 [INFO] t:   1 s, Board temperature: 41.7 °C, FPGA temperature: 57.4 °C
2026-06-18 12:58:57,476 [INFO] t:   2 s, Board temperature: 41.8 °C, FPGA temperature: 57.7 °C
2026-06-18 12:58:59,042 [INFO] t:   3 s, Board temperature: 41.8 °C, FPGA temperature: 57.6 °C
2026-06-18 12:59:00,592 [INFO] t:   4 s, Board temperature: 41.8 °C, FPGA temperature: 57.7 °C
2026-06-18 12:59:02,164 [INFO] t:   5 s, Board temperature: 41.6 °C, FPGA temperature: 57.6 °C
2026-06-18 12:59:02,165 [INFO] The Time Tagger is warmed up.
2026-06-18 12:59:02,166 [INFO] Time Tagger initialized.
2026-06-18 12:59:02,167 [INFO] Chunk 1/2 | Elapsed: 1.0 min
2026-06-18 12:59:02,168 [INFO] Initializing experiment on Time Tagger.
2026-06-18 12:59:02,169 [INFO] Deadtime for channel 1: 0 ps
2026-06-18 12:59:02,169 [INFO] Deadtime for channel 2: 0 ps
2026-06-18 12:59:02,170 [INFO] Deadtime for channel 3: 0 ps
2026-06-18 12:59:02,171 [INFO] Deadtime for channel 4: 0 ps
2026-06-18 12:59:02,172 [INFO] Deadtime for channel 5: 0 ps
2026-06-18 12:59:02,172 [INFO] Deadtime for channel 6: 0 ps
2026-06-18 12:59:02,173 [INFO] Delays on channels enabled.
2026-06-18 12:59:02,174 [INFO] Delay for channel 1: requested=0 ps, actual=0 ps
2026-06-18 12:59:02,175 [INFO] Delay for channel 2: requested=-1000 ps, actual=-1000 ps
2026-06-18 12:59:02,175 [INFO] Delay for channel 3: requested=20000 ps, actual=20000 ps
2026-06-18 12:59:02,176 [INFO] Delay for channel 4: requested=16500 ps, actual=16500 ps
2026-06-18 12:59:02,177 [INFO] Delay for channel 5: requested=17800 ps, actual=17800 ps
2026-06-18 12:59:02,177 [INFO] Delay for channel 6: requested=17300 ps, actual=17300 ps
2026-06-18 12:59:02,178 [INFO] Executing synchronized correlation measurement.
2026-06-18 12:59:02,179 [INFO] Delays on channels enabled.
2026-06-18 12:59:02,179 [INFO] Delay for channel 1: requested=0 ps, actual=0 ps.
2026-06-18 12:59:02,180 [INFO] Delay for channel 2: requested=-1000 ps, actual=-1000 ps.
2026-06-18 12:59:02,181 [INFO] Delay for channel 3: requested=20000 ps, actual=20000 ps.
2026-06-18 12:59:02,181 [INFO] Delay for channel 4: requested=16500 ps, actual=16500 ps.
2026-06-18 12:59:02,182 [INFO] Delay for channel 5: requested=17800 ps, actual=17800 ps.
2026-06-18 12:59:02,183 [INFO] Delay for channel 6: requested=17300 ps, actual=17300 ps.
2026-06-18 12:59:02,183 [INFO] Initializing measurement with virtual mode channels for ALL heralding permutations.
2026-06-18 12:59:02,184 [INFO] Automatically generated modes from input: {'H3': [1, 2], 'H4': [3, 4], 'H5': [5, 6]}
2026-06-18 12:59:02,185 [INFO] Setting up virtual channels...
2026-06-18 12:59:02,186 [INFO] Initializing physical channel correlation histograms...
2026-06-18 12:59:02,187 [INFO]   Physical correlation: ch1 <-> ch2
2026-06-18 12:59:02,188 [INFO]   Physical correlation: ch1 <-> ch3
2026-06-18 12:59:02,188 [INFO]   Physical correlation: ch1 <-> ch4
2026-06-18 12:59:02,189 [INFO]   Physical correlation: ch1 <-> ch5
2026-06-18 12:59:02,190 [INFO]   Physical correlation: ch1 <-> ch6
2026-06-18 12:59:02,191 [INFO]   Physical correlation: ch2 <-> ch3
2026-06-18 12:59:02,192 [INFO]   Physical correlation: ch2 <-> ch4
2026-06-18 12:59:02,192 [INFO]   Physical correlation: ch2 <-> ch5
2026-06-18 12:59:02,193 [INFO]   Physical correlation: ch2 <-> ch6
2026-06-18 12:59:02,194 [INFO]   Physical correlation: ch3 <-> ch4
2026-06-18 12:59:02,195 [INFO]   Physical correlation: ch3 <-> ch5
2026-06-18 12:59:02,195 [INFO]   Physical correlation: ch3 <-> ch6
2026-06-18 12:59:02,196 [INFO]   Physical correlation: ch4 <-> ch5
2026-06-18 12:59:02,197 [INFO]   Physical correlation: ch4 <-> ch6
2026-06-18 12:59:02,198 [INFO]   Physical correlation: ch5 <-> ch6
2026-06-18 12:59:02,199 [INFO] Initializing virtual mode correlation histograms...
2026-06-18 12:59:02,199 [INFO]   Within-mode (H3): ch1 <-> ch2
2026-06-18 12:59:02,200 [INFO]   Cross-mode: H3 <-> H4
2026-06-18 12:59:02,201 [INFO]   Cross-mode: H3 <-> H5
2026-06-18 12:59:02,202 [INFO]   Within-mode (H4): ch3 <-> ch4
2026-06-18 12:59:02,203 [INFO]   Cross-mode: H4 <-> H5
2026-06-18 12:59:02,204 [INFO]   Within-mode (H5): ch5 <-> ch6
2026-06-18 12:59:02,206 [INFO] Measurement starting for 1.000min / 0.017h
2026-06-18 13:00:02,380 [INFO] Measurements finished.
2026-06-18 13:00:02,381 [INFO] Collecting measurement data...
2026-06-18 13:00:02,383 [INFO] Collecting physical correlation data for (1,2)
2026-06-18 13:00:02,385 [INFO] Collecting physical correlation data for (1,3)
2026-06-18 13:00:02,387 [INFO] Collecting physical correlation data for (1,4)
2026-06-18 13:00:02,390 [INFO] Collecting physical correlation data for (1,5)
2026-06-18 13:00:02,392 [INFO] Collecting physical correlation data for (1,6)
2026-06-18 13:00:02,395 [INFO] Collecting physical correlation data for (2,3)
2026-06-18 13:00:02,397 [INFO] Collecting physical correlation data for (2,4)
2026-06-18 13:00:02,399 [INFO] Collecting physical correlation data for (2,5)
2026-06-18 13:00:02,401 [INFO] Collecting physical correlation data for (2,6)
2026-06-18 13:00:02,404 [INFO] Collecting physical correlation data for (3,4)
2026-06-18 13:00:02,406 [INFO] Collecting physical correlation data for (3,5)
2026-06-18 13:00:02,407 [INFO] Collecting physical correlation data for (3,6)
2026-06-18 13:00:02,409 [INFO] Collecting physical correlation data for (4,5)
2026-06-18 13:00:02,411 [INFO] Collecting physical correlation data for (4,6)
2026-06-18 13:00:02,414 [INFO] Collecting physical correlation data for (5,6)
2026-06-18 13:00:02,416 [INFO] Collecting virtual correlation data for (H3,H3)
2026-06-18 13:00:02,418 [INFO] Collecting virtual correlation data for (H3,H4)
2026-06-18 13:00:02,420 [INFO] Collecting virtual correlation data for (H3,H5)
2026-06-18 13:00:02,422 [INFO] Collecting virtual correlation data for (H4,H4)
2026-06-18 13:00:02,425 [INFO] Collecting virtual correlation data for (H4,H5)
2026-06-18 13:00:02,427 [INFO] Collecting virtual correlation data for (H5,H5)
2026-06-18 13:00:02,449 [INFO] Starting writing data to file.
2026-06-18 13:00:02,541 [INFO] Saved data.
2026-06-18 13:00:02,681 [INFO] Found 0 connected Time Tagger(s)
2026-06-18 13:00:04,273 [INFO] t:   1 s, Board temperature: 41.8 °C, FPGA temperature: 57.6 °C
2026-06-18 13:00:05,826 [INFO] t:   2 s, Board temperature: 41.7 °C, FPGA temperature: 57.5 °C
2026-06-18 13:00:07,373 [INFO] t:   3 s, Board temperature: 41.6 °C, FPGA temperature: 57.6 °C
2026-06-18 13:00:08,939 [INFO] t:   4 s, Board temperature: 41.7 °C, FPGA temperature: 57.6 °C
2026-06-18 13:00:10,506 [INFO] t:   5 s, Board temperature: 41.5 °C, FPGA temperature: 57.5 °C
2026-06-18 13:00:10,506 [INFO] The Time Tagger is warmed up.
2026-06-18 13:00:10,507 [INFO] Time Tagger initialized.
2026-06-18 13:00:10,509 [INFO] Chunk 2/2 | Elapsed: 2.0 min
2026-06-18 13:00:10,509 [INFO] Initializing experiment on Time Tagger.
2026-06-18 13:00:10,510 [INFO] Deadtime for channel 1: 0 ps
2026-06-18 13:00:10,511 [INFO] Deadtime for channel 2: 0 ps
2026-06-18 13:00:10,512 [INFO] Deadtime for channel 3: 0 ps
2026-06-18 13:00:10,513 [INFO] Deadtime for channel 4: 0 ps
2026-06-18 13:00:10,513 [INFO] Deadtime for channel 5: 0 ps
2026-06-18 13:00:10,515 [INFO] Deadtime for channel 6: 0 ps
2026-06-18 13:00:10,516 [INFO] Delays on channels enabled.
2026-06-18 13:00:10,517 [INFO] Delay for channel 1: requested=0 ps, actual=0 ps
2026-06-18 13:00:10,517 [INFO] Delay for channel 2: requested=-1000 ps, actual=-1000 ps
2026-06-18 13:00:10,518 [INFO] Delay for channel 3: requested=20000 ps, actual=20000 ps
2026-06-18 13:00:10,519 [INFO] Delay for channel 4: requested=16500 ps, actual=16500 ps
2026-06-18 13:00:10,520 [INFO] Delay for channel 5: requested=17800 ps, actual=17800 ps
2026-06-18 13:00:10,521 [INFO] Delay for channel 6: requested=17300 ps, actual=17300 ps
2026-06-18 13:00:10,521 [INFO] Executing synchronized correlation measurement.
2026-06-18 13:00:10,522 [INFO] Delays on channels enabled.
2026-06-18 13:00:10,523 [INFO] Delay for channel 1: requested=0 ps, actual=0 ps.
2026-06-18 13:00:10,524 [INFO] Delay for channel 2: requested=-1000 ps, actual=-1000 ps.
2026-06-18 13:00:10,524 [INFO] Delay for channel 3: requested=20000 ps, actual=20000 ps.
2026-06-18 13:00:10,525 [INFO] Delay for channel 4: requested=16500 ps, actual=16500 ps.
2026-06-18 13:00:10,526 [INFO] Delay for channel 5: requested=17800 ps, actual=17800 ps.
2026-06-18 13:00:10,527 [INFO] Delay for channel 6: requested=17300 ps, actual=17300 ps.
2026-06-18 13:00:10,528 [INFO] Initializing measurement with virtual mode channels for ALL heralding permutations.
2026-06-18 13:00:10,529 [INFO] Automatically generated modes from input: {'H3': [1, 2], 'H4': [3, 4], 'H5': [5, 6]}
2026-06-18 13:00:10,530 [INFO] Setting up virtual channels...
2026-06-18 13:00:10,531 [INFO] Initializing physical channel correlation histograms...
2026-06-18 13:00:10,532 [INFO]   Physical correlation: ch1 <-> ch2
2026-06-18 13:00:10,533 [INFO]   Physical correlation: ch1 <-> ch3
2026-06-18 13:00:10,534 [INFO]   Physical correlation: ch1 <-> ch4
2026-06-18 13:00:10,535 [INFO]   Physical correlation: ch1 <-> ch5
2026-06-18 13:00:10,536 [INFO]   Physical correlation: ch1 <-> ch6
2026-06-18 13:00:10,537 [INFO]   Physical correlation: ch2 <-> ch3
2026-06-18 13:00:10,538 [INFO]   Physical correlation: ch2 <-> ch4
2026-06-18 13:00:10,539 [INFO]   Physical correlation: ch2 <-> ch5
2026-06-18 13:00:10,540 [INFO]   Physical correlation: ch2 <-> ch6
2026-06-18 13:00:10,541 [INFO]   Physical correlation: ch3 <-> ch4
2026-06-18 13:00:10,542 [INFO]   Physical correlation: ch3 <-> ch5
2026-06-18 13:00:10,543 [INFO]   Physical correlation: ch3 <-> ch6
2026-06-18 13:00:10,544 [INFO]   Physical correlation: ch4 <-> ch5
2026-06-18 13:00:10,545 [INFO]   Physical correlation: ch4 <-> ch6
2026-06-18 13:00:10,546 [INFO]   Physical correlation: ch5 <-> ch6
2026-06-18 13:00:10,547 [INFO] Initializing virtual mode correlation histograms...
2026-06-18 13:00:10,548 [INFO]   Within-mode (H3): ch1 <-> ch2
2026-06-18 13:00:10,550 [INFO]   Cross-mode: H3 <-> H4
2026-06-18 13:00:10,550 [INFO]   Cross-mode: H3 <-> H5
2026-06-18 13:00:10,551 [INFO]   Within-mode (H4): ch3 <-> ch4
2026-06-18 13:00:10,552 [INFO]   Cross-mode: H4 <-> H5
2026-06-18 13:00:10,554 [INFO]   Within-mode (H5): ch5 <-> ch6
2026-06-18 13:00:10,555 [INFO] Measurement starting for 1.000min / 0.017h
