2026-06-18 13:05:56,207 [INFO] Script start.
2026-06-18 13:05:56,213 [INFO] ====================GENERAL SETTINGS====================
2026-06-18 13:05:56,214 [INFO] {'date': '2026-06-18', 'time': '13-05-56', 'experiment_type': 'g2_heralded_virtual', 'save_dir': 'C:\\Users\\QUANTUM\\OneDrive - ENSTA\\!Working files\\HBT\\HBT Data\\Tests_Jun\\18_RMS\\2026-06-18_13-05-56_g2_heralded_virtual', 'material': 'GaAs100_100um_P1_P3_700-40_425-25_RMS_337_335', 'laser': {'rep_rate_hz': 18660000.0, 'wavelength_nm': 2100}, 'timetagging': {'tt_mode': 'Standard', 'binwidth_ps': 100, 'num_bins': 50000, 'channels': [1, 2, 3, 4, 5, 6], 'mode_on_channel': ['H3T', 'H3R', 'H4T', 'H4R', 'H5T', 'H5R'], 'deadtime': [0, 0, 0, 0, 0, 0], 'delays': [0, -1000, 20000, 16500, 17800, 17300], 'coincidence_window': 25000, 'trigger': [], 'filter': []}, 'custom': {}}
2026-06-18 13:05:56,257 [INFO] Found 0 connected Time Tagger(s)
2026-06-18 13:05:57,865 [INFO] t:   1 s, Board temperature: 41.7 °C, FPGA temperature: 57.7 °C
2026-06-18 13:05:59,441 [INFO] t:   2 s, Board temperature: 41.8 °C, FPGA temperature: 57.6 °C
2026-06-18 13:06:01,010 [INFO] t:   3 s, Board temperature: 41.8 °C, FPGA temperature: 57.5 °C
2026-06-18 13:06:02,574 [INFO] t:   4 s, Board temperature: 41.6 °C, FPGA temperature: 57.6 °C
2026-06-18 13:06:04,150 [INFO] t:   5 s, Board temperature: 41.6 °C, FPGA temperature: 57.6 °C
2026-06-18 13:06:04,150 [INFO] The Time Tagger is warmed up.
2026-06-18 13:06:04,151 [INFO] Time Tagger initialized.
2026-06-18 13:06:04,153 [INFO] Stage Position: 335.0
2026-06-18 13:06:04,153 [INFO] Starting chunked acquisition (max 2 chunks / 2.0 min)
2026-06-18 13:06:04,154 [INFO] Chunk duration: 1 min
2026-06-18 13:06:04,154 [INFO] Threshold: 50000 counts, checking every 2 chunks
2026-06-18 13:06:04,196 [INFO] Found 0 connected Time Tagger(s)
2026-06-18 13:06:05,931 [INFO] t:   1 s, Board temperature: 41.6 °C, FPGA temperature: 57.5 °C
2026-06-18 13:06:07,500 [INFO] t:   2 s, Board temperature: 41.5 °C, FPGA temperature: 57.6 °C
2026-06-18 13:06:09,080 [INFO] t:   3 s, Board temperature: 41.6 °C, FPGA temperature: 57.6 °C
2026-06-18 13:06:10,646 [INFO] t:   4 s, Board temperature: 41.6 °C, FPGA temperature: 57.6 °C
2026-06-18 13:06:12,217 [INFO] t:   5 s, Board temperature: 41.6 °C, FPGA temperature: 57.6 °C
2026-06-18 13:06:12,218 [INFO] The Time Tagger is warmed up.
2026-06-18 13:06:12,219 [INFO] Time Tagger initialized.
2026-06-18 13:06:12,221 [INFO] Chunk 1/2 | Elapsed: 1.0 min
2026-06-18 13:06:12,221 [INFO] Initializing experiment on Time Tagger.
2026-06-18 13:06:12,222 [INFO] Deadtime for channel 1: 0 ps
2026-06-18 13:06:12,223 [INFO] Deadtime for channel 2: 0 ps
2026-06-18 13:06:12,224 [INFO] Deadtime for channel 3: 0 ps
2026-06-18 13:06:12,225 [INFO] Deadtime for channel 4: 0 ps
2026-06-18 13:06:12,226 [INFO] Deadtime for channel 5: 0 ps
2026-06-18 13:06:12,227 [INFO] Deadtime for channel 6: 0 ps
2026-06-18 13:06:12,228 [INFO] Delays on channels enabled.
2026-06-18 13:06:12,229 [INFO] Delay for channel 1: requested=0 ps, actual=0 ps
2026-06-18 13:06:12,230 [INFO] Delay for channel 2: requested=-1000 ps, actual=-1000 ps
2026-06-18 13:06:12,231 [INFO] Delay for channel 3: requested=20000 ps, actual=20000 ps
2026-06-18 13:06:12,231 [INFO] Delay for channel 4: requested=16500 ps, actual=16500 ps
2026-06-18 13:06:12,233 [INFO] Delay for channel 5: requested=17800 ps, actual=17800 ps
2026-06-18 13:06:12,233 [INFO] Delay for channel 6: requested=17300 ps, actual=17300 ps
2026-06-18 13:06:12,234 [INFO] Executing synchronized correlation measurement.
2026-06-18 13:06:12,236 [INFO] Delays on channels enabled.
2026-06-18 13:06:12,236 [INFO] Delay for channel 1: requested=0 ps, actual=0 ps.
2026-06-18 13:06:12,238 [INFO] Delay for channel 2: requested=-1000 ps, actual=-1000 ps.
2026-06-18 13:06:12,238 [INFO] Delay for channel 3: requested=20000 ps, actual=20000 ps.
2026-06-18 13:06:12,239 [INFO] Delay for channel 4: requested=16500 ps, actual=16500 ps.
2026-06-18 13:06:12,240 [INFO] Delay for channel 5: requested=17800 ps, actual=17800 ps.
2026-06-18 13:06:12,241 [INFO] Delay for channel 6: requested=17300 ps, actual=17300 ps.
2026-06-18 13:06:12,242 [INFO] Initializing measurement with virtual mode channels for ALL heralding permutations.
2026-06-18 13:06:12,243 [INFO] Automatically generated modes from input: {'H3': [1, 2], 'H4': [3, 4], 'H5': [5, 6]}
2026-06-18 13:06:12,244 [INFO] Setting up virtual channels...
2026-06-18 13:06:12,246 [INFO] Initializing physical channel correlation histograms...
2026-06-18 13:06:12,247 [INFO]   Physical correlation: ch1 <-> ch2
2026-06-18 13:06:12,248 [INFO]   Physical correlation: ch1 <-> ch3
2026-06-18 13:06:12,249 [INFO]   Physical correlation: ch1 <-> ch4
2026-06-18 13:06:12,250 [INFO]   Physical correlation: ch1 <-> ch5
2026-06-18 13:06:12,251 [INFO]   Physical correlation: ch1 <-> ch6
2026-06-18 13:06:12,252 [INFO]   Physical correlation: ch2 <-> ch3
2026-06-18 13:06:12,254 [INFO]   Physical correlation: ch2 <-> ch4
2026-06-18 13:06:12,255 [INFO]   Physical correlation: ch2 <-> ch5
2026-06-18 13:06:12,256 [INFO]   Physical correlation: ch2 <-> ch6
2026-06-18 13:06:12,257 [INFO]   Physical correlation: ch3 <-> ch4
2026-06-18 13:06:12,258 [INFO]   Physical correlation: ch3 <-> ch5
2026-06-18 13:06:12,259 [INFO]   Physical correlation: ch3 <-> ch6
2026-06-18 13:06:12,260 [INFO]   Physical correlation: ch4 <-> ch5
2026-06-18 13:06:12,261 [INFO]   Physical correlation: ch4 <-> ch6
2026-06-18 13:06:12,262 [INFO]   Physical correlation: ch5 <-> ch6
2026-06-18 13:06:12,263 [INFO] Initializing virtual mode correlation histograms...
2026-06-18 13:06:12,264 [INFO]   Within-mode (H3): ch1 <-> ch2
2026-06-18 13:06:12,265 [INFO]   Cross-mode: H3 <-> H4
2026-06-18 13:06:12,266 [INFO]   Cross-mode: H3 <-> H5
2026-06-18 13:06:12,268 [INFO]   Within-mode (H4): ch3 <-> ch4
2026-06-18 13:06:12,269 [INFO]   Cross-mode: H4 <-> H5
2026-06-18 13:06:12,270 [INFO]   Within-mode (H5): ch5 <-> ch6
2026-06-18 13:06:12,272 [INFO] Measurement starting for 1.000min / 0.017h
2026-06-18 13:07:12,451 [INFO] Measurements finished.
2026-06-18 13:07:12,452 [INFO] Collecting measurement data...
2026-06-18 13:07:12,452 [INFO] Collecting physical correlation data for (1,2)
2026-06-18 13:07:12,455 [INFO] Collecting physical correlation data for (1,3)
2026-06-18 13:07:12,457 [INFO] Collecting physical correlation data for (1,4)
2026-06-18 13:07:12,459 [INFO] Collecting physical correlation data for (1,5)
2026-06-18 13:07:12,462 [INFO] Collecting physical correlation data for (1,6)
2026-06-18 13:07:12,464 [INFO] Collecting physical correlation data for (2,3)
2026-06-18 13:07:12,467 [INFO] Collecting physical correlation data for (2,4)
2026-06-18 13:07:12,469 [INFO] Collecting physical correlation data for (2,5)
2026-06-18 13:07:12,471 [INFO] Collecting physical correlation data for (2,6)
2026-06-18 13:07:12,473 [INFO] Collecting physical correlation data for (3,4)
2026-06-18 13:07:12,475 [INFO] Collecting physical correlation data for (3,5)
2026-06-18 13:07:12,477 [INFO] Collecting physical correlation data for (3,6)
2026-06-18 13:07:12,479 [INFO] Collecting physical correlation data for (4,5)
2026-06-18 13:07:12,481 [INFO] Collecting physical correlation data for (4,6)
2026-06-18 13:07:12,483 [INFO] Collecting physical correlation data for (5,6)
2026-06-18 13:07:12,485 [INFO] Collecting virtual correlation data for (H3,H3)
2026-06-18 13:07:12,487 [INFO] Collecting virtual correlation data for (H3,H4)
2026-06-18 13:07:12,490 [INFO] Collecting virtual correlation data for (H3,H5)
2026-06-18 13:07:12,492 [INFO] Collecting virtual correlation data for (H4,H4)
2026-06-18 13:07:12,495 [INFO] Collecting virtual correlation data for (H4,H5)
2026-06-18 13:07:12,497 [INFO] Collecting virtual correlation data for (H5,H5)
2026-06-18 13:07:12,520 [INFO] Starting writing data to file.
2026-06-18 13:07:12,621 [INFO] Saved data.
2026-06-18 13:07:12,782 [INFO] Found 0 connected Time Tagger(s)
2026-06-18 13:07:14,381 [INFO] t:   1 s, Board temperature: 41.5 °C, FPGA temperature: 57.7 °C
2026-06-18 13:07:15,946 [INFO] t:   2 s, Board temperature: 41.4 °C, FPGA temperature: 57.7 °C
2026-06-18 13:07:17,484 [INFO] t:   3 s, Board temperature: 41.6 °C, FPGA temperature: 57.6 °C
2026-06-18 13:07:19,020 [INFO] t:   4 s, Board temperature: 41.5 °C, FPGA temperature: 57.6 °C
2026-06-18 13:07:20,560 [INFO] t:   5 s, Board temperature: 41.4 °C, FPGA temperature: 57.5 °C
2026-06-18 13:07:20,560 [INFO] The Time Tagger is warmed up.
2026-06-18 13:07:20,561 [INFO] Time Tagger initialized.
2026-06-18 13:07:20,562 [INFO] Chunk 2/2 | Elapsed: 2.0 min
2026-06-18 13:07:20,563 [INFO] Initializing experiment on Time Tagger.
2026-06-18 13:07:20,563 [INFO] Deadtime for channel 1: 0 ps
2026-06-18 13:07:20,564 [INFO] Deadtime for channel 2: 0 ps
2026-06-18 13:07:20,565 [INFO] Deadtime for channel 3: 0 ps
2026-06-18 13:07:20,565 [INFO] Deadtime for channel 4: 0 ps
2026-06-18 13:07:20,566 [INFO] Deadtime for channel 5: 0 ps
2026-06-18 13:07:20,567 [INFO] Deadtime for channel 6: 0 ps
2026-06-18 13:07:20,568 [INFO] Delays on channels enabled.
2026-06-18 13:07:20,569 [INFO] Delay for channel 1: requested=0 ps, actual=0 ps
2026-06-18 13:07:20,569 [INFO] Delay for channel 2: requested=-1000 ps, actual=-1000 ps
2026-06-18 13:07:20,570 [INFO] Delay for channel 3: requested=20000 ps, actual=20000 ps
2026-06-18 13:07:20,571 [INFO] Delay for channel 4: requested=16500 ps, actual=16500 ps
2026-06-18 13:07:20,571 [INFO] Delay for channel 5: requested=17800 ps, actual=17800 ps
2026-06-18 13:07:20,572 [INFO] Delay for channel 6: requested=17300 ps, actual=17300 ps
2026-06-18 13:07:20,573 [INFO] Executing synchronized correlation measurement.
2026-06-18 13:07:20,574 [INFO] Delays on channels enabled.
2026-06-18 13:07:20,574 [INFO] Delay for channel 1: requested=0 ps, actual=0 ps.
2026-06-18 13:07:20,575 [INFO] Delay for channel 2: requested=-1000 ps, actual=-1000 ps.
2026-06-18 13:07:20,576 [INFO] Delay for channel 3: requested=20000 ps, actual=20000 ps.
2026-06-18 13:07:20,576 [INFO] Delay for channel 4: requested=16500 ps, actual=16500 ps.
2026-06-18 13:07:20,577 [INFO] Delay for channel 5: requested=17800 ps, actual=17800 ps.
2026-06-18 13:07:20,577 [INFO] Delay for channel 6: requested=17300 ps, actual=17300 ps.
2026-06-18 13:07:20,578 [INFO] Initializing measurement with virtual mode channels for ALL heralding permutations.
2026-06-18 13:07:20,579 [INFO] Automatically generated modes from input: {'H3': [1, 2], 'H4': [3, 4], 'H5': [5, 6]}
2026-06-18 13:07:20,580 [INFO] Setting up virtual channels...
2026-06-18 13:07:20,581 [INFO] Initializing physical channel correlation histograms...
2026-06-18 13:07:20,581 [INFO]   Physical correlation: ch1 <-> ch2
2026-06-18 13:07:20,582 [INFO]   Physical correlation: ch1 <-> ch3
2026-06-18 13:07:20,583 [INFO]   Physical correlation: ch1 <-> ch4
2026-06-18 13:07:20,584 [INFO]   Physical correlation: ch1 <-> ch5
2026-06-18 13:07:20,584 [INFO]   Physical correlation: ch1 <-> ch6
2026-06-18 13:07:20,585 [INFO]   Physical correlation: ch2 <-> ch3
2026-06-18 13:07:20,586 [INFO]   Physical correlation: ch2 <-> ch4
2026-06-18 13:07:20,587 [INFO]   Physical correlation: ch2 <-> ch5
2026-06-18 13:07:20,587 [INFO]   Physical correlation: ch2 <-> ch6
2026-06-18 13:07:20,588 [INFO]   Physical correlation: ch3 <-> ch4
2026-06-18 13:07:20,589 [INFO]   Physical correlation: ch3 <-> ch5
2026-06-18 13:07:20,589 [INFO]   Physical correlation: ch3 <-> ch6
2026-06-18 13:07:20,590 [INFO]   Physical correlation: ch4 <-> ch5
2026-06-18 13:07:20,591 [INFO]   Physical correlation: ch4 <-> ch6
2026-06-18 13:07:20,592 [INFO]   Physical correlation: ch5 <-> ch6
2026-06-18 13:07:20,593 [INFO] Initializing virtual mode correlation histograms...
2026-06-18 13:07:20,594 [INFO]   Within-mode (H3): ch1 <-> ch2
2026-06-18 13:07:20,595 [INFO]   Cross-mode: H3 <-> H4
2026-06-18 13:07:20,596 [INFO]   Cross-mode: H3 <-> H5
2026-06-18 13:07:20,597 [INFO]   Within-mode (H4): ch3 <-> ch4
2026-06-18 13:07:20,598 [INFO]   Cross-mode: H4 <-> H5
2026-06-18 13:07:20,599 [INFO]   Within-mode (H5): ch5 <-> ch6
2026-06-18 13:07:20,602 [INFO] Measurement starting for 1.000min / 0.017h
