2026-06-18 12:41:24,670 [INFO] Script start.
2026-06-18 12:41:24,675 [INFO] ====================GENERAL SETTINGS====================
2026-06-18 12:41:24,676 [INFO] {'date': '2026-06-18', 'time': '12-41-24', 'experiment_type': 'g2_heralded_virtual', 'save_dir': 'C:\\Users\\QUANTUM\\OneDrive - ENSTA\\!Working files\\HBT\\HBT Data\\Tests_Jun\\18_RMS\\2026-06-18_12-41-24_g2_heralded_virtual', 'material': 'GaAs100_100um_P1_P3_700-40_425-25_RMS_277_25', 'laser': {'rep_rate_hz': 18660000.0, 'wavelength_nm': 2100}, 'timetagging': {'tt_mode': 'Standard', 'binwidth_ps': 100, 'num_bins': 50000, 'channels': [1, 2, 3, 4, 5, 6], 'mode_on_channel': ['H3T', 'H3R', 'H4T', 'H4R', 'H5T', 'H5R'], 'deadtime': [0, 0, 0, 0, 0, 0], 'delays': [0, -1000, 20000, 16500, 17800, 17300], 'coincidence_window': 25000, 'trigger': [], 'filter': []}, 'custom': {}}
2026-06-18 12:41:24,722 [INFO] Found 0 connected Time Tagger(s)
2026-06-18 12:41:26,343 [INFO] t:   1 s, Board temperature: 41.6 °C, FPGA temperature: 57.6 °C
2026-06-18 12:41:27,922 [INFO] t:   2 s, Board temperature: 41.6 °C, FPGA temperature: 57.7 °C
2026-06-18 12:41:29,480 [INFO] t:   3 s, Board temperature: 41.5 °C, FPGA temperature: 57.7 °C
2026-06-18 12:41:31,038 [INFO] t:   4 s, Board temperature: 41.6 °C, FPGA temperature: 57.6 °C
2026-06-18 12:41:32,600 [INFO] t:   5 s, Board temperature: 41.5 °C, FPGA temperature: 57.7 °C
2026-06-18 12:41:32,601 [INFO] The Time Tagger is warmed up.
2026-06-18 12:41:32,602 [INFO] Time Tagger initialized.
2026-06-18 12:41:32,603 [INFO] Stage Position: 25.0
2026-06-18 12:41:32,604 [INFO] Starting chunked acquisition (max 2 chunks / 2.0 min)
2026-06-18 12:41:32,605 [INFO] Chunk duration: 1 min
2026-06-18 12:41:32,606 [INFO] Threshold: 50000 counts, checking every 2 chunks
2026-06-18 12:41:32,650 [INFO] Found 0 connected Time Tagger(s)
2026-06-18 12:41:34,346 [INFO] t:   1 s, Board temperature: 41.6 °C, FPGA temperature: 57.7 °C
2026-06-18 12:41:35,932 [INFO] t:   2 s, Board temperature: 41.6 °C, FPGA temperature: 57.6 °C
2026-06-18 12:41:37,506 [INFO] t:   3 s, Board temperature: 41.6 °C, FPGA temperature: 57.6 °C
2026-06-18 12:41:39,067 [INFO] t:   4 s, Board temperature: 41.6 °C, FPGA temperature: 57.6 °C
2026-06-18 12:41:40,621 [INFO] t:   5 s, Board temperature: 41.6 °C, FPGA temperature: 57.6 °C
2026-06-18 12:41:40,622 [INFO] The Time Tagger is warmed up.
2026-06-18 12:41:40,623 [INFO] Time Tagger initialized.
2026-06-18 12:41:40,625 [INFO] Chunk 1/2 | Elapsed: 1.0 min
2026-06-18 12:41:40,626 [INFO] Initializing experiment on Time Tagger.
2026-06-18 12:41:40,626 [INFO] Deadtime for channel 1: 0 ps
2026-06-18 12:41:40,627 [INFO] Deadtime for channel 2: 0 ps
2026-06-18 12:41:40,628 [INFO] Deadtime for channel 3: 0 ps
2026-06-18 12:41:40,629 [INFO] Deadtime for channel 4: 0 ps
2026-06-18 12:41:40,629 [INFO] Deadtime for channel 5: 0 ps
2026-06-18 12:41:40,630 [INFO] Deadtime for channel 6: 0 ps
2026-06-18 12:41:40,631 [INFO] Delays on channels enabled.
2026-06-18 12:41:40,631 [INFO] Delay for channel 1: requested=0 ps, actual=0 ps
2026-06-18 12:41:40,632 [INFO] Delay for channel 2: requested=-1000 ps, actual=-1000 ps
2026-06-18 12:41:40,633 [INFO] Delay for channel 3: requested=20000 ps, actual=20000 ps
2026-06-18 12:41:40,633 [INFO] Delay for channel 4: requested=16500 ps, actual=16500 ps
2026-06-18 12:41:40,634 [INFO] Delay for channel 5: requested=17800 ps, actual=17800 ps
2026-06-18 12:41:40,635 [INFO] Delay for channel 6: requested=17300 ps, actual=17300 ps
2026-06-18 12:41:40,635 [INFO] Executing synchronized correlation measurement.
2026-06-18 12:41:40,636 [INFO] Delays on channels enabled.
2026-06-18 12:41:40,637 [INFO] Delay for channel 1: requested=0 ps, actual=0 ps.
2026-06-18 12:41:40,637 [INFO] Delay for channel 2: requested=-1000 ps, actual=-1000 ps.
2026-06-18 12:41:40,638 [INFO] Delay for channel 3: requested=20000 ps, actual=20000 ps.
2026-06-18 12:41:40,638 [INFO] Delay for channel 4: requested=16500 ps, actual=16500 ps.
2026-06-18 12:41:40,639 [INFO] Delay for channel 5: requested=17800 ps, actual=17800 ps.
2026-06-18 12:41:40,640 [INFO] Delay for channel 6: requested=17300 ps, actual=17300 ps.
2026-06-18 12:41:40,640 [INFO] Initializing measurement with virtual mode channels for ALL heralding permutations.
2026-06-18 12:41:40,641 [INFO] Automatically generated modes from input: {'H3': [1, 2], 'H4': [3, 4], 'H5': [5, 6]}
2026-06-18 12:41:40,642 [INFO] Setting up virtual channels...
2026-06-18 12:41:40,643 [INFO] Initializing physical channel correlation histograms...
2026-06-18 12:41:40,644 [INFO]   Physical correlation: ch1 <-> ch2
2026-06-18 12:41:40,644 [INFO]   Physical correlation: ch1 <-> ch3
2026-06-18 12:41:40,645 [INFO]   Physical correlation: ch1 <-> ch4
2026-06-18 12:41:40,646 [INFO]   Physical correlation: ch1 <-> ch5
2026-06-18 12:41:40,646 [INFO]   Physical correlation: ch1 <-> ch6
2026-06-18 12:41:40,647 [INFO]   Physical correlation: ch2 <-> ch3
2026-06-18 12:41:40,648 [INFO]   Physical correlation: ch2 <-> ch4
2026-06-18 12:41:40,648 [INFO]   Physical correlation: ch2 <-> ch5
2026-06-18 12:41:40,649 [INFO]   Physical correlation: ch2 <-> ch6
2026-06-18 12:41:40,650 [INFO]   Physical correlation: ch3 <-> ch4
2026-06-18 12:41:40,650 [INFO]   Physical correlation: ch3 <-> ch5
2026-06-18 12:41:40,651 [INFO]   Physical correlation: ch3 <-> ch6
2026-06-18 12:41:40,652 [INFO]   Physical correlation: ch4 <-> ch5
2026-06-18 12:41:40,652 [INFO]   Physical correlation: ch4 <-> ch6
2026-06-18 12:41:40,653 [INFO]   Physical correlation: ch5 <-> ch6
2026-06-18 12:41:40,654 [INFO] Initializing virtual mode correlation histograms...
2026-06-18 12:41:40,655 [INFO]   Within-mode (H3): ch1 <-> ch2
2026-06-18 12:41:40,655 [INFO]   Cross-mode: H3 <-> H4
2026-06-18 12:41:40,656 [INFO]   Cross-mode: H3 <-> H5
2026-06-18 12:41:40,657 [INFO]   Within-mode (H4): ch3 <-> ch4
2026-06-18 12:41:40,657 [INFO]   Cross-mode: H4 <-> H5
2026-06-18 12:41:40,658 [INFO]   Within-mode (H5): ch5 <-> ch6
2026-06-18 12:41:40,660 [INFO] Measurement starting for 1.000min / 0.017h
2026-06-18 12:42:40,843 [INFO] Measurements finished.
2026-06-18 12:42:40,844 [INFO] Collecting measurement data...
2026-06-18 12:42:40,845 [INFO] Collecting physical correlation data for (1,2)
2026-06-18 12:42:40,847 [INFO] Collecting physical correlation data for (1,3)
2026-06-18 12:42:40,849 [INFO] Collecting physical correlation data for (1,4)
2026-06-18 12:42:40,851 [INFO] Collecting physical correlation data for (1,5)
2026-06-18 12:42:40,853 [INFO] Collecting physical correlation data for (1,6)
2026-06-18 12:42:40,855 [INFO] Collecting physical correlation data for (2,3)
2026-06-18 12:42:40,858 [INFO] Collecting physical correlation data for (2,4)
2026-06-18 12:42:40,860 [INFO] Collecting physical correlation data for (2,5)
2026-06-18 12:42:40,862 [INFO] Collecting physical correlation data for (2,6)
2026-06-18 12:42:40,865 [INFO] Collecting physical correlation data for (3,4)
2026-06-18 12:42:40,867 [INFO] Collecting physical correlation data for (3,5)
2026-06-18 12:42:40,869 [INFO] Collecting physical correlation data for (3,6)
2026-06-18 12:42:40,871 [INFO] Collecting physical correlation data for (4,5)
2026-06-18 12:42:40,873 [INFO] Collecting physical correlation data for (4,6)
2026-06-18 12:42:40,875 [INFO] Collecting physical correlation data for (5,6)
2026-06-18 12:42:40,878 [INFO] Collecting virtual correlation data for (H3,H3)
2026-06-18 12:42:40,880 [INFO] Collecting virtual correlation data for (H3,H4)
2026-06-18 12:42:40,882 [INFO] Collecting virtual correlation data for (H3,H5)
2026-06-18 12:42:40,884 [INFO] Collecting virtual correlation data for (H4,H4)
2026-06-18 12:42:40,887 [INFO] Collecting virtual correlation data for (H4,H5)
2026-06-18 12:42:40,889 [INFO] Collecting virtual correlation data for (H5,H5)
2026-06-18 12:42:40,909 [INFO] Starting writing data to file.
2026-06-18 12:42:40,992 [INFO] Saved data.
2026-06-18 12:42:41,140 [INFO] Found 0 connected Time Tagger(s)
2026-06-18 12:42:42,760 [INFO] t:   1 s, Board temperature: 41.7 °C, FPGA temperature: 57.6 °C
2026-06-18 12:42:44,331 [INFO] t:   2 s, Board temperature: 41.7 °C, FPGA temperature: 57.7 °C
2026-06-18 12:42:45,909 [INFO] t:   3 s, Board temperature: 41.6 °C, FPGA temperature: 57.6 °C
2026-06-18 12:42:47,466 [INFO] t:   4 s, Board temperature: 41.7 °C, FPGA temperature: 57.6 °C
2026-06-18 12:42:49,029 [INFO] t:   5 s, Board temperature: 41.4 °C, FPGA temperature: 57.6 °C
2026-06-18 12:42:49,030 [INFO] The Time Tagger is warmed up.
2026-06-18 12:42:49,031 [INFO] Time Tagger initialized.
2026-06-18 12:42:49,032 [INFO] Chunk 2/2 | Elapsed: 2.0 min
2026-06-18 12:42:49,033 [INFO] Initializing experiment on Time Tagger.
2026-06-18 12:42:49,034 [INFO] Deadtime for channel 1: 0 ps
2026-06-18 12:42:49,034 [INFO] Deadtime for channel 2: 0 ps
2026-06-18 12:42:49,035 [INFO] Deadtime for channel 3: 0 ps
2026-06-18 12:42:49,035 [INFO] Deadtime for channel 4: 0 ps
2026-06-18 12:42:49,036 [INFO] Deadtime for channel 5: 0 ps
2026-06-18 12:42:49,037 [INFO] Deadtime for channel 6: 0 ps
2026-06-18 12:42:49,038 [INFO] Delays on channels enabled.
2026-06-18 12:42:49,038 [INFO] Delay for channel 1: requested=0 ps, actual=0 ps
2026-06-18 12:42:49,039 [INFO] Delay for channel 2: requested=-1000 ps, actual=-1000 ps
2026-06-18 12:42:49,040 [INFO] Delay for channel 3: requested=20000 ps, actual=20000 ps
2026-06-18 12:42:49,041 [INFO] Delay for channel 4: requested=16500 ps, actual=16500 ps
2026-06-18 12:42:49,041 [INFO] Delay for channel 5: requested=17800 ps, actual=17800 ps
2026-06-18 12:42:49,042 [INFO] Delay for channel 6: requested=17300 ps, actual=17300 ps
2026-06-18 12:42:49,042 [INFO] Executing synchronized correlation measurement.
2026-06-18 12:42:49,043 [INFO] Delays on channels enabled.
2026-06-18 12:42:49,044 [INFO] Delay for channel 1: requested=0 ps, actual=0 ps.
2026-06-18 12:42:49,044 [INFO] Delay for channel 2: requested=-1000 ps, actual=-1000 ps.
2026-06-18 12:42:49,045 [INFO] Delay for channel 3: requested=20000 ps, actual=20000 ps.
2026-06-18 12:42:49,046 [INFO] Delay for channel 4: requested=16500 ps, actual=16500 ps.
2026-06-18 12:42:49,046 [INFO] Delay for channel 5: requested=17800 ps, actual=17800 ps.
2026-06-18 12:42:49,047 [INFO] Delay for channel 6: requested=17300 ps, actual=17300 ps.
2026-06-18 12:42:49,048 [INFO] Initializing measurement with virtual mode channels for ALL heralding permutations.
2026-06-18 12:42:49,048 [INFO] Automatically generated modes from input: {'H3': [1, 2], 'H4': [3, 4], 'H5': [5, 6]}
2026-06-18 12:42:49,048 [INFO] Setting up virtual channels...
2026-06-18 12:42:49,050 [INFO] Initializing physical channel correlation histograms...
2026-06-18 12:42:49,050 [INFO]   Physical correlation: ch1 <-> ch2
2026-06-18 12:42:49,051 [INFO]   Physical correlation: ch1 <-> ch3
2026-06-18 12:42:49,052 [INFO]   Physical correlation: ch1 <-> ch4
2026-06-18 12:42:49,052 [INFO]   Physical correlation: ch1 <-> ch5
2026-06-18 12:42:49,053 [INFO]   Physical correlation: ch1 <-> ch6
2026-06-18 12:42:49,054 [INFO]   Physical correlation: ch2 <-> ch3
2026-06-18 12:42:49,054 [INFO]   Physical correlation: ch2 <-> ch4
2026-06-18 12:42:49,055 [INFO]   Physical correlation: ch2 <-> ch5
2026-06-18 12:42:49,056 [INFO]   Physical correlation: ch2 <-> ch6
2026-06-18 12:42:49,056 [INFO]   Physical correlation: ch3 <-> ch4
2026-06-18 12:42:49,057 [INFO]   Physical correlation: ch3 <-> ch5
2026-06-18 12:42:49,058 [INFO]   Physical correlation: ch3 <-> ch6
2026-06-18 12:42:49,058 [INFO]   Physical correlation: ch4 <-> ch5
2026-06-18 12:42:49,059 [INFO]   Physical correlation: ch4 <-> ch6
2026-06-18 12:42:49,060 [INFO]   Physical correlation: ch5 <-> ch6
2026-06-18 12:42:49,060 [INFO] Initializing virtual mode correlation histograms...
2026-06-18 12:42:49,061 [INFO]   Within-mode (H3): ch1 <-> ch2
2026-06-18 12:42:49,062 [INFO]   Cross-mode: H3 <-> H4
2026-06-18 12:42:49,062 [INFO]   Cross-mode: H3 <-> H5
2026-06-18 12:42:49,063 [INFO]   Within-mode (H4): ch3 <-> ch4
2026-06-18 12:42:49,064 [INFO]   Cross-mode: H4 <-> H5
2026-06-18 12:42:49,065 [INFO]   Within-mode (H5): ch5 <-> ch6
2026-06-18 12:42:49,066 [INFO] Measurement starting for 1.000min / 0.017h
