2026-06-18 12:45:57,885 [INFO] Script start.
2026-06-18 12:45:57,892 [INFO] ====================GENERAL SETTINGS====================
2026-06-18 12:45:57,893 [INFO] {'date': '2026-06-18', 'time': '12-45-57', 'experiment_type': 'g2_heralded_virtual', 'save_dir': 'C:\\Users\\QUANTUM\\OneDrive - ENSTA\\!Working files\\HBT\\HBT Data\\Tests_Jun\\18_RMS\\2026-06-18_12-45-57_g2_heralded_virtual', 'material': 'GaAs100_100um_P1_P3_700-40_425-25_RMS_287_20', 'laser': {'rep_rate_hz': 18660000.0, 'wavelength_nm': 2100}, 'timetagging': {'tt_mode': 'Standard', 'binwidth_ps': 100, 'num_bins': 50000, 'channels': [1, 2, 3, 4, 5, 6], 'mode_on_channel': ['H3T', 'H3R', 'H4T', 'H4R', 'H5T', 'H5R'], 'deadtime': [0, 0, 0, 0, 0, 0], 'delays': [0, -1000, 20000, 16500, 17800, 17300], 'coincidence_window': 25000, 'trigger': [], 'filter': []}, 'custom': {}}
2026-06-18 12:45:57,936 [INFO] Found 0 connected Time Tagger(s)
2026-06-18 12:45:59,566 [INFO] t:   1 s, Board temperature: 41.6 °C, FPGA temperature: 57.5 °C
2026-06-18 12:46:01,130 [INFO] t:   2 s, Board temperature: 41.6 °C, FPGA temperature: 57.6 °C
2026-06-18 12:46:02,695 [INFO] t:   3 s, Board temperature: 41.7 °C, FPGA temperature: 57.6 °C
2026-06-18 12:46:04,255 [INFO] t:   4 s, Board temperature: 41.6 °C, FPGA temperature: 57.6 °C
2026-06-18 12:46:05,814 [INFO] t:   5 s, Board temperature: 41.6 °C, FPGA temperature: 57.5 °C
2026-06-18 12:46:05,814 [INFO] The Time Tagger is warmed up.
2026-06-18 12:46:05,815 [INFO] Time Tagger initialized.
2026-06-18 12:46:05,816 [INFO] Stage Position: 20.0
2026-06-18 12:46:05,817 [INFO] Starting chunked acquisition (max 2 chunks / 2.0 min)
2026-06-18 12:46:05,817 [INFO] Chunk duration: 1 min
2026-06-18 12:46:05,819 [INFO] Threshold: 50000 counts, checking every 2 chunks
2026-06-18 12:46:05,859 [INFO] Found 0 connected Time Tagger(s)
2026-06-18 12:46:07,598 [INFO] t:   1 s, Board temperature: 41.7 °C, FPGA temperature: 57.4 °C
2026-06-18 12:46:09,168 [INFO] t:   2 s, Board temperature: 41.6 °C, FPGA temperature: 57.5 °C
2026-06-18 12:46:10,741 [INFO] t:   3 s, Board temperature: 41.6 °C, FPGA temperature: 57.5 °C
2026-06-18 12:46:12,311 [INFO] t:   4 s, Board temperature: 41.6 °C, FPGA temperature: 57.6 °C
2026-06-18 12:46:13,884 [INFO] t:   5 s, Board temperature: 41.7 °C, FPGA temperature: 57.6 °C
2026-06-18 12:46:13,885 [INFO] The Time Tagger is warmed up.
2026-06-18 12:46:13,886 [INFO] Time Tagger initialized.
2026-06-18 12:46:13,887 [INFO] Chunk 1/2 | Elapsed: 1.0 min
2026-06-18 12:46:13,888 [INFO] Initializing experiment on Time Tagger.
2026-06-18 12:46:13,889 [INFO] Deadtime for channel 1: 0 ps
2026-06-18 12:46:13,890 [INFO] Deadtime for channel 2: 0 ps
2026-06-18 12:46:13,891 [INFO] Deadtime for channel 3: 0 ps
2026-06-18 12:46:13,891 [INFO] Deadtime for channel 4: 0 ps
2026-06-18 12:46:13,893 [INFO] Deadtime for channel 5: 0 ps
2026-06-18 12:46:13,894 [INFO] Deadtime for channel 6: 0 ps
2026-06-18 12:46:13,894 [INFO] Delays on channels enabled.
2026-06-18 12:46:13,895 [INFO] Delay for channel 1: requested=0 ps, actual=0 ps
2026-06-18 12:46:13,897 [INFO] Delay for channel 2: requested=-1000 ps, actual=-1000 ps
2026-06-18 12:46:13,897 [INFO] Delay for channel 3: requested=20000 ps, actual=20000 ps
2026-06-18 12:46:13,898 [INFO] Delay for channel 4: requested=16500 ps, actual=16500 ps
2026-06-18 12:46:13,899 [INFO] Delay for channel 5: requested=17800 ps, actual=17800 ps
2026-06-18 12:46:13,900 [INFO] Delay for channel 6: requested=17300 ps, actual=17300 ps
2026-06-18 12:46:13,901 [INFO] Executing synchronized correlation measurement.
2026-06-18 12:46:13,901 [INFO] Delays on channels enabled.
2026-06-18 12:46:13,902 [INFO] Delay for channel 1: requested=0 ps, actual=0 ps.
2026-06-18 12:46:13,903 [INFO] Delay for channel 2: requested=-1000 ps, actual=-1000 ps.
2026-06-18 12:46:13,904 [INFO] Delay for channel 3: requested=20000 ps, actual=20000 ps.
2026-06-18 12:46:13,905 [INFO] Delay for channel 4: requested=16500 ps, actual=16500 ps.
2026-06-18 12:46:13,906 [INFO] Delay for channel 5: requested=17800 ps, actual=17800 ps.
2026-06-18 12:46:13,907 [INFO] Delay for channel 6: requested=17300 ps, actual=17300 ps.
2026-06-18 12:46:13,909 [INFO] Initializing measurement with virtual mode channels for ALL heralding permutations.
2026-06-18 12:46:13,909 [INFO] Automatically generated modes from input: {'H3': [1, 2], 'H4': [3, 4], 'H5': [5, 6]}
2026-06-18 12:46:13,910 [INFO] Setting up virtual channels...
2026-06-18 12:46:13,912 [INFO] Initializing physical channel correlation histograms...
2026-06-18 12:46:13,913 [INFO]   Physical correlation: ch1 <-> ch2
2026-06-18 12:46:13,914 [INFO]   Physical correlation: ch1 <-> ch3
2026-06-18 12:46:13,915 [INFO]   Physical correlation: ch1 <-> ch4
2026-06-18 12:46:13,916 [INFO]   Physical correlation: ch1 <-> ch5
2026-06-18 12:46:13,917 [INFO]   Physical correlation: ch1 <-> ch6
2026-06-18 12:46:13,918 [INFO]   Physical correlation: ch2 <-> ch3
2026-06-18 12:46:13,920 [INFO]   Physical correlation: ch2 <-> ch4
2026-06-18 12:46:13,920 [INFO]   Physical correlation: ch2 <-> ch5
2026-06-18 12:46:13,922 [INFO]   Physical correlation: ch2 <-> ch6
2026-06-18 12:46:13,923 [INFO]   Physical correlation: ch3 <-> ch4
2026-06-18 12:46:13,924 [INFO]   Physical correlation: ch3 <-> ch5
2026-06-18 12:46:13,925 [INFO]   Physical correlation: ch3 <-> ch6
2026-06-18 12:46:13,926 [INFO]   Physical correlation: ch4 <-> ch5
2026-06-18 12:46:13,927 [INFO]   Physical correlation: ch4 <-> ch6
2026-06-18 12:46:13,928 [INFO]   Physical correlation: ch5 <-> ch6
2026-06-18 12:46:13,929 [INFO] Initializing virtual mode correlation histograms...
2026-06-18 12:46:13,930 [INFO]   Within-mode (H3): ch1 <-> ch2
2026-06-18 12:46:13,931 [INFO]   Cross-mode: H3 <-> H4
2026-06-18 12:46:13,932 [INFO]   Cross-mode: H3 <-> H5
2026-06-18 12:46:13,933 [INFO]   Within-mode (H4): ch3 <-> ch4
2026-06-18 12:46:13,934 [INFO]   Cross-mode: H4 <-> H5
2026-06-18 12:46:13,935 [INFO]   Within-mode (H5): ch5 <-> ch6
2026-06-18 12:46:13,938 [INFO] Measurement starting for 1.000min / 0.017h
2026-06-18 12:47:14,117 [INFO] Measurements finished.
2026-06-18 12:47:14,118 [INFO] Collecting measurement data...
2026-06-18 12:47:14,119 [INFO] Collecting physical correlation data for (1,2)
2026-06-18 12:47:14,122 [INFO] Collecting physical correlation data for (1,3)
2026-06-18 12:47:14,124 [INFO] Collecting physical correlation data for (1,4)
2026-06-18 12:47:14,126 [INFO] Collecting physical correlation data for (1,5)
2026-06-18 12:47:14,129 [INFO] Collecting physical correlation data for (1,6)
2026-06-18 12:47:14,131 [INFO] Collecting physical correlation data for (2,3)
2026-06-18 12:47:14,133 [INFO] Collecting physical correlation data for (2,4)
2026-06-18 12:47:14,136 [INFO] Collecting physical correlation data for (2,5)
2026-06-18 12:47:14,138 [INFO] Collecting physical correlation data for (2,6)
2026-06-18 12:47:14,140 [INFO] Collecting physical correlation data for (3,4)
2026-06-18 12:47:14,143 [INFO] Collecting physical correlation data for (3,5)
2026-06-18 12:47:14,145 [INFO] Collecting physical correlation data for (3,6)
2026-06-18 12:47:14,148 [INFO] Collecting physical correlation data for (4,5)
2026-06-18 12:47:14,150 [INFO] Collecting physical correlation data for (4,6)
2026-06-18 12:47:14,152 [INFO] Collecting physical correlation data for (5,6)
2026-06-18 12:47:14,155 [INFO] Collecting virtual correlation data for (H3,H3)
2026-06-18 12:47:14,157 [INFO] Collecting virtual correlation data for (H3,H4)
2026-06-18 12:47:14,160 [INFO] Collecting virtual correlation data for (H3,H5)
2026-06-18 12:47:14,162 [INFO] Collecting virtual correlation data for (H4,H4)
2026-06-18 12:47:14,165 [INFO] Collecting virtual correlation data for (H4,H5)
2026-06-18 12:47:14,167 [INFO] Collecting virtual correlation data for (H5,H5)
2026-06-18 12:47:14,192 [INFO] Starting writing data to file.
2026-06-18 12:47:14,273 [INFO] Saved data.
2026-06-18 12:47:14,433 [INFO] Found 0 connected Time Tagger(s)
2026-06-18 12:47:16,052 [INFO] t:   1 s, Board temperature: 41.6 °C, FPGA temperature: 57.6 °C
2026-06-18 12:47:17,619 [INFO] t:   2 s, Board temperature: 41.5 °C, FPGA temperature: 57.8 °C
2026-06-18 12:47:19,186 [INFO] t:   3 s, Board temperature: 41.4 °C, FPGA temperature: 57.6 °C
2026-06-18 12:47:20,756 [INFO] t:   4 s, Board temperature: 41.4 °C, FPGA temperature: 57.5 °C
2026-06-18 12:47:22,317 [INFO] t:   5 s, Board temperature: 41.4 °C, FPGA temperature: 57.6 °C
2026-06-18 12:47:22,317 [INFO] The Time Tagger is warmed up.
2026-06-18 12:47:22,318 [INFO] Time Tagger initialized.
2026-06-18 12:47:22,320 [INFO] Chunk 2/2 | Elapsed: 2.0 min
2026-06-18 12:47:22,320 [INFO] Initializing experiment on Time Tagger.
2026-06-18 12:47:22,321 [INFO] Deadtime for channel 1: 0 ps
2026-06-18 12:47:22,322 [INFO] Deadtime for channel 2: 0 ps
2026-06-18 12:47:22,322 [INFO] Deadtime for channel 3: 0 ps
2026-06-18 12:47:22,323 [INFO] Deadtime for channel 4: 0 ps
2026-06-18 12:47:22,324 [INFO] Deadtime for channel 5: 0 ps
2026-06-18 12:47:22,325 [INFO] Deadtime for channel 6: 0 ps
2026-06-18 12:47:22,325 [INFO] Delays on channels enabled.
2026-06-18 12:47:22,326 [INFO] Delay for channel 1: requested=0 ps, actual=0 ps
2026-06-18 12:47:22,327 [INFO] Delay for channel 2: requested=-1000 ps, actual=-1000 ps
2026-06-18 12:47:22,327 [INFO] Delay for channel 3: requested=20000 ps, actual=20000 ps
2026-06-18 12:47:22,328 [INFO] Delay for channel 4: requested=16500 ps, actual=16500 ps
2026-06-18 12:47:22,329 [INFO] Delay for channel 5: requested=17800 ps, actual=17800 ps
2026-06-18 12:47:22,329 [INFO] Delay for channel 6: requested=17300 ps, actual=17300 ps
2026-06-18 12:47:22,330 [INFO] Executing synchronized correlation measurement.
2026-06-18 12:47:22,331 [INFO] Delays on channels enabled.
2026-06-18 12:47:22,331 [INFO] Delay for channel 1: requested=0 ps, actual=0 ps.
2026-06-18 12:47:22,332 [INFO] Delay for channel 2: requested=-1000 ps, actual=-1000 ps.
2026-06-18 12:47:22,332 [INFO] Delay for channel 3: requested=20000 ps, actual=20000 ps.
2026-06-18 12:47:22,333 [INFO] Delay for channel 4: requested=16500 ps, actual=16500 ps.
2026-06-18 12:47:22,334 [INFO] Delay for channel 5: requested=17800 ps, actual=17800 ps.
2026-06-18 12:47:22,334 [INFO] Delay for channel 6: requested=17300 ps, actual=17300 ps.
2026-06-18 12:47:22,335 [INFO] Initializing measurement with virtual mode channels for ALL heralding permutations.
2026-06-18 12:47:22,336 [INFO] Automatically generated modes from input: {'H3': [1, 2], 'H4': [3, 4], 'H5': [5, 6]}
2026-06-18 12:47:22,336 [INFO] Setting up virtual channels...
2026-06-18 12:47:22,338 [INFO] Initializing physical channel correlation histograms...
2026-06-18 12:47:22,338 [INFO]   Physical correlation: ch1 <-> ch2
2026-06-18 12:47:22,339 [INFO]   Physical correlation: ch1 <-> ch3
2026-06-18 12:47:22,340 [INFO]   Physical correlation: ch1 <-> ch4
2026-06-18 12:47:22,341 [INFO]   Physical correlation: ch1 <-> ch5
2026-06-18 12:47:22,341 [INFO]   Physical correlation: ch1 <-> ch6
2026-06-18 12:47:22,342 [INFO]   Physical correlation: ch2 <-> ch3
2026-06-18 12:47:22,343 [INFO]   Physical correlation: ch2 <-> ch4
2026-06-18 12:47:22,344 [INFO]   Physical correlation: ch2 <-> ch5
2026-06-18 12:47:22,345 [INFO]   Physical correlation: ch2 <-> ch6
2026-06-18 12:47:22,345 [INFO]   Physical correlation: ch3 <-> ch4
2026-06-18 12:47:22,346 [INFO]   Physical correlation: ch3 <-> ch5
2026-06-18 12:47:22,347 [INFO]   Physical correlation: ch3 <-> ch6
2026-06-18 12:47:22,347 [INFO]   Physical correlation: ch4 <-> ch5
2026-06-18 12:47:22,348 [INFO]   Physical correlation: ch4 <-> ch6
2026-06-18 12:47:22,349 [INFO]   Physical correlation: ch5 <-> ch6
2026-06-18 12:47:22,350 [INFO] Initializing virtual mode correlation histograms...
2026-06-18 12:47:22,350 [INFO]   Within-mode (H3): ch1 <-> ch2
2026-06-18 12:47:22,351 [INFO]   Cross-mode: H3 <-> H4
2026-06-18 12:47:22,352 [INFO]   Cross-mode: H3 <-> H5
2026-06-18 12:47:22,352 [INFO]   Within-mode (H4): ch3 <-> ch4
2026-06-18 12:47:22,353 [INFO]   Cross-mode: H4 <-> H5
2026-06-18 12:47:22,354 [INFO]   Within-mode (H5): ch5 <-> ch6
2026-06-18 12:47:22,355 [INFO] Measurement starting for 1.000min / 0.017h
