2026-06-15 16:18:49,538 [INFO] Script start.
2026-06-15 16:18:49,546 [INFO] ====================GENERAL SETTINGS====================
2026-06-15 16:18:49,547 [INFO] {'date': '2026-06-15', 'time': '16-18-49', 'experiment_type': 'g2_heralded_virtual', 'save_dir': 'C:\\Users\\QUANTUM\\OneDrive - ENSTA\\!Working files\\HBT\\HBT Data\\Tests_Jun\\2026-06-15_16-18-49_g2_heralded_virtual', 'material': 'CdTe110', 'laser': {'rep_rate_hz': 18880000.0, 'wavelength_nm': 2100}, 'timetagging': {'tt_mode': 'Standard', 'binwidth_ps': 100, 'num_bins': 50000, 'channels': [1, 2, 3, 4, 5, 6], 'mode_on_channel': ['H3T', 'H3R', 'H4T', 'H4R', 'H5T', 'H5R'], 'deadtime': [0, 0, 0, 0, 0, 0], 'delays': [0, -1000, 20000, 16500, 17800, 17300], 'coincidence_window': 25000, 'trigger': [], 'filter': []}, 'custom': {}}
2026-06-15 16:18:49,604 [INFO] Found 0 connected Time Tagger(s)
2026-06-15 16:18:51,227 [INFO] t:   1 s, Board temperature: 40.8 °C, FPGA temperature: 56.8 °C
2026-06-15 16:18:52,789 [INFO] t:   2 s, Board temperature: 40.9 °C, FPGA temperature: 56.8 °C
2026-06-15 16:18:54,336 [INFO] t:   3 s, Board temperature: 40.9 °C, FPGA temperature: 56.8 °C
2026-06-15 16:18:55,905 [INFO] t:   4 s, Board temperature: 40.9 °C, FPGA temperature: 56.9 °C
2026-06-15 16:18:57,479 [INFO] t:   5 s, Board temperature: 40.8 °C, FPGA temperature: 56.8 °C
2026-06-15 16:18:57,480 [INFO] The Time Tagger is warmed up.
2026-06-15 16:18:57,480 [INFO] Time Tagger initialized.
2026-06-15 16:18:57,481 [INFO] Stage Position: 292
2026-06-15 16:18:57,482 [INFO] Starting chunked acquisition (max 5 chunks / 5.0 min)
2026-06-15 16:18:57,483 [INFO] Chunk duration: 1 min
2026-06-15 16:18:57,484 [INFO] Threshold: 50000 counts, checking every 1 chunks
2026-06-15 16:18:57,537 [INFO] Found 0 connected Time Tagger(s)
2026-06-15 16:18:59,141 [INFO] t:   1 s, Board temperature: 40.8 °C, FPGA temperature: 56.7 °C
2026-06-15 16:19:00,708 [INFO] t:   2 s, Board temperature: 40.8 °C, FPGA temperature: 56.8 °C
2026-06-15 16:19:02,257 [INFO] t:   3 s, Board temperature: 40.9 °C, FPGA temperature: 56.8 °C
2026-06-15 16:19:03,870 [INFO] t:   4 s, Board temperature: 40.9 °C, FPGA temperature: 56.8 °C
2026-06-15 16:19:05,412 [INFO] t:   5 s, Board temperature: 40.8 °C, FPGA temperature: 56.9 °C
2026-06-15 16:19:05,413 [INFO] The Time Tagger is warmed up.
2026-06-15 16:19:05,414 [INFO] Time Tagger initialized.
2026-06-15 16:19:05,415 [INFO] Chunk 1/5 | Elapsed: 1.0 min
2026-06-15 16:19:05,416 [INFO] Initializing experiment on Time Tagger.
2026-06-15 16:19:05,417 [INFO] Deadtime for channel 1: 0 ps
2026-06-15 16:19:05,418 [INFO] Deadtime for channel 2: 0 ps
2026-06-15 16:19:05,418 [INFO] Deadtime for channel 3: 0 ps
2026-06-15 16:19:05,420 [INFO] Deadtime for channel 4: 0 ps
2026-06-15 16:19:05,421 [INFO] Deadtime for channel 5: 0 ps
2026-06-15 16:19:05,422 [INFO] Deadtime for channel 6: 0 ps
2026-06-15 16:19:05,423 [INFO] Delays on channels enabled.
2026-06-15 16:19:05,424 [INFO] Delay for channel 1: requested=0 ps, actual=0 ps
2026-06-15 16:19:05,424 [INFO] Delay for channel 2: requested=-1000 ps, actual=-1000 ps
2026-06-15 16:19:05,425 [INFO] Delay for channel 3: requested=20000 ps, actual=20000 ps
2026-06-15 16:19:05,426 [INFO] Delay for channel 4: requested=16500 ps, actual=16500 ps
2026-06-15 16:19:05,427 [INFO] Delay for channel 5: requested=17800 ps, actual=17800 ps
2026-06-15 16:19:05,435 [INFO] Delay for channel 6: requested=17300 ps, actual=17300 ps
2026-06-15 16:19:05,436 [INFO] Executing synchronized correlation measurement.
2026-06-15 16:19:05,437 [INFO] Delays on channels enabled.
2026-06-15 16:19:05,438 [INFO] Delay for channel 1: requested=0 ps, actual=0 ps.
2026-06-15 16:19:05,439 [INFO] Delay for channel 2: requested=-1000 ps, actual=-1000 ps.
2026-06-15 16:19:05,440 [INFO] Delay for channel 3: requested=20000 ps, actual=20000 ps.
2026-06-15 16:19:05,441 [INFO] Delay for channel 4: requested=16500 ps, actual=16500 ps.
2026-06-15 16:19:05,442 [INFO] Delay for channel 5: requested=17800 ps, actual=17800 ps.
2026-06-15 16:19:05,442 [INFO] Delay for channel 6: requested=17300 ps, actual=17300 ps.
2026-06-15 16:19:05,444 [INFO] Initializing measurement with virtual mode channels for ALL heralding permutations.
2026-06-15 16:19:05,444 [INFO] Automatically generated modes from input: {'H3': [1, 2], 'H4': [3, 4], 'H5': [5, 6]}
2026-06-15 16:19:05,446 [INFO] Setting up virtual channels...
2026-06-15 16:19:05,454 [INFO] Initializing physical channel correlation histograms...
2026-06-15 16:19:05,455 [INFO]   Physical correlation: ch1 <-> ch2
2026-06-15 16:19:05,456 [INFO]   Physical correlation: ch1 <-> ch3
2026-06-15 16:19:05,457 [INFO]   Physical correlation: ch1 <-> ch4
2026-06-15 16:19:05,457 [INFO]   Physical correlation: ch1 <-> ch5
2026-06-15 16:19:05,459 [INFO]   Physical correlation: ch1 <-> ch6
2026-06-15 16:19:05,460 [INFO]   Physical correlation: ch2 <-> ch3
2026-06-15 16:19:05,460 [INFO]   Physical correlation: ch2 <-> ch4
2026-06-15 16:19:05,462 [INFO]   Physical correlation: ch2 <-> ch5
2026-06-15 16:19:05,462 [INFO]   Physical correlation: ch2 <-> ch6
2026-06-15 16:19:05,464 [INFO]   Physical correlation: ch3 <-> ch4
2026-06-15 16:19:05,464 [INFO]   Physical correlation: ch3 <-> ch5
2026-06-15 16:19:05,465 [INFO]   Physical correlation: ch3 <-> ch6
2026-06-15 16:19:05,473 [INFO]   Physical correlation: ch4 <-> ch5
2026-06-15 16:19:05,474 [INFO]   Physical correlation: ch4 <-> ch6
2026-06-15 16:19:05,475 [INFO]   Physical correlation: ch5 <-> ch6
2026-06-15 16:19:05,476 [INFO] Initializing virtual mode correlation histograms...
2026-06-15 16:19:05,477 [INFO]   Within-mode (H3): ch1 <-> ch2
2026-06-15 16:19:05,478 [INFO]   Cross-mode: H3 <-> H4
2026-06-15 16:19:05,479 [INFO]   Cross-mode: H3 <-> H5
2026-06-15 16:19:05,480 [INFO]   Within-mode (H4): ch3 <-> ch4
2026-06-15 16:19:05,481 [INFO]   Cross-mode: H4 <-> H5
2026-06-15 16:19:05,482 [INFO]   Within-mode (H5): ch5 <-> ch6
2026-06-15 16:19:05,484 [INFO] Measurement starting for 1.000min / 0.017h
2026-06-15 16:20:32,475 [INFO] Measurements finished.
2026-06-15 16:20:32,477 [INFO] Collecting measurement data...
2026-06-15 16:20:32,478 [INFO] Collecting physical correlation data for (1,2)
2026-06-15 16:20:32,483 [INFO] Collecting physical correlation data for (1,3)
2026-06-15 16:20:32,487 [INFO] Collecting physical correlation data for (1,4)
2026-06-15 16:20:32,491 [INFO] Collecting physical correlation data for (1,5)
2026-06-15 16:20:32,528 [INFO] Collecting physical correlation data for (1,6)
2026-06-15 16:20:32,547 [INFO] Collecting physical correlation data for (2,3)
2026-06-15 16:20:32,555 [INFO] Collecting physical correlation data for (2,4)
2026-06-15 16:20:32,595 [INFO] Collecting physical correlation data for (2,5)
2026-06-15 16:20:32,671 [INFO] Collecting physical correlation data for (2,6)
2026-06-15 16:20:32,696 [INFO] Collecting physical correlation data for (3,4)
2026-06-15 16:20:32,700 [INFO] Collecting physical correlation data for (3,5)
2026-06-15 16:20:32,704 [INFO] Collecting physical correlation data for (3,6)
2026-06-15 16:20:32,720 [INFO] Collecting physical correlation data for (4,5)
2026-06-15 16:20:32,725 [INFO] Collecting physical correlation data for (4,6)
2026-06-15 16:20:32,733 [INFO] Collecting physical correlation data for (5,6)
2026-06-15 16:20:32,737 [INFO] Collecting virtual correlation data for (H3,H3)
2026-06-15 16:20:32,746 [INFO] Collecting virtual correlation data for (H3,H4)
2026-06-15 16:20:32,758 [INFO] Collecting virtual correlation data for (H3,H5)
2026-06-15 16:20:32,763 [INFO] Collecting virtual correlation data for (H4,H4)
2026-06-15 16:20:32,770 [INFO] Collecting virtual correlation data for (H4,H5)
2026-06-15 16:20:32,777 [INFO] Collecting virtual correlation data for (H5,H5)
2026-06-15 16:20:33,297 [INFO] Starting writing data to file.
2026-06-15 16:20:33,499 [INFO] Saved data.
2026-06-15 16:20:33,690 [INFO] Merging 1 chunks into running total...
2026-06-15 16:20:33,693 [INFO] ============================================================
2026-06-15 16:20:33,695 [INFO] STATUS REPORT | Duration: 1.00 min (0.017 h)
2026-06-15 16:20:33,697 [INFO] ============================================================
2026-06-15 16:20:33,698 [INFO] COUNTRATES (Physical):
2026-06-15 16:20:33,699 [INFO]   Ch 1: 3166.6 kHz (total: 170,818,756)
2026-06-15 16:20:33,701 [INFO]   Ch 2: 3996.4 kHz (total: 215,580,548)
2026-06-15 16:20:33,702 [INFO]   Ch 3: 390.8 kHz (total: 21,082,082)
2026-06-15 16:20:33,704 [INFO]   Ch 4: 391.6 kHz (total: 21,122,489)
2026-06-15 16:20:33,705 [INFO]   Ch 5: 123.2 kHz (total: 6,646,564)
2026-06-15 16:20:33,706 [INFO]   Ch 6: 116.7 kHz (total: 6,293,665)
2026-06-15 16:20:33,707 [INFO] COUNTRATES (Virtual):
2026-06-15 16:20:33,707 [INFO]   H3: 7163.0 kHz (total: 386,399,304)
2026-06-15 16:20:33,708 [INFO]   H4: 782.4 kHz (total: 42,204,571)
2026-06-15 16:20:33,709 [INFO]   H5: 239.9 kHz (total: 12,940,229)
2026-06-15 16:20:33,711 [INFO] ------------------------------------------------------------
2026-06-15 16:20:33,713 [INFO] COINCIDENCES (threshold: 50000)
2026-06-15 16:20:33,714 [INFO] ------------------------------------------------------------
2026-06-15 16:20:33,715 [INFO] Twofold (physical) (Reached Threshold):
2026-06-15 16:20:33,715 [INFO]   (1,2): 16,391,678 Y
2026-06-15 16:20:33,716 [INFO]   (1,3): 1,638,005 Y
2026-06-15 16:20:33,717 [INFO]   (1,4): 1,640,340 Y
2026-06-15 16:20:33,718 [INFO]   (1,5): 520,891 Y
2026-06-15 16:20:33,719 [INFO]   (1,6): 490,649 Y
2026-06-15 16:20:33,720 [INFO]   (2,3): 2,047,391 Y
2026-06-15 16:20:33,720 [INFO]   (2,4): 2,049,080 Y
2026-06-15 16:20:33,722 [INFO]   (2,5): 651,069 Y
2026-06-15 16:20:33,722 [INFO]   (2,6): 613,359 Y
2026-06-15 16:20:33,723 [INFO]   (3,4): 204,581 Y
2026-06-15 16:20:33,724 [INFO]   (3,5): 65,393 Y
2026-06-15 16:20:33,725 [INFO]   (3,6): 61,421 Y
2026-06-15 16:20:33,726 [INFO]   (4,5): 65,303 Y
2026-06-15 16:20:33,726 [INFO]   (4,6): 61,492 Y
2026-06-15 16:20:33,727 [INFO]   (5,6): 19,709 X
2026-06-15 16:20:33,728 [INFO] ============================================================
2026-06-15 16:20:33,729 [INFO] >>> 1 combination(s) below threshold <<<
2026-06-15 16:20:33,730 [INFO] ============================================================
2026-06-15 16:20:33,868 [INFO] Updated merged data: C:\Users\QUANTUM\OneDrive - ENSTA\!Working files\HBT\HBT Data\Tests_Jun\2026-06-15_16-18-49_g2_heralded_virtual\MERGED\16-18-49_2026-06-15_40.7mW_num0_MERGED.pkl
2026-06-15 16:20:33,928 [INFO] Found 0 connected Time Tagger(s)
2026-06-15 16:20:35,537 [INFO] t:   1 s, Board temperature: 40.7 °C, FPGA temperature: 56.5 °C
2026-06-15 16:20:37,089 [INFO] t:   2 s, Board temperature: 40.8 °C, FPGA temperature: 56.6 °C
2026-06-15 16:20:38,635 [INFO] t:   3 s, Board temperature: 40.7 °C, FPGA temperature: 56.5 °C
2026-06-15 16:20:40,214 [INFO] t:   4 s, Board temperature: 40.7 °C, FPGA temperature: 56.6 °C
2026-06-15 16:20:41,797 [INFO] t:   5 s, Board temperature: 40.6 °C, FPGA temperature: 56.8 °C
2026-06-15 16:20:41,798 [INFO] The Time Tagger is warmed up.
2026-06-15 16:20:41,799 [INFO] Time Tagger initialized.
2026-06-15 16:20:41,800 [INFO] Chunk 2/5 | Elapsed: 2.0 min
2026-06-15 16:20:41,801 [INFO] Initializing experiment on Time Tagger.
2026-06-15 16:20:41,802 [INFO] Deadtime for channel 1: 0 ps
2026-06-15 16:20:41,803 [INFO] Deadtime for channel 2: 0 ps
2026-06-15 16:20:41,804 [INFO] Deadtime for channel 3: 0 ps
2026-06-15 16:20:41,805 [INFO] Deadtime for channel 4: 0 ps
2026-06-15 16:20:41,806 [INFO] Deadtime for channel 5: 0 ps
2026-06-15 16:20:41,807 [INFO] Deadtime for channel 6: 0 ps
2026-06-15 16:20:41,808 [INFO] Delays on channels enabled.
2026-06-15 16:20:41,815 [INFO] Delay for channel 1: requested=0 ps, actual=0 ps
2026-06-15 16:20:41,816 [INFO] Delay for channel 2: requested=-1000 ps, actual=-1000 ps
2026-06-15 16:20:41,817 [INFO] Delay for channel 3: requested=20000 ps, actual=20000 ps
2026-06-15 16:20:41,818 [INFO] Delay for channel 4: requested=16500 ps, actual=16500 ps
2026-06-15 16:20:41,819 [INFO] Delay for channel 5: requested=17800 ps, actual=17800 ps
2026-06-15 16:20:41,820 [INFO] Delay for channel 6: requested=17300 ps, actual=17300 ps
2026-06-15 16:20:41,821 [INFO] Executing synchronized correlation measurement.
2026-06-15 16:20:41,822 [INFO] Delays on channels enabled.
2026-06-15 16:20:41,823 [INFO] Delay for channel 1: requested=0 ps, actual=0 ps.
2026-06-15 16:20:41,823 [INFO] Delay for channel 2: requested=-1000 ps, actual=-1000 ps.
2026-06-15 16:20:41,825 [INFO] Delay for channel 3: requested=20000 ps, actual=20000 ps.
2026-06-15 16:20:41,826 [INFO] Delay for channel 4: requested=16500 ps, actual=16500 ps.
2026-06-15 16:20:41,834 [INFO] Delay for channel 5: requested=17800 ps, actual=17800 ps.
2026-06-15 16:20:41,834 [INFO] Delay for channel 6: requested=17300 ps, actual=17300 ps.
2026-06-15 16:20:41,835 [INFO] Initializing measurement with virtual mode channels for ALL heralding permutations.
2026-06-15 16:20:41,836 [INFO] Automatically generated modes from input: {'H3': [1, 2], 'H4': [3, 4], 'H5': [5, 6]}
2026-06-15 16:20:41,836 [INFO] Setting up virtual channels...
2026-06-15 16:20:41,838 [INFO] Initializing physical channel correlation histograms...
2026-06-15 16:20:41,839 [INFO]   Physical correlation: ch1 <-> ch2
2026-06-15 16:20:41,840 [INFO]   Physical correlation: ch1 <-> ch3
2026-06-15 16:20:41,841 [INFO]   Physical correlation: ch1 <-> ch4
2026-06-15 16:20:41,842 [INFO]   Physical correlation: ch1 <-> ch5
2026-06-15 16:20:41,843 [INFO]   Physical correlation: ch1 <-> ch6
2026-06-15 16:20:41,851 [INFO]   Physical correlation: ch2 <-> ch3
2026-06-15 16:20:41,853 [INFO]   Physical correlation: ch2 <-> ch4
2026-06-15 16:20:41,855 [INFO]   Physical correlation: ch2 <-> ch5
2026-06-15 16:20:41,856 [INFO]   Physical correlation: ch2 <-> ch6
2026-06-15 16:20:41,857 [INFO]   Physical correlation: ch3 <-> ch4
2026-06-15 16:20:41,858 [INFO]   Physical correlation: ch3 <-> ch5
2026-06-15 16:20:41,859 [INFO]   Physical correlation: ch3 <-> ch6
2026-06-15 16:20:41,860 [INFO]   Physical correlation: ch4 <-> ch5
2026-06-15 16:20:41,861 [INFO]   Physical correlation: ch4 <-> ch6
2026-06-15 16:20:41,862 [INFO]   Physical correlation: ch5 <-> ch6
2026-06-15 16:20:41,863 [INFO] Initializing virtual mode correlation histograms...
2026-06-15 16:20:41,864 [INFO]   Within-mode (H3): ch1 <-> ch2
2026-06-15 16:20:41,865 [INFO]   Cross-mode: H3 <-> H4
2026-06-15 16:20:41,867 [INFO]   Cross-mode: H3 <-> H5
2026-06-15 16:20:41,868 [INFO]   Within-mode (H4): ch3 <-> ch4
2026-06-15 16:20:41,870 [INFO]   Cross-mode: H4 <-> H5
2026-06-15 16:20:41,871 [INFO]   Within-mode (H5): ch5 <-> ch6
2026-06-15 16:20:41,875 [INFO] Measurement starting for 1.000min / 0.017h
2026-06-15 16:21:59,404 [INFO] Measurements finished.
2026-06-15 16:21:59,405 [INFO] Collecting measurement data...
2026-06-15 16:21:59,406 [INFO] Collecting physical correlation data for (1,2)
2026-06-15 16:21:59,409 [INFO] Collecting physical correlation data for (1,3)
2026-06-15 16:21:59,413 [INFO] Collecting physical correlation data for (1,4)
2026-06-15 16:21:59,416 [INFO] Collecting physical correlation data for (1,5)
2026-06-15 16:21:59,420 [INFO] Collecting physical correlation data for (1,6)
2026-06-15 16:21:59,423 [INFO] Collecting physical correlation data for (2,3)
2026-06-15 16:21:59,427 [INFO] Collecting physical correlation data for (2,4)
2026-06-15 16:21:59,430 [INFO] Collecting physical correlation data for (2,5)
2026-06-15 16:21:59,433 [INFO] Collecting physical correlation data for (2,6)
2026-06-15 16:21:59,437 [INFO] Collecting physical correlation data for (3,4)
2026-06-15 16:21:59,441 [INFO] Collecting physical correlation data for (3,5)
2026-06-15 16:21:59,445 [INFO] Collecting physical correlation data for (3,6)
2026-06-15 16:21:59,448 [INFO] Collecting physical correlation data for (4,5)
2026-06-15 16:21:59,452 [INFO] Collecting physical correlation data for (4,6)
2026-06-15 16:21:59,456 [INFO] Collecting physical correlation data for (5,6)
2026-06-15 16:21:59,460 [INFO] Collecting virtual correlation data for (H3,H3)
2026-06-15 16:21:59,465 [INFO] Collecting virtual correlation data for (H3,H4)
2026-06-15 16:21:59,470 [INFO] Collecting virtual correlation data for (H3,H5)
2026-06-15 16:21:59,474 [INFO] Collecting virtual correlation data for (H4,H4)
2026-06-15 16:21:59,477 [INFO] Collecting virtual correlation data for (H4,H5)
2026-06-15 16:21:59,481 [INFO] Collecting virtual correlation data for (H5,H5)
2026-06-15 16:21:59,673 [INFO] Starting writing data to file.
2026-06-15 16:21:59,830 [INFO] Saved data.
2026-06-15 16:22:00,043 [INFO] Merging 1 chunks into running total...
2026-06-15 16:22:00,372 [INFO] ============================================================
2026-06-15 16:22:00,373 [INFO] STATUS REPORT | Duration: 2.00 min (0.033 h)
2026-06-15 16:22:00,374 [INFO] ============================================================
2026-06-15 16:22:00,374 [INFO] COUNTRATES (Physical):
2026-06-15 16:22:00,375 [INFO]   Ch 1: 3159.4 kHz (total: 359,949,578)
2026-06-15 16:22:00,376 [INFO]   Ch 2: 3986.9 kHz (total: 454,225,256)
2026-06-15 16:22:00,377 [INFO]   Ch 3: 389.5 kHz (total: 44,370,001)
2026-06-15 16:22:00,378 [INFO]   Ch 4: 390.1 kHz (total: 44,435,838)
2026-06-15 16:22:00,378 [INFO]   Ch 5: 122.6 kHz (total: 13,970,942)
2026-06-15 16:22:00,379 [INFO]   Ch 6: 116.2 kHz (total: 13,233,904)
2026-06-15 16:22:00,380 [INFO] COUNTRATES (Virtual):
2026-06-15 16:22:00,381 [INFO]   H3: 7146.3 kHz (total: 814,174,834)
2026-06-15 16:22:00,382 [INFO]   H4: 779.5 kHz (total: 88,805,839)
2026-06-15 16:22:00,383 [INFO]   H5: 238.8 kHz (total: 27,204,846)
2026-06-15 16:22:00,384 [INFO] ------------------------------------------------------------
2026-06-15 16:22:00,385 [INFO] COINCIDENCES (threshold: 50000)
2026-06-15 16:22:00,386 [INFO] ------------------------------------------------------------
2026-06-15 16:22:00,386 [INFO] Twofold (physical) (Reached Threshold):
2026-06-15 16:22:00,387 [INFO]   (1,2): 32,488,655 Y
2026-06-15 16:22:00,388 [INFO]   (1,3): 3,245,771 Y
2026-06-15 16:22:00,389 [INFO]   (1,4): 3,246,609 Y
2026-06-15 16:22:00,390 [INFO]   (1,5): 1,029,287 Y
2026-06-15 16:22:00,390 [INFO]   (1,6): 971,145 Y
2026-06-15 16:22:00,391 [INFO]   (2,3): 4,052,049 Y
2026-06-15 16:22:00,392 [INFO]   (2,4): 4,049,893 Y
2026-06-15 16:22:00,393 [INFO]   (2,5): 1,284,130 Y
2026-06-15 16:22:00,393 [INFO]   (2,6): 1,212,751 Y
2026-06-15 16:22:00,394 [INFO]   (3,4): 403,693 Y
2026-06-15 16:22:00,395 [INFO]   (3,5): 128,578 Y
2026-06-15 16:22:00,396 [INFO]   (3,6): 121,855 Y
2026-06-15 16:22:00,397 [INFO]   (4,5): 128,905 Y
2026-06-15 16:22:00,398 [INFO]   (4,6): 121,395 Y
2026-06-15 16:22:00,398 [INFO]   (5,6): 38,780 X
2026-06-15 16:22:00,399 [INFO] ============================================================
2026-06-15 16:22:00,400 [INFO] >>> 1 combination(s) below threshold <<<
2026-06-15 16:22:00,401 [INFO] ============================================================
2026-06-15 16:22:00,554 [INFO] Updated merged data: C:\Users\QUANTUM\OneDrive - ENSTA\!Working files\HBT\HBT Data\Tests_Jun\2026-06-15_16-18-49_g2_heralded_virtual\MERGED\16-18-49_2026-06-15_40.7mW_num0_MERGED.pkl
2026-06-15 16:22:00,611 [INFO] Found 0 connected Time Tagger(s)
2026-06-15 16:22:02,306 [INFO] t:   1 s, Board temperature: 40.6 °C, FPGA temperature: 56.8 °C
2026-06-15 16:22:03,900 [INFO] t:   2 s, Board temperature: 40.7 °C, FPGA temperature: 56.8 °C
2026-06-15 16:22:05,442 [INFO] t:   3 s, Board temperature: 40.8 °C, FPGA temperature: 56.8 °C
2026-06-15 16:22:06,988 [INFO] t:   4 s, Board temperature: 40.8 °C, FPGA temperature: 56.8 °C
2026-06-15 16:22:08,535 [INFO] t:   5 s, Board temperature: 40.8 °C, FPGA temperature: 56.7 °C
2026-06-15 16:22:08,536 [INFO] The Time Tagger is warmed up.
2026-06-15 16:22:08,537 [INFO] Time Tagger initialized.
2026-06-15 16:22:08,538 [INFO] Chunk 3/5 | Elapsed: 3.0 min
2026-06-15 16:22:08,539 [INFO] Initializing experiment on Time Tagger.
2026-06-15 16:22:08,540 [INFO] Deadtime for channel 1: 0 ps
2026-06-15 16:22:08,540 [INFO] Deadtime for channel 2: 0 ps
2026-06-15 16:22:08,541 [INFO] Deadtime for channel 3: 0 ps
2026-06-15 16:22:08,542 [INFO] Deadtime for channel 4: 0 ps
2026-06-15 16:22:08,542 [INFO] Deadtime for channel 5: 0 ps
2026-06-15 16:22:08,543 [INFO] Deadtime for channel 6: 0 ps
2026-06-15 16:22:08,544 [INFO] Delays on channels enabled.
2026-06-15 16:22:08,545 [INFO] Delay for channel 1: requested=0 ps, actual=0 ps
2026-06-15 16:22:08,546 [INFO] Delay for channel 2: requested=-1000 ps, actual=-1000 ps
2026-06-15 16:22:08,553 [INFO] Delay for channel 3: requested=20000 ps, actual=20000 ps
2026-06-15 16:22:08,554 [INFO] Delay for channel 4: requested=16500 ps, actual=16500 ps
2026-06-15 16:22:08,554 [INFO] Delay for channel 5: requested=17800 ps, actual=17800 ps
2026-06-15 16:22:08,555 [INFO] Delay for channel 6: requested=17300 ps, actual=17300 ps
2026-06-15 16:22:08,556 [INFO] Executing synchronized correlation measurement.
2026-06-15 16:22:08,557 [INFO] Delays on channels enabled.
2026-06-15 16:22:08,558 [INFO] Delay for channel 1: requested=0 ps, actual=0 ps.
2026-06-15 16:22:08,559 [INFO] Delay for channel 2: requested=-1000 ps, actual=-1000 ps.
2026-06-15 16:22:08,559 [INFO] Delay for channel 3: requested=20000 ps, actual=20000 ps.
2026-06-15 16:22:08,561 [INFO] Delay for channel 4: requested=16500 ps, actual=16500 ps.
2026-06-15 16:22:08,561 [INFO] Delay for channel 5: requested=17800 ps, actual=17800 ps.
2026-06-15 16:22:08,562 [INFO] Delay for channel 6: requested=17300 ps, actual=17300 ps.
2026-06-15 16:22:08,563 [INFO] Initializing measurement with virtual mode channels for ALL heralding permutations.
2026-06-15 16:22:08,564 [INFO] Automatically generated modes from input: {'H3': [1, 2], 'H4': [3, 4], 'H5': [5, 6]}
2026-06-15 16:22:08,565 [INFO] Setting up virtual channels...
2026-06-15 16:22:08,571 [INFO] Initializing physical channel correlation histograms...
2026-06-15 16:22:08,572 [INFO]   Physical correlation: ch1 <-> ch2
2026-06-15 16:22:08,573 [INFO]   Physical correlation: ch1 <-> ch3
2026-06-15 16:22:08,574 [INFO]   Physical correlation: ch1 <-> ch4
2026-06-15 16:22:08,575 [INFO]   Physical correlation: ch1 <-> ch5
2026-06-15 16:22:08,575 [INFO]   Physical correlation: ch1 <-> ch6
2026-06-15 16:22:08,576 [INFO]   Physical correlation: ch2 <-> ch3
2026-06-15 16:22:08,577 [INFO]   Physical correlation: ch2 <-> ch4
2026-06-15 16:22:08,578 [INFO]   Physical correlation: ch2 <-> ch5
2026-06-15 16:22:08,579 [INFO]   Physical correlation: ch2 <-> ch6
2026-06-15 16:22:08,580 [INFO]   Physical correlation: ch3 <-> ch4
2026-06-15 16:22:08,581 [INFO]   Physical correlation: ch3 <-> ch5
2026-06-15 16:22:08,582 [INFO]   Physical correlation: ch3 <-> ch6
2026-06-15 16:22:08,589 [INFO]   Physical correlation: ch4 <-> ch5
2026-06-15 16:22:08,590 [INFO]   Physical correlation: ch4 <-> ch6
2026-06-15 16:22:08,591 [INFO]   Physical correlation: ch5 <-> ch6
2026-06-15 16:22:08,592 [INFO] Initializing virtual mode correlation histograms...
2026-06-15 16:22:08,592 [INFO]   Within-mode (H3): ch1 <-> ch2
2026-06-15 16:22:08,593 [INFO]   Cross-mode: H3 <-> H4
2026-06-15 16:22:08,594 [INFO]   Cross-mode: H3 <-> H5
2026-06-15 16:22:08,595 [INFO]   Within-mode (H4): ch3 <-> ch4
2026-06-15 16:22:08,596 [INFO]   Cross-mode: H4 <-> H5
2026-06-15 16:22:08,596 [INFO]   Within-mode (H5): ch5 <-> ch6
2026-06-15 16:22:08,598 [INFO] Measurement starting for 1.000min / 0.017h
2026-06-15 16:23:26,819 [INFO] Measurements finished.
2026-06-15 16:23:26,819 [INFO] Collecting measurement data...
2026-06-15 16:23:26,820 [INFO] Collecting physical correlation data for (1,2)
2026-06-15 16:23:26,823 [INFO] Collecting physical correlation data for (1,3)
2026-06-15 16:23:26,825 [INFO] Collecting physical correlation data for (1,4)
2026-06-15 16:23:26,827 [INFO] Collecting physical correlation data for (1,5)
2026-06-15 16:23:26,829 [INFO] Collecting physical correlation data for (1,6)
2026-06-15 16:23:26,831 [INFO] Collecting physical correlation data for (2,3)
2026-06-15 16:23:26,834 [INFO] Collecting physical correlation data for (2,4)
2026-06-15 16:23:26,837 [INFO] Collecting physical correlation data for (2,5)
2026-06-15 16:23:26,840 [INFO] Collecting physical correlation data for (2,6)
2026-06-15 16:23:26,843 [INFO] Collecting physical correlation data for (3,4)
2026-06-15 16:23:26,847 [INFO] Collecting physical correlation data for (3,5)
2026-06-15 16:23:26,849 [INFO] Collecting physical correlation data for (3,6)
2026-06-15 16:23:26,852 [INFO] Collecting physical correlation data for (4,5)
2026-06-15 16:23:26,855 [INFO] Collecting physical correlation data for (4,6)
2026-06-15 16:23:26,858 [INFO] Collecting physical correlation data for (5,6)
2026-06-15 16:23:26,861 [INFO] Collecting virtual correlation data for (H3,H3)
2026-06-15 16:23:26,864 [INFO] Collecting virtual correlation data for (H3,H4)
2026-06-15 16:23:26,869 [INFO] Collecting virtual correlation data for (H3,H5)
2026-06-15 16:23:26,873 [INFO] Collecting virtual correlation data for (H4,H4)
2026-06-15 16:23:26,877 [INFO] Collecting virtual correlation data for (H4,H5)
2026-06-15 16:23:26,881 [INFO] Collecting virtual correlation data for (H5,H5)
2026-06-15 16:23:27,201 [INFO] Starting writing data to file.
2026-06-15 16:23:27,338 [INFO] Saved data.
2026-06-15 16:23:27,556 [INFO] Merging 1 chunks into running total...
2026-06-15 16:23:27,909 [INFO] ============================================================
2026-06-15 16:23:27,913 [INFO] STATUS REPORT | Duration: 3.00 min (0.050 h)
2026-06-15 16:23:27,914 [INFO] ============================================================
2026-06-15 16:23:27,915 [INFO] COUNTRATES (Physical):
2026-06-15 16:23:27,916 [INFO]   Ch 1: 3165.0 kHz (total: 513,279,398)
2026-06-15 16:23:27,917 [INFO]   Ch 2: 3994.3 kHz (total: 647,760,825)
2026-06-15 16:23:27,918 [INFO]   Ch 3: 391.2 kHz (total: 63,418,744)
2026-06-15 16:23:27,919 [INFO]   Ch 4: 391.9 kHz (total: 63,525,981)
2026-06-15 16:23:27,920 [INFO]   Ch 5: 123.2 kHz (total: 19,968,585)
2026-06-15 16:23:27,922 [INFO]   Ch 6: 116.8 kHz (total: 18,934,501)
2026-06-15 16:23:27,923 [INFO] COUNTRATES (Virtual):
2026-06-15 16:23:27,924 [INFO]   H3: 7159.3 kHz (total: 1,161,040,223)
2026-06-15 16:23:27,925 [INFO]   H4: 783.0 kHz (total: 126,944,725)
2026-06-15 16:23:27,926 [INFO]   H5: 240.0 kHz (total: 38,903,086)
2026-06-15 16:23:27,927 [INFO] ------------------------------------------------------------
2026-06-15 16:23:27,928 [INFO] COINCIDENCES (threshold: 50000)
2026-06-15 16:23:27,929 [INFO] ------------------------------------------------------------
2026-06-15 16:23:27,929 [INFO] Twofold (physical) (Reached Threshold):
2026-06-15 16:23:27,930 [INFO]   (1,2): 47,877,484 Y
2026-06-15 16:23:27,931 [INFO]   (1,3): 4,793,353 Y
2026-06-15 16:23:27,932 [INFO]   (1,4): 4,795,378 Y
2026-06-15 16:23:27,932 [INFO]   (1,5): 1,521,621 Y
2026-06-15 16:23:27,933 [INFO]   (1,6): 1,435,540 Y
2026-06-15 16:23:27,934 [INFO]   (2,3): 5,981,694 Y
2026-06-15 16:23:27,935 [INFO]   (2,4): 5,981,488 Y
2026-06-15 16:23:27,936 [INFO]   (2,5): 1,896,852 Y
2026-06-15 16:23:27,937 [INFO]   (2,6): 1,793,609 Y
2026-06-15 16:23:27,938 [INFO]   (3,4): 598,439 Y
2026-06-15 16:23:27,939 [INFO]   (3,5): 190,628 Y
2026-06-15 16:23:27,940 [INFO]   (3,6): 180,316 Y
2026-06-15 16:23:27,940 [INFO]   (4,5): 191,353 Y
2026-06-15 16:23:27,942 [INFO]   (4,6): 180,125 Y
2026-06-15 16:23:27,943 [INFO]   (5,6): 57,562 Y
2026-06-15 16:23:27,944 [INFO] ============================================================
2026-06-15 16:23:27,945 [INFO] >>> ALL THRESHOLDS REACHED <<<
2026-06-15 16:23:27,946 [INFO] ============================================================
2026-06-15 16:23:28,086 [INFO] Updated merged data: C:\Users\QUANTUM\OneDrive - ENSTA\!Working files\HBT\HBT Data\Tests_Jun\2026-06-15_16-18-49_g2_heralded_virtual\MERGED\16-18-49_2026-06-15_40.7mW_num0_MERGED.pkl
2026-06-15 16:23:28,087 [INFO] >>> THRESHOLD REACHED - STOPPING EARLY <<<
2026-06-15 16:23:28,088 [INFO] Final merged data saved to: C:\Users\QUANTUM\OneDrive - ENSTA\!Working files\HBT\HBT Data\Tests_Jun\2026-06-15_16-18-49_g2_heralded_virtual\MERGED\16-18-49_2026-06-15_40.7mW_num0_MERGED.pkl
2026-06-15 16:23:28,088 [INFO] Total merged duration: 3.00 min
2026-06-15 16:23:28,090 [INFO] Measurement completed in 4.51 min
2026-06-15 16:23:28,091 [INFO] Successful finish.
