2026-06-17 15:06:21,687 [INFO] Script start.
2026-06-17 15:06:21,694 [INFO] ====================GENERAL SETTINGS====================
2026-06-17 15:06:21,694 [INFO] {'date': '2026-06-17', 'time': '15-06-21', 'experiment_type': 'g2_heralded_virtual', 'save_dir': 'C:\\Users\\QUANTUM\\OneDrive - ENSTA\\!Working files\\HBT\\HBT Data\\Tests_Jun\\2026-06-17_15-06-21_g2_heralded_virtual', 'material': 'GaAs100_100um_P1_700_40_cover', 'laser': {'rep_rate_hz': 18880000.0, 'wavelength_nm': 2100}, 'timetagging': {'tt_mode': 'Standard', 'binwidth_ps': 100, 'num_bins': 50000, 'channels': [1, 2, 3, 4, 5, 6], 'mode_on_channel': ['H3T', 'H3R', 'H4T', 'H4R', 'H5T', 'H5R'], 'deadtime': [0, 0, 0, 0, 0, 0], 'delays': [0, -1000, 20000, 16500, 17800, 17300], 'coincidence_window': 25000, 'trigger': [], 'filter': []}, 'custom': {}}
2026-06-17 15:06:21,743 [INFO] Found 1 connected Time Tagger(s)
2026-06-17 15:06:26,120 [INFO] t:   1 s, Board temperature: 41.3 °C, FPGA temperature: 56.4 °C
2026-06-17 15:06:27,679 [INFO] t:   2 s, Board temperature: 41.4 °C, FPGA temperature: 56.9 °C
2026-06-17 15:06:29,248 [INFO] t:   3 s, Board temperature: 41.4 °C, FPGA temperature: 57.1 °C
2026-06-17 15:06:30,812 [INFO] t:   4 s, Board temperature: 41.5 °C, FPGA temperature: 57.3 °C
2026-06-17 15:06:32,391 [INFO] t:   5 s, Board temperature: 41.3 °C, FPGA temperature: 57.4 °C
2026-06-17 15:06:32,392 [INFO] The Time Tagger is warmed up.
2026-06-17 15:06:32,393 [INFO] Time Tagger initialized.
2026-06-17 15:06:32,394 [INFO] Stage Position: 19.5
2026-06-17 15:06:32,395 [INFO] Starting chunked acquisition (max 2 chunks / 4.0 min)
2026-06-17 15:06:32,395 [INFO] Chunk duration: 2 min
2026-06-17 15:06:32,396 [INFO] Threshold: 50000 counts, checking every 1 chunks
2026-06-17 15:06:32,448 [INFO] Found 0 connected Time Tagger(s)
2026-06-17 15:06:34,359 [INFO] t:   1 s, Board temperature: 41.4 °C, FPGA temperature: 57.5 °C
2026-06-17 15:06:35,920 [INFO] t:   2 s, Board temperature: 41.4 °C, FPGA temperature: 57.4 °C
2026-06-17 15:06:37,479 [INFO] t:   3 s, Board temperature: 41.2 °C, FPGA temperature: 57.6 °C
2026-06-17 15:06:39,052 [INFO] t:   4 s, Board temperature: 41.2 °C, FPGA temperature: 57.6 °C
2026-06-17 15:06:40,600 [INFO] t:   5 s, Board temperature: 41.2 °C, FPGA temperature: 57.7 °C
2026-06-17 15:06:40,601 [INFO] The Time Tagger is warmed up.
2026-06-17 15:06:40,602 [INFO] Time Tagger initialized.
2026-06-17 15:06:40,603 [INFO] Chunk 1/2 | Elapsed: 2.0 min
2026-06-17 15:06:40,603 [INFO] Initializing experiment on Time Tagger.
2026-06-17 15:06:40,605 [INFO] Deadtime for channel 1: 0 ps
2026-06-17 15:06:40,605 [INFO] Deadtime for channel 2: 0 ps
2026-06-17 15:06:40,606 [INFO] Deadtime for channel 3: 0 ps
2026-06-17 15:06:40,607 [INFO] Deadtime for channel 4: 0 ps
2026-06-17 15:06:40,608 [INFO] Deadtime for channel 5: 0 ps
2026-06-17 15:06:40,609 [INFO] Deadtime for channel 6: 0 ps
2026-06-17 15:06:40,610 [INFO] Delays on channels enabled.
2026-06-17 15:06:40,611 [INFO] Delay for channel 1: requested=0 ps, actual=0 ps
2026-06-17 15:06:40,612 [INFO] Delay for channel 2: requested=-1000 ps, actual=-1000 ps
2026-06-17 15:06:40,613 [INFO] Delay for channel 3: requested=20000 ps, actual=20000 ps
2026-06-17 15:06:40,614 [INFO] Delay for channel 4: requested=16500 ps, actual=16500 ps
2026-06-17 15:06:40,615 [INFO] Delay for channel 5: requested=17800 ps, actual=17800 ps
2026-06-17 15:06:40,616 [INFO] Delay for channel 6: requested=17300 ps, actual=17300 ps
2026-06-17 15:06:40,617 [INFO] Executing synchronized correlation measurement.
2026-06-17 15:06:40,618 [INFO] Delays on channels enabled.
2026-06-17 15:06:40,619 [INFO] Delay for channel 1: requested=0 ps, actual=0 ps.
2026-06-17 15:06:40,620 [INFO] Delay for channel 2: requested=-1000 ps, actual=-1000 ps.
2026-06-17 15:06:40,621 [INFO] Delay for channel 3: requested=20000 ps, actual=20000 ps.
2026-06-17 15:06:40,621 [INFO] Delay for channel 4: requested=16500 ps, actual=16500 ps.
2026-06-17 15:06:40,623 [INFO] Delay for channel 5: requested=17800 ps, actual=17800 ps.
2026-06-17 15:06:40,623 [INFO] Delay for channel 6: requested=17300 ps, actual=17300 ps.
2026-06-17 15:06:40,624 [INFO] Initializing measurement with virtual mode channels for ALL heralding permutations.
2026-06-17 15:06:40,625 [INFO] Automatically generated modes from input: {'H3': [1, 2], 'H4': [3, 4], 'H5': [5, 6]}
2026-06-17 15:06:40,626 [INFO] Setting up virtual channels...
2026-06-17 15:06:40,628 [INFO] Initializing physical channel correlation histograms...
2026-06-17 15:06:40,628 [INFO]   Physical correlation: ch1 <-> ch2
2026-06-17 15:06:40,629 [INFO]   Physical correlation: ch1 <-> ch3
2026-06-17 15:06:40,630 [INFO]   Physical correlation: ch1 <-> ch4
2026-06-17 15:06:40,631 [INFO]   Physical correlation: ch1 <-> ch5
2026-06-17 15:06:40,632 [INFO]   Physical correlation: ch1 <-> ch6
2026-06-17 15:06:40,633 [INFO]   Physical correlation: ch2 <-> ch3
2026-06-17 15:06:40,634 [INFO]   Physical correlation: ch2 <-> ch4
2026-06-17 15:06:40,635 [INFO]   Physical correlation: ch2 <-> ch5
2026-06-17 15:06:40,636 [INFO]   Physical correlation: ch2 <-> ch6
2026-06-17 15:06:40,637 [INFO]   Physical correlation: ch3 <-> ch4
2026-06-17 15:06:40,638 [INFO]   Physical correlation: ch3 <-> ch5
2026-06-17 15:06:40,639 [INFO]   Physical correlation: ch3 <-> ch6
2026-06-17 15:06:40,640 [INFO]   Physical correlation: ch4 <-> ch5
2026-06-17 15:06:40,641 [INFO]   Physical correlation: ch4 <-> ch6
2026-06-17 15:06:40,642 [INFO]   Physical correlation: ch5 <-> ch6
2026-06-17 15:06:40,643 [INFO] Initializing virtual mode correlation histograms...
2026-06-17 15:06:40,644 [INFO]   Within-mode (H3): ch1 <-> ch2
2026-06-17 15:06:40,645 [INFO]   Cross-mode: H3 <-> H4
2026-06-17 15:06:40,646 [INFO]   Cross-mode: H3 <-> H5
2026-06-17 15:06:40,654 [INFO]   Within-mode (H4): ch3 <-> ch4
2026-06-17 15:06:40,655 [INFO]   Cross-mode: H4 <-> H5
2026-06-17 15:06:40,656 [INFO]   Within-mode (H5): ch5 <-> ch6
2026-06-17 15:06:40,659 [INFO] Measurement starting for 2.000min / 0.033h
2026-06-17 15:08:40,801 [INFO] Measurements finished.
2026-06-17 15:08:40,802 [INFO] Collecting measurement data...
2026-06-17 15:08:40,804 [INFO] Collecting physical correlation data for (1,2)
2026-06-17 15:08:40,805 [INFO] Collecting physical correlation data for (1,3)
2026-06-17 15:08:40,807 [INFO] Collecting physical correlation data for (1,4)
2026-06-17 15:08:40,809 [INFO] Collecting physical correlation data for (1,5)
2026-06-17 15:08:40,813 [INFO] Collecting physical correlation data for (1,6)
2026-06-17 15:08:40,815 [INFO] Collecting physical correlation data for (2,3)
2026-06-17 15:08:40,817 [INFO] Collecting physical correlation data for (2,4)
2026-06-17 15:08:40,820 [INFO] Collecting physical correlation data for (2,5)
2026-06-17 15:08:40,822 [INFO] Collecting physical correlation data for (2,6)
2026-06-17 15:08:40,824 [INFO] Collecting physical correlation data for (3,4)
2026-06-17 15:08:40,826 [INFO] Collecting physical correlation data for (3,5)
2026-06-17 15:08:40,829 [INFO] Collecting physical correlation data for (3,6)
2026-06-17 15:08:40,831 [INFO] Collecting physical correlation data for (4,5)
2026-06-17 15:08:40,833 [INFO] Collecting physical correlation data for (4,6)
2026-06-17 15:08:40,836 [INFO] Collecting physical correlation data for (5,6)
2026-06-17 15:08:40,839 [INFO] Collecting virtual correlation data for (H3,H3)
2026-06-17 15:08:40,841 [INFO] Collecting virtual correlation data for (H3,H4)
2026-06-17 15:08:40,843 [INFO] Collecting virtual correlation data for (H3,H5)
2026-06-17 15:08:40,846 [INFO] Collecting virtual correlation data for (H4,H4)
2026-06-17 15:08:40,848 [INFO] Collecting virtual correlation data for (H4,H5)
2026-06-17 15:08:40,851 [INFO] Collecting virtual correlation data for (H5,H5)
2026-06-17 15:08:40,872 [INFO] Starting writing data to file.
2026-06-17 15:08:40,973 [INFO] Saved data.
2026-06-17 15:08:41,093 [INFO] Merging 1 chunks into running total...
2026-06-17 15:08:41,093 [INFO] ============================================================
2026-06-17 15:08:41,094 [INFO] STATUS REPORT | Duration: 2.00 min (0.033 h)
2026-06-17 15:08:41,095 [INFO] ============================================================
2026-06-17 15:08:41,096 [INFO] COUNTRATES (Physical):
2026-06-17 15:08:41,097 [INFO]   Ch 1: 539.6 kHz (total: 64,757,105)
2026-06-17 15:08:41,098 [INFO]   Ch 2: 572.2 kHz (total: 68,668,261)
2026-06-17 15:08:41,099 [INFO]   Ch 3: 0.0 kHz (total: 0)
2026-06-17 15:08:41,100 [INFO]   Ch 4: 0.0 kHz (total: 0)
2026-06-17 15:08:41,101 [INFO]   Ch 5: 231.8 kHz (total: 27,817,195)
2026-06-17 15:08:41,102 [INFO]   Ch 6: 229.1 kHz (total: 27,495,437)
2026-06-17 15:08:41,103 [INFO] COUNTRATES (Virtual):
2026-06-17 15:08:41,104 [INFO]   H3: 1111.9 kHz (total: 133,425,366)
2026-06-17 15:08:41,104 [INFO]   H4: 0.0 kHz (total: 0)
2026-06-17 15:08:41,105 [INFO]   H5: 460.9 kHz (total: 55,312,632)
2026-06-17 15:08:41,106 [INFO] ------------------------------------------------------------
2026-06-17 15:08:41,106 [INFO] COINCIDENCES (threshold: 50000)
2026-06-17 15:08:41,107 [INFO] ------------------------------------------------------------
2026-06-17 15:08:41,108 [INFO] Twofold (physical) (Reached Threshold):
2026-06-17 15:08:41,109 [INFO]   (1,2): 2,082,827 Y
2026-06-17 15:08:41,110 [INFO]   (1,3): 0 X
2026-06-17 15:08:41,111 [INFO]   (1,4): 0 X
2026-06-17 15:08:41,112 [INFO]   (1,5): 860,590 Y
2026-06-17 15:08:41,112 [INFO]   (1,6): 853,862 Y
2026-06-17 15:08:41,113 [INFO]   (2,3): 0 X
2026-06-17 15:08:41,114 [INFO]   (2,4): 0 X
2026-06-17 15:08:41,115 [INFO]   (2,5): 904,526 Y
2026-06-17 15:08:41,116 [INFO]   (2,6): 896,620 Y
2026-06-17 15:08:41,117 [INFO]   (3,4): 0 X
2026-06-17 15:08:41,118 [INFO]   (3,5): 0 X
2026-06-17 15:08:41,119 [INFO]   (3,6): 0 X
2026-06-17 15:08:41,120 [INFO]   (4,5): 0 X
2026-06-17 15:08:41,121 [INFO]   (4,6): 0 X
2026-06-17 15:08:41,121 [INFO]   (5,6): 381,065 Y
2026-06-17 15:08:41,122 [INFO] ============================================================
2026-06-17 15:08:41,123 [INFO] >>> 9 combination(s) below threshold <<<
2026-06-17 15:08:41,124 [INFO] ============================================================
2026-06-17 15:08:41,228 [INFO] Updated merged data: C:\Users\QUANTUM\OneDrive - ENSTA\!Working files\HBT\HBT Data\Tests_Jun\2026-06-17_15-06-21_g2_heralded_virtual\MERGED\15-06-21_2026-06-17_40mW_num0_MERGED.pkl
2026-06-17 15:08:41,268 [INFO] Found 0 connected Time Tagger(s)
2026-06-17 15:08:42,912 [INFO] t:   1 s, Board temperature: 41.2 °C, FPGA temperature: 57.6 °C
2026-06-17 15:08:44,466 [INFO] t:   2 s, Board temperature: 41.2 °C, FPGA temperature: 57.6 °C
2026-06-17 15:08:46,049 [INFO] t:   3 s, Board temperature: 41.2 °C, FPGA temperature: 57.6 °C
2026-06-17 15:08:47,603 [INFO] t:   4 s, Board temperature: 41.2 °C, FPGA temperature: 57.5 °C
2026-06-17 15:08:49,166 [INFO] t:   5 s, Board temperature: 41.2 °C, FPGA temperature: 57.5 °C
2026-06-17 15:08:49,167 [INFO] The Time Tagger is warmed up.
2026-06-17 15:08:49,168 [INFO] Time Tagger initialized.
2026-06-17 15:08:49,169 [INFO] Chunk 2/2 | Elapsed: 4.0 min
2026-06-17 15:08:49,170 [INFO] Initializing experiment on Time Tagger.
2026-06-17 15:08:49,170 [INFO] Deadtime for channel 1: 0 ps
2026-06-17 15:08:49,171 [INFO] Deadtime for channel 2: 0 ps
2026-06-17 15:08:49,172 [INFO] Deadtime for channel 3: 0 ps
2026-06-17 15:08:49,173 [INFO] Deadtime for channel 4: 0 ps
2026-06-17 15:08:49,173 [INFO] Deadtime for channel 5: 0 ps
2026-06-17 15:08:49,174 [INFO] Deadtime for channel 6: 0 ps
2026-06-17 15:08:49,174 [INFO] Delays on channels enabled.
2026-06-17 15:08:49,175 [INFO] Delay for channel 1: requested=0 ps, actual=0 ps
2026-06-17 15:08:49,175 [INFO] Delay for channel 2: requested=-1000 ps, actual=-1000 ps
2026-06-17 15:08:49,177 [INFO] Delay for channel 3: requested=20000 ps, actual=20000 ps
2026-06-17 15:08:49,177 [INFO] Delay for channel 4: requested=16500 ps, actual=16500 ps
2026-06-17 15:08:49,178 [INFO] Delay for channel 5: requested=17800 ps, actual=17800 ps
2026-06-17 15:08:49,178 [INFO] Delay for channel 6: requested=17300 ps, actual=17300 ps
2026-06-17 15:08:49,179 [INFO] Executing synchronized correlation measurement.
2026-06-17 15:08:49,180 [INFO] Delays on channels enabled.
2026-06-17 15:08:49,181 [INFO] Delay for channel 1: requested=0 ps, actual=0 ps.
2026-06-17 15:08:49,181 [INFO] Delay for channel 2: requested=-1000 ps, actual=-1000 ps.
2026-06-17 15:08:49,182 [INFO] Delay for channel 3: requested=20000 ps, actual=20000 ps.
2026-06-17 15:08:49,183 [INFO] Delay for channel 4: requested=16500 ps, actual=16500 ps.
2026-06-17 15:08:49,184 [INFO] Delay for channel 5: requested=17800 ps, actual=17800 ps.
2026-06-17 15:08:49,185 [INFO] Delay for channel 6: requested=17300 ps, actual=17300 ps.
2026-06-17 15:08:49,186 [INFO] Initializing measurement with virtual mode channels for ALL heralding permutations.
2026-06-17 15:08:49,186 [INFO] Automatically generated modes from input: {'H3': [1, 2], 'H4': [3, 4], 'H5': [5, 6]}
2026-06-17 15:08:49,187 [INFO] Setting up virtual channels...
2026-06-17 15:08:49,188 [INFO] Initializing physical channel correlation histograms...
2026-06-17 15:08:49,189 [INFO]   Physical correlation: ch1 <-> ch2
2026-06-17 15:08:49,190 [INFO]   Physical correlation: ch1 <-> ch3
2026-06-17 15:08:49,190 [INFO]   Physical correlation: ch1 <-> ch4
2026-06-17 15:08:49,191 [INFO]   Physical correlation: ch1 <-> ch5
2026-06-17 15:08:49,191 [INFO]   Physical correlation: ch1 <-> ch6
2026-06-17 15:08:49,192 [INFO]   Physical correlation: ch2 <-> ch3
2026-06-17 15:08:49,193 [INFO]   Physical correlation: ch2 <-> ch4
2026-06-17 15:08:49,194 [INFO]   Physical correlation: ch2 <-> ch5
2026-06-17 15:08:49,194 [INFO]   Physical correlation: ch2 <-> ch6
2026-06-17 15:08:49,195 [INFO]   Physical correlation: ch3 <-> ch4
2026-06-17 15:08:49,196 [INFO]   Physical correlation: ch3 <-> ch5
2026-06-17 15:08:49,196 [INFO]   Physical correlation: ch3 <-> ch6
2026-06-17 15:08:49,197 [INFO]   Physical correlation: ch4 <-> ch5
2026-06-17 15:08:49,198 [INFO]   Physical correlation: ch4 <-> ch6
2026-06-17 15:08:49,199 [INFO]   Physical correlation: ch5 <-> ch6
2026-06-17 15:08:49,199 [INFO] Initializing virtual mode correlation histograms...
2026-06-17 15:08:49,200 [INFO]   Within-mode (H3): ch1 <-> ch2
2026-06-17 15:08:49,201 [INFO]   Cross-mode: H3 <-> H4
2026-06-17 15:08:49,202 [INFO]   Cross-mode: H3 <-> H5
2026-06-17 15:08:49,202 [INFO]   Within-mode (H4): ch3 <-> ch4
2026-06-17 15:08:49,203 [INFO]   Cross-mode: H4 <-> H5
2026-06-17 15:08:49,204 [INFO]   Within-mode (H5): ch5 <-> ch6
2026-06-17 15:08:49,206 [INFO] Measurement starting for 2.000min / 0.033h
2026-06-17 15:10:49,372 [INFO] Measurements finished.
2026-06-17 15:10:49,372 [INFO] Collecting measurement data...
2026-06-17 15:10:49,373 [INFO] Collecting physical correlation data for (1,2)
2026-06-17 15:10:49,375 [INFO] Collecting physical correlation data for (1,3)
2026-06-17 15:10:49,377 [INFO] Collecting physical correlation data for (1,4)
2026-06-17 15:10:49,379 [INFO] Collecting physical correlation data for (1,5)
2026-06-17 15:10:49,381 [INFO] Collecting physical correlation data for (1,6)
2026-06-17 15:10:49,383 [INFO] Collecting physical correlation data for (2,3)
2026-06-17 15:10:49,386 [INFO] Collecting physical correlation data for (2,4)
2026-06-17 15:10:49,388 [INFO] Collecting physical correlation data for (2,5)
2026-06-17 15:10:49,390 [INFO] Collecting physical correlation data for (2,6)
2026-06-17 15:10:49,392 [INFO] Collecting physical correlation data for (3,4)
2026-06-17 15:10:49,394 [INFO] Collecting physical correlation data for (3,5)
2026-06-17 15:10:49,397 [INFO] Collecting physical correlation data for (3,6)
2026-06-17 15:10:49,399 [INFO] Collecting physical correlation data for (4,5)
2026-06-17 15:10:49,401 [INFO] Collecting physical correlation data for (4,6)
2026-06-17 15:10:49,403 [INFO] Collecting physical correlation data for (5,6)
2026-06-17 15:10:49,405 [INFO] Collecting virtual correlation data for (H3,H3)
2026-06-17 15:10:49,408 [INFO] Collecting virtual correlation data for (H3,H4)
2026-06-17 15:10:49,410 [INFO] Collecting virtual correlation data for (H3,H5)
2026-06-17 15:10:49,412 [INFO] Collecting virtual correlation data for (H4,H4)
2026-06-17 15:10:49,415 [INFO] Collecting virtual correlation data for (H4,H5)
2026-06-17 15:10:49,417 [INFO] Collecting virtual correlation data for (H5,H5)
2026-06-17 15:10:49,439 [INFO] Starting writing data to file.
2026-06-17 15:10:49,534 [INFO] Saved data.
2026-06-17 15:10:49,647 [INFO] Merging 1 chunks into running total...
2026-06-17 15:10:49,813 [INFO] ============================================================
2026-06-17 15:10:49,814 [INFO] STATUS REPORT | Duration: 4.00 min (0.067 h)
2026-06-17 15:10:49,814 [INFO] ============================================================
2026-06-17 15:10:49,816 [INFO] COUNTRATES (Physical):
2026-06-17 15:10:49,816 [INFO]   Ch 1: 538.5 kHz (total: 129,241,762)
2026-06-17 15:10:49,817 [INFO]   Ch 2: 570.9 kHz (total: 137,007,852)
2026-06-17 15:10:49,818 [INFO]   Ch 3: 0.0 kHz (total: 0)
2026-06-17 15:10:49,819 [INFO]   Ch 4: 0.0 kHz (total: 0)
2026-06-17 15:10:49,819 [INFO]   Ch 5: 232.0 kHz (total: 55,673,513)
2026-06-17 15:10:49,820 [INFO]   Ch 6: 229.2 kHz (total: 55,015,836)
2026-06-17 15:10:49,821 [INFO] COUNTRATES (Virtual):
2026-06-17 15:10:49,821 [INFO]   H3: 1109.4 kHz (total: 266,249,614)
2026-06-17 15:10:49,822 [INFO]   H4: 0.0 kHz (total: 0)
2026-06-17 15:10:49,822 [INFO]   H5: 461.2 kHz (total: 110,689,349)
2026-06-17 15:10:49,823 [INFO] ------------------------------------------------------------
2026-06-17 15:10:49,824 [INFO] COINCIDENCES (threshold: 50000)
2026-06-17 15:10:49,824 [INFO] ------------------------------------------------------------
2026-06-17 15:10:49,825 [INFO] Twofold (physical) (Reached Threshold):
2026-06-17 15:10:49,825 [INFO]   (1,2): 4,146,474 Y
2026-06-17 15:10:49,826 [INFO]   (1,3): 0 X
2026-06-17 15:10:49,826 [INFO]   (1,4): 0 X
2026-06-17 15:10:49,827 [INFO]   (1,5): 1,720,896 Y
2026-06-17 15:10:49,828 [INFO]   (1,6): 1,701,846 Y
2026-06-17 15:10:49,828 [INFO]   (2,3): 0 X
2026-06-17 15:10:49,829 [INFO]   (2,4): 0 X
2026-06-17 15:10:49,829 [INFO]   (2,5): 1,805,176 Y
2026-06-17 15:10:49,830 [INFO]   (2,6): 1,790,406 Y
2026-06-17 15:10:49,831 [INFO]   (3,4): 0 X
2026-06-17 15:10:49,831 [INFO]   (3,5): 0 X
2026-06-17 15:10:49,832 [INFO]   (3,6): 0 X
2026-06-17 15:10:49,833 [INFO]   (4,5): 0 X
2026-06-17 15:10:49,833 [INFO]   (4,6): 0 X
2026-06-17 15:10:49,834 [INFO]   (5,6): 762,198 Y
2026-06-17 15:10:49,834 [INFO] ============================================================
2026-06-17 15:10:49,835 [INFO] >>> 9 combination(s) below threshold <<<
2026-06-17 15:10:49,836 [INFO] ============================================================
2026-06-17 15:10:49,921 [INFO] Updated merged data: C:\Users\QUANTUM\OneDrive - ENSTA\!Working files\HBT\HBT Data\Tests_Jun\2026-06-17_15-06-21_g2_heralded_virtual\MERGED\15-06-21_2026-06-17_40mW_num0_MERGED.pkl
2026-06-17 15:10:50,006 [INFO] Final merged data saved to: C:\Users\QUANTUM\OneDrive - ENSTA\!Working files\HBT\HBT Data\Tests_Jun\2026-06-17_15-06-21_g2_heralded_virtual\MERGED\15-06-21_2026-06-17_40mW_num0_MERGED.pkl
2026-06-17 15:10:50,006 [INFO] Total merged duration: 4.00 min
2026-06-17 15:10:50,007 [INFO] Measurement completed in 4.29 min
2026-06-17 15:10:50,008 [INFO] Running cleanup...
2026-06-17 15:10:50,009 [INFO] Rotation stage(s) disconnected cleanly.
2026-06-17 15:10:50,010 [INFO] Successful finish.
