2026-06-18 12:35:05,950 [INFO] Script start.
2026-06-18 12:35:05,957 [INFO] ====================GENERAL SETTINGS====================
2026-06-18 12:35:05,958 [INFO] {'date': '2026-06-18', 'time': '12-35-05', 'experiment_type': 'g2_heralded_virtual', 'save_dir': 'C:\\Users\\QUANTUM\\OneDrive - ENSTA\\!Working files\\HBT\\HBT Data\\Tests_Jun\\18_RMS\\2026-06-18_12-35-05_g2_heralded_virtual', 'material': 'GaAs100_100um_P1_P3_700-40_425-25_RMS_282_22', 'laser': {'rep_rate_hz': 18660000.0, 'wavelength_nm': 2100}, 'timetagging': {'tt_mode': 'Standard', 'binwidth_ps': 100, 'num_bins': 50000, 'channels': [1, 2, 3, 4, 5, 6], 'mode_on_channel': ['H3T', 'H3R', 'H4T', 'H4R', 'H5T', 'H5R'], 'deadtime': [0, 0, 0, 0, 0, 0], 'delays': [0, -1000, 20000, 16500, 17800, 17300], 'coincidence_window': 25000, 'trigger': [], 'filter': []}, 'custom': {}}
2026-06-18 12:35:06,011 [INFO] Found 1 connected Time Tagger(s)
2026-06-18 12:35:10,392 [INFO] t:   1 s, Board temperature: 41.6 °C, FPGA temperature: 56.2 °C
2026-06-18 12:35:11,957 [INFO] t:   2 s, Board temperature: 41.6 °C, FPGA temperature: 56.8 °C
2026-06-18 12:35:13,520 [INFO] t:   3 s, Board temperature: 41.7 °C, FPGA temperature: 57.1 °C
2026-06-18 12:35:15,081 [INFO] t:   4 s, Board temperature: 41.7 °C, FPGA temperature: 57.2 °C
2026-06-18 12:35:16,626 [INFO] t:   5 s, Board temperature: 41.6 °C, FPGA temperature: 57.4 °C
2026-06-18 12:35:16,627 [INFO] The Time Tagger is warmed up.
2026-06-18 12:35:16,628 [INFO] Time Tagger initialized.
2026-06-18 12:35:16,629 [INFO] Stage Position: 22.0
2026-06-18 12:35:16,630 [INFO] Starting chunked acquisition (max 2 chunks / 2.0 min)
2026-06-18 12:35:16,630 [INFO] Chunk duration: 1 min
2026-06-18 12:35:16,632 [INFO] Threshold: 50000 counts, checking every 2 chunks
2026-06-18 12:35:16,676 [INFO] Found 0 connected Time Tagger(s)
2026-06-18 12:35:18,369 [INFO] t:   1 s, Board temperature: 41.6 °C, FPGA temperature: 57.3 °C
2026-06-18 12:35:19,927 [INFO] t:   2 s, Board temperature: 41.6 °C, FPGA temperature: 57.6 °C
2026-06-18 12:35:21,484 [INFO] t:   3 s, Board temperature: 41.5 °C, FPGA temperature: 57.4 °C
2026-06-18 12:35:23,032 [INFO] t:   4 s, Board temperature: 41.5 °C, FPGA temperature: 57.4 °C
2026-06-18 12:35:24,589 [INFO] t:   5 s, Board temperature: 41.5 °C, FPGA temperature: 57.5 °C
2026-06-18 12:35:24,589 [INFO] The Time Tagger is warmed up.
2026-06-18 12:35:24,590 [INFO] Time Tagger initialized.
2026-06-18 12:35:24,592 [INFO] Chunk 1/2 | Elapsed: 1.0 min
2026-06-18 12:35:24,592 [INFO] Initializing experiment on Time Tagger.
2026-06-18 12:35:24,593 [INFO] Deadtime for channel 1: 0 ps
2026-06-18 12:35:24,594 [INFO] Deadtime for channel 2: 0 ps
2026-06-18 12:35:24,595 [INFO] Deadtime for channel 3: 0 ps
2026-06-18 12:35:24,596 [INFO] Deadtime for channel 4: 0 ps
2026-06-18 12:35:24,597 [INFO] Deadtime for channel 5: 0 ps
2026-06-18 12:35:24,598 [INFO] Deadtime for channel 6: 0 ps
2026-06-18 12:35:24,598 [INFO] Delays on channels enabled.
2026-06-18 12:35:24,599 [INFO] Delay for channel 1: requested=0 ps, actual=0 ps
2026-06-18 12:35:24,600 [INFO] Delay for channel 2: requested=-1000 ps, actual=-1000 ps
2026-06-18 12:35:24,600 [INFO] Delay for channel 3: requested=20000 ps, actual=20000 ps
2026-06-18 12:35:24,601 [INFO] Delay for channel 4: requested=16500 ps, actual=16500 ps
2026-06-18 12:35:24,602 [INFO] Delay for channel 5: requested=17800 ps, actual=17800 ps
2026-06-18 12:35:24,603 [INFO] Delay for channel 6: requested=17300 ps, actual=17300 ps
2026-06-18 12:35:24,603 [INFO] Executing synchronized correlation measurement.
2026-06-18 12:35:24,604 [INFO] Delays on channels enabled.
2026-06-18 12:35:24,605 [INFO] Delay for channel 1: requested=0 ps, actual=0 ps.
2026-06-18 12:35:24,605 [INFO] Delay for channel 2: requested=-1000 ps, actual=-1000 ps.
2026-06-18 12:35:24,606 [INFO] Delay for channel 3: requested=20000 ps, actual=20000 ps.
2026-06-18 12:35:24,607 [INFO] Delay for channel 4: requested=16500 ps, actual=16500 ps.
2026-06-18 12:35:24,608 [INFO] Delay for channel 5: requested=17800 ps, actual=17800 ps.
2026-06-18 12:35:24,608 [INFO] Delay for channel 6: requested=17300 ps, actual=17300 ps.
2026-06-18 12:35:24,609 [INFO] Initializing measurement with virtual mode channels for ALL heralding permutations.
2026-06-18 12:35:24,609 [INFO] Automatically generated modes from input: {'H3': [1, 2], 'H4': [3, 4], 'H5': [5, 6]}
2026-06-18 12:35:24,610 [INFO] Setting up virtual channels...
2026-06-18 12:35:24,611 [INFO] Initializing physical channel correlation histograms...
2026-06-18 12:35:24,612 [INFO]   Physical correlation: ch1 <-> ch2
2026-06-18 12:35:24,612 [INFO]   Physical correlation: ch1 <-> ch3
2026-06-18 12:35:24,613 [INFO]   Physical correlation: ch1 <-> ch4
2026-06-18 12:35:24,614 [INFO]   Physical correlation: ch1 <-> ch5
2026-06-18 12:35:24,614 [INFO]   Physical correlation: ch1 <-> ch6
2026-06-18 12:35:24,616 [INFO]   Physical correlation: ch2 <-> ch3
2026-06-18 12:35:24,616 [INFO]   Physical correlation: ch2 <-> ch4
2026-06-18 12:35:24,617 [INFO]   Physical correlation: ch2 <-> ch5
2026-06-18 12:35:24,617 [INFO]   Physical correlation: ch2 <-> ch6
2026-06-18 12:35:24,618 [INFO]   Physical correlation: ch3 <-> ch4
2026-06-18 12:35:24,619 [INFO]   Physical correlation: ch3 <-> ch5
2026-06-18 12:35:24,620 [INFO]   Physical correlation: ch3 <-> ch6
2026-06-18 12:35:24,621 [INFO]   Physical correlation: ch4 <-> ch5
2026-06-18 12:35:24,622 [INFO]   Physical correlation: ch4 <-> ch6
2026-06-18 12:35:24,622 [INFO]   Physical correlation: ch5 <-> ch6
2026-06-18 12:35:24,623 [INFO] Initializing virtual mode correlation histograms...
2026-06-18 12:35:24,624 [INFO]   Within-mode (H3): ch1 <-> ch2
2026-06-18 12:35:24,625 [INFO]   Cross-mode: H3 <-> H4
2026-06-18 12:35:24,625 [INFO]   Cross-mode: H3 <-> H5
2026-06-18 12:35:24,626 [INFO]   Within-mode (H4): ch3 <-> ch4
2026-06-18 12:35:24,627 [INFO]   Cross-mode: H4 <-> H5
2026-06-18 12:35:24,628 [INFO]   Within-mode (H5): ch5 <-> ch6
2026-06-18 12:35:24,629 [INFO] Measurement starting for 1.000min / 0.017h
2026-06-18 12:36:24,793 [INFO] Measurements finished.
2026-06-18 12:36:24,794 [INFO] Collecting measurement data...
2026-06-18 12:36:24,794 [INFO] Collecting physical correlation data for (1,2)
2026-06-18 12:36:24,797 [INFO] Collecting physical correlation data for (1,3)
2026-06-18 12:36:24,799 [INFO] Collecting physical correlation data for (1,4)
2026-06-18 12:36:24,801 [INFO] Collecting physical correlation data for (1,5)
2026-06-18 12:36:24,803 [INFO] Collecting physical correlation data for (1,6)
2026-06-18 12:36:24,805 [INFO] Collecting physical correlation data for (2,3)
2026-06-18 12:36:24,807 [INFO] Collecting physical correlation data for (2,4)
2026-06-18 12:36:24,810 [INFO] Collecting physical correlation data for (2,5)
2026-06-18 12:36:24,811 [INFO] Collecting physical correlation data for (2,6)
2026-06-18 12:36:24,815 [INFO] Collecting physical correlation data for (3,4)
2026-06-18 12:36:24,817 [INFO] Collecting physical correlation data for (3,5)
2026-06-18 12:36:24,819 [INFO] Collecting physical correlation data for (3,6)
2026-06-18 12:36:24,821 [INFO] Collecting physical correlation data for (4,5)
2026-06-18 12:36:24,824 [INFO] Collecting physical correlation data for (4,6)
2026-06-18 12:36:24,826 [INFO] Collecting physical correlation data for (5,6)
2026-06-18 12:36:24,828 [INFO] Collecting virtual correlation data for (H3,H3)
2026-06-18 12:36:24,831 [INFO] Collecting virtual correlation data for (H3,H4)
2026-06-18 12:36:24,833 [INFO] Collecting virtual correlation data for (H3,H5)
2026-06-18 12:36:24,835 [INFO] Collecting virtual correlation data for (H4,H4)
2026-06-18 12:36:24,837 [INFO] Collecting virtual correlation data for (H4,H5)
2026-06-18 12:36:24,838 [INFO] Collecting virtual correlation data for (H5,H5)
2026-06-18 12:36:24,860 [INFO] Starting writing data to file.
2026-06-18 12:36:24,951 [INFO] Saved data.
2026-06-18 12:36:25,109 [INFO] Found 0 connected Time Tagger(s)
2026-06-18 12:36:26,717 [INFO] t:   1 s, Board temperature: 41.5 °C, FPGA temperature: 57.6 °C
2026-06-18 12:36:28,273 [INFO] t:   2 s, Board temperature: 41.5 °C, FPGA temperature: 57.6 °C
2026-06-18 12:36:29,828 [INFO] t:   3 s, Board temperature: 41.6 °C, FPGA temperature: 57.8 °C
2026-06-18 12:36:31,384 [INFO] t:   4 s, Board temperature: 41.7 °C, FPGA temperature: 57.8 °C
2026-06-18 12:36:32,943 [INFO] t:   5 s, Board temperature: 41.8 °C, FPGA temperature: 57.7 °C
2026-06-18 12:36:32,944 [INFO] The Time Tagger is warmed up.
2026-06-18 12:36:32,945 [INFO] Time Tagger initialized.
2026-06-18 12:36:32,946 [INFO] Chunk 2/2 | Elapsed: 2.0 min
2026-06-18 12:36:32,947 [INFO] Initializing experiment on Time Tagger.
2026-06-18 12:36:32,948 [INFO] Deadtime for channel 1: 0 ps
2026-06-18 12:36:32,948 [INFO] Deadtime for channel 2: 0 ps
2026-06-18 12:36:32,949 [INFO] Deadtime for channel 3: 0 ps
2026-06-18 12:36:32,950 [INFO] Deadtime for channel 4: 0 ps
2026-06-18 12:36:32,951 [INFO] Deadtime for channel 5: 0 ps
2026-06-18 12:36:32,951 [INFO] Deadtime for channel 6: 0 ps
2026-06-18 12:36:32,952 [INFO] Delays on channels enabled.
2026-06-18 12:36:32,953 [INFO] Delay for channel 1: requested=0 ps, actual=0 ps
2026-06-18 12:36:32,954 [INFO] Delay for channel 2: requested=-1000 ps, actual=-1000 ps
2026-06-18 12:36:32,954 [INFO] Delay for channel 3: requested=20000 ps, actual=20000 ps
2026-06-18 12:36:32,955 [INFO] Delay for channel 4: requested=16500 ps, actual=16500 ps
2026-06-18 12:36:32,955 [INFO] Delay for channel 5: requested=17800 ps, actual=17800 ps
2026-06-18 12:36:32,956 [INFO] Delay for channel 6: requested=17300 ps, actual=17300 ps
2026-06-18 12:36:32,957 [INFO] Executing synchronized correlation measurement.
2026-06-18 12:36:32,958 [INFO] Delays on channels enabled.
2026-06-18 12:36:32,958 [INFO] Delay for channel 1: requested=0 ps, actual=0 ps.
2026-06-18 12:36:32,959 [INFO] Delay for channel 2: requested=-1000 ps, actual=-1000 ps.
2026-06-18 12:36:32,959 [INFO] Delay for channel 3: requested=20000 ps, actual=20000 ps.
2026-06-18 12:36:32,960 [INFO] Delay for channel 4: requested=16500 ps, actual=16500 ps.
2026-06-18 12:36:32,961 [INFO] Delay for channel 5: requested=17800 ps, actual=17800 ps.
2026-06-18 12:36:32,961 [INFO] Delay for channel 6: requested=17300 ps, actual=17300 ps.
2026-06-18 12:36:32,962 [INFO] Initializing measurement with virtual mode channels for ALL heralding permutations.
2026-06-18 12:36:32,963 [INFO] Automatically generated modes from input: {'H3': [1, 2], 'H4': [3, 4], 'H5': [5, 6]}
2026-06-18 12:36:32,963 [INFO] Setting up virtual channels...
2026-06-18 12:36:32,964 [INFO] Initializing physical channel correlation histograms...
2026-06-18 12:36:32,965 [INFO]   Physical correlation: ch1 <-> ch2
2026-06-18 12:36:32,966 [INFO]   Physical correlation: ch1 <-> ch3
2026-06-18 12:36:32,966 [INFO]   Physical correlation: ch1 <-> ch4
2026-06-18 12:36:32,967 [INFO]   Physical correlation: ch1 <-> ch5
2026-06-18 12:36:32,968 [INFO]   Physical correlation: ch1 <-> ch6
2026-06-18 12:36:32,969 [INFO]   Physical correlation: ch2 <-> ch3
2026-06-18 12:36:32,969 [INFO]   Physical correlation: ch2 <-> ch4
2026-06-18 12:36:32,970 [INFO]   Physical correlation: ch2 <-> ch5
2026-06-18 12:36:32,971 [INFO]   Physical correlation: ch2 <-> ch6
2026-06-18 12:36:32,971 [INFO]   Physical correlation: ch3 <-> ch4
2026-06-18 12:36:32,972 [INFO]   Physical correlation: ch3 <-> ch5
2026-06-18 12:36:32,973 [INFO]   Physical correlation: ch3 <-> ch6
2026-06-18 12:36:32,973 [INFO]   Physical correlation: ch4 <-> ch5
2026-06-18 12:36:32,974 [INFO]   Physical correlation: ch4 <-> ch6
2026-06-18 12:36:32,975 [INFO]   Physical correlation: ch5 <-> ch6
2026-06-18 12:36:32,976 [INFO] Initializing virtual mode correlation histograms...
2026-06-18 12:36:32,976 [INFO]   Within-mode (H3): ch1 <-> ch2
2026-06-18 12:36:32,977 [INFO]   Cross-mode: H3 <-> H4
2026-06-18 12:36:32,978 [INFO]   Cross-mode: H3 <-> H5
2026-06-18 12:36:32,978 [INFO]   Within-mode (H4): ch3 <-> ch4
2026-06-18 12:36:32,979 [INFO]   Cross-mode: H4 <-> H5
2026-06-18 12:36:32,980 [INFO]   Within-mode (H5): ch5 <-> ch6
2026-06-18 12:36:32,982 [INFO] Measurement starting for 1.000min / 0.017h
