2026-06-17 16:12:06,770 [INFO] Script start.
2026-06-17 16:12:06,777 [INFO] ====================GENERAL SETTINGS====================
2026-06-17 16:12:06,778 [INFO] {'date': '2026-06-17', 'time': '16-12-06', 'experiment_type': 'g2_heralded_virtual', 'save_dir': 'C:\\Users\\QUANTUM\\OneDrive - ENSTA\\!Working files\\HBT\\HBT Data\\Tests_Jun\\2026-06-17_16-12-06_g2_heralded_virtual', 'material': 'GaAs100_100um_noP1_700_10_cover_maxGain_P3', 'laser': {'rep_rate_hz': 18660000.0, 'wavelength_nm': 2100}, 'timetagging': {'tt_mode': 'Standard', 'binwidth_ps': 100, 'num_bins': 50000, 'channels': [1, 2, 3, 4, 5, 6], 'mode_on_channel': ['H3T', 'H3R', 'H4T', 'H4R', 'H5T', 'H5R'], 'deadtime': [0, 0, 0, 0, 0, 0], 'delays': [0, -1000, 20000, 16500, 17800, 17300], 'coincidence_window': 25000, 'trigger': [], 'filter': []}, 'custom': {}}
2026-06-17 16:12:06,827 [INFO] Found 0 connected Time Tagger(s)
2026-06-17 16:12:08,462 [INFO] t:   1 s, Board temperature: 41.2 °C, FPGA temperature: 57.4 °C
2026-06-17 16:12:10,040 [INFO] t:   2 s, Board temperature: 41.2 °C, FPGA temperature: 57.4 °C
2026-06-17 16:12:11,608 [INFO] t:   3 s, Board temperature: 41.2 °C, FPGA temperature: 57.4 °C
2026-06-17 16:12:13,185 [INFO] t:   4 s, Board temperature: 41.2 °C, FPGA temperature: 57.4 °C
2026-06-17 16:12:14,753 [INFO] t:   5 s, Board temperature: 41.2 °C, FPGA temperature: 57.5 °C
2026-06-17 16:12:14,754 [INFO] The Time Tagger is warmed up.
2026-06-17 16:12:14,755 [INFO] Time Tagger initialized.
2026-06-17 16:12:14,756 [INFO] Stage Position: 19.5
2026-06-17 16:12:14,757 [INFO] Starting chunked acquisition (max 2 chunks / 2.0 min)
2026-06-17 16:12:14,757 [INFO] Chunk duration: 1 min
2026-06-17 16:12:14,758 [INFO] Threshold: 50000 counts, checking every 1 chunks
2026-06-17 16:12:14,801 [INFO] Found 0 connected Time Tagger(s)
2026-06-17 16:12:16,808 [INFO] t:   1 s, Board temperature: 41.2 °C, FPGA temperature: 57.4 °C
2026-06-17 16:12:18,404 [INFO] t:   2 s, Board temperature: 41.2 °C, FPGA temperature: 57.4 °C
2026-06-17 16:12:19,984 [INFO] t:   3 s, Board temperature: 41.2 °C, FPGA temperature: 57.4 °C
2026-06-17 16:12:21,541 [INFO] t:   4 s, Board temperature: 41.2 °C, FPGA temperature: 57.5 °C
2026-06-17 16:12:23,122 [INFO] t:   5 s, Board temperature: 41.3 °C, FPGA temperature: 57.6 °C
2026-06-17 16:12:23,122 [INFO] The Time Tagger is warmed up.
2026-06-17 16:12:23,123 [INFO] Time Tagger initialized.
2026-06-17 16:12:23,124 [INFO] Chunk 1/2 | Elapsed: 1.0 min
2026-06-17 16:12:23,124 [INFO] Initializing experiment on Time Tagger.
2026-06-17 16:12:23,125 [INFO] Deadtime for channel 1: 0 ps
2026-06-17 16:12:23,126 [INFO] Deadtime for channel 2: 0 ps
2026-06-17 16:12:23,127 [INFO] Deadtime for channel 3: 0 ps
2026-06-17 16:12:23,127 [INFO] Deadtime for channel 4: 0 ps
2026-06-17 16:12:23,128 [INFO] Deadtime for channel 5: 0 ps
2026-06-17 16:12:23,129 [INFO] Deadtime for channel 6: 0 ps
2026-06-17 16:12:23,129 [INFO] Delays on channels enabled.
2026-06-17 16:12:23,130 [INFO] Delay for channel 1: requested=0 ps, actual=0 ps
2026-06-17 16:12:23,131 [INFO] Delay for channel 2: requested=-1000 ps, actual=-1000 ps
2026-06-17 16:12:23,131 [INFO] Delay for channel 3: requested=20000 ps, actual=20000 ps
2026-06-17 16:12:23,132 [INFO] Delay for channel 4: requested=16500 ps, actual=16500 ps
2026-06-17 16:12:23,132 [INFO] Delay for channel 5: requested=17800 ps, actual=17800 ps
2026-06-17 16:12:23,133 [INFO] Delay for channel 6: requested=17300 ps, actual=17300 ps
2026-06-17 16:12:23,134 [INFO] Executing synchronized correlation measurement.
2026-06-17 16:12:23,141 [INFO] Delays on channels enabled.
2026-06-17 16:12:23,141 [INFO] Delay for channel 1: requested=0 ps, actual=0 ps.
2026-06-17 16:12:23,142 [INFO] Delay for channel 2: requested=-1000 ps, actual=-1000 ps.
2026-06-17 16:12:23,143 [INFO] Delay for channel 3: requested=20000 ps, actual=20000 ps.
2026-06-17 16:12:23,143 [INFO] Delay for channel 4: requested=16500 ps, actual=16500 ps.
2026-06-17 16:12:23,144 [INFO] Delay for channel 5: requested=17800 ps, actual=17800 ps.
2026-06-17 16:12:23,145 [INFO] Delay for channel 6: requested=17300 ps, actual=17300 ps.
2026-06-17 16:12:23,146 [INFO] Initializing measurement with virtual mode channels for ALL heralding permutations.
2026-06-17 16:12:23,146 [INFO] Automatically generated modes from input: {'H3': [1, 2], 'H4': [3, 4], 'H5': [5, 6]}
2026-06-17 16:12:23,147 [INFO] Setting up virtual channels...
2026-06-17 16:12:23,148 [INFO] Initializing physical channel correlation histograms...
2026-06-17 16:12:23,149 [INFO]   Physical correlation: ch1 <-> ch2
2026-06-17 16:12:23,150 [INFO]   Physical correlation: ch1 <-> ch3
2026-06-17 16:12:23,150 [INFO]   Physical correlation: ch1 <-> ch4
2026-06-17 16:12:23,151 [INFO]   Physical correlation: ch1 <-> ch5
2026-06-17 16:12:23,152 [INFO]   Physical correlation: ch1 <-> ch6
2026-06-17 16:12:23,153 [INFO]   Physical correlation: ch2 <-> ch3
2026-06-17 16:12:23,154 [INFO]   Physical correlation: ch2 <-> ch4
2026-06-17 16:12:23,155 [INFO]   Physical correlation: ch2 <-> ch5
2026-06-17 16:12:23,156 [INFO]   Physical correlation: ch2 <-> ch6
2026-06-17 16:12:23,156 [INFO]   Physical correlation: ch3 <-> ch4
2026-06-17 16:12:23,157 [INFO]   Physical correlation: ch3 <-> ch5
2026-06-17 16:12:23,158 [INFO]   Physical correlation: ch3 <-> ch6
2026-06-17 16:12:23,158 [INFO]   Physical correlation: ch4 <-> ch5
2026-06-17 16:12:23,159 [INFO]   Physical correlation: ch4 <-> ch6
2026-06-17 16:12:23,160 [INFO]   Physical correlation: ch5 <-> ch6
2026-06-17 16:12:23,161 [INFO] Initializing virtual mode correlation histograms...
2026-06-17 16:12:23,162 [INFO]   Within-mode (H3): ch1 <-> ch2
2026-06-17 16:12:23,162 [INFO]   Cross-mode: H3 <-> H4
2026-06-17 16:12:23,163 [INFO]   Cross-mode: H3 <-> H5
2026-06-17 16:12:23,164 [INFO]   Within-mode (H4): ch3 <-> ch4
2026-06-17 16:12:23,165 [INFO]   Cross-mode: H4 <-> H5
2026-06-17 16:12:23,165 [INFO]   Within-mode (H5): ch5 <-> ch6
2026-06-17 16:12:23,167 [INFO] Measurement starting for 1.000min / 0.017h
2026-06-17 16:13:23,636 [INFO] Measurements finished.
2026-06-17 16:13:23,637 [INFO] Collecting measurement data...
2026-06-17 16:13:23,639 [INFO] Collecting physical correlation data for (1,2)
2026-06-17 16:13:23,641 [INFO] Collecting physical correlation data for (1,3)
2026-06-17 16:13:23,643 [INFO] Collecting physical correlation data for (1,4)
2026-06-17 16:13:23,645 [INFO] Collecting physical correlation data for (1,5)
2026-06-17 16:13:23,648 [INFO] Collecting physical correlation data for (1,6)
2026-06-17 16:13:23,650 [INFO] Collecting physical correlation data for (2,3)
2026-06-17 16:13:23,652 [INFO] Collecting physical correlation data for (2,4)
2026-06-17 16:13:23,654 [INFO] Collecting physical correlation data for (2,5)
2026-06-17 16:13:23,657 [INFO] Collecting physical correlation data for (2,6)
2026-06-17 16:13:23,659 [INFO] Collecting physical correlation data for (3,4)
2026-06-17 16:13:23,661 [INFO] Collecting physical correlation data for (3,5)
2026-06-17 16:13:23,663 [INFO] Collecting physical correlation data for (3,6)
2026-06-17 16:13:23,665 [INFO] Collecting physical correlation data for (4,5)
2026-06-17 16:13:23,667 [INFO] Collecting physical correlation data for (4,6)
2026-06-17 16:13:23,669 [INFO] Collecting physical correlation data for (5,6)
2026-06-17 16:13:23,672 [INFO] Collecting virtual correlation data for (H3,H3)
2026-06-17 16:13:23,674 [INFO] Collecting virtual correlation data for (H3,H4)
2026-06-17 16:13:23,676 [INFO] Collecting virtual correlation data for (H3,H5)
2026-06-17 16:13:23,678 [INFO] Collecting virtual correlation data for (H4,H4)
2026-06-17 16:13:23,681 [INFO] Collecting virtual correlation data for (H4,H5)
2026-06-17 16:13:23,683 [INFO] Collecting virtual correlation data for (H5,H5)
2026-06-17 16:13:23,705 [INFO] Starting writing data to file.
2026-06-17 16:13:23,788 [INFO] Saved data.
2026-06-17 16:13:23,894 [INFO] Merging 1 chunks into running total...
2026-06-17 16:13:23,894 [INFO] ============================================================
2026-06-17 16:13:23,895 [INFO] STATUS REPORT | Duration: 1.00 min (0.017 h)
2026-06-17 16:13:23,896 [INFO] ============================================================
2026-06-17 16:13:23,897 [INFO] COUNTRATES (Physical):
2026-06-17 16:13:23,897 [INFO]   Ch 1: 585.2 kHz (total: 35,109,442)
2026-06-17 16:13:23,899 [INFO]   Ch 2: 576.5 kHz (total: 34,592,003)
2026-06-17 16:13:23,899 [INFO]   Ch 3: 0.0 kHz (total: 0)
2026-06-17 16:13:23,900 [INFO]   Ch 4: 0.0 kHz (total: 0)
2026-06-17 16:13:23,901 [INFO]   Ch 5: 513.9 kHz (total: 30,834,194)
2026-06-17 16:13:23,901 [INFO]   Ch 6: 528.1 kHz (total: 31,684,059)
2026-06-17 16:13:23,902 [INFO] COUNTRATES (Virtual):
2026-06-17 16:13:23,903 [INFO]   H3: 1161.7 kHz (total: 69,701,445)
2026-06-17 16:13:23,903 [INFO]   H4: 0.0 kHz (total: 0)
2026-06-17 16:13:23,904 [INFO]   H5: 1042.0 kHz (total: 62,518,253)
2026-06-17 16:13:23,905 [INFO] ------------------------------------------------------------
2026-06-17 16:13:23,905 [INFO] COINCIDENCES (threshold: 50000)
2026-06-17 16:13:23,906 [INFO] ------------------------------------------------------------
2026-06-17 16:13:23,906 [INFO] Twofold (physical) (Reached Threshold):
2026-06-17 16:13:23,907 [INFO]   (1,2): 1,745,219 Y
2026-06-17 16:13:23,908 [INFO]   (1,3): 0 X
2026-06-17 16:13:23,909 [INFO]   (1,4): 0 X
2026-06-17 16:13:23,909 [INFO]   (1,5): 1,400,062 Y
2026-06-17 16:13:23,910 [INFO]   (1,6): 1,443,037 Y
2026-06-17 16:13:23,911 [INFO]   (2,3): 0 X
2026-06-17 16:13:23,911 [INFO]   (2,4): 0 X
2026-06-17 16:13:23,912 [INFO]   (2,5): 1,327,645 Y
2026-06-17 16:13:23,913 [INFO]   (2,6): 1,366,477 Y
2026-06-17 16:13:23,913 [INFO]   (3,4): 0 X
2026-06-17 16:13:23,914 [INFO]   (3,5): 0 X
2026-06-17 16:13:23,914 [INFO]   (3,6): 0 X
2026-06-17 16:13:23,915 [INFO]   (4,5): 0 X
2026-06-17 16:13:23,915 [INFO]   (4,6): 0 X
2026-06-17 16:13:23,916 [INFO]   (5,6): 1,136,140 Y
2026-06-17 16:13:23,917 [INFO] ============================================================
2026-06-17 16:13:23,917 [INFO] >>> 9 combination(s) below threshold <<<
2026-06-17 16:13:23,918 [INFO] ============================================================
2026-06-17 16:13:23,999 [INFO] Updated merged data: C:\Users\QUANTUM\OneDrive - ENSTA\!Working files\HBT\HBT Data\Tests_Jun\2026-06-17_16-12-06_g2_heralded_virtual\MERGED\16-12-06_2026-06-17_40mW_num0_MERGED.pkl
2026-06-17 16:13:24,041 [INFO] Found 0 connected Time Tagger(s)
2026-06-17 16:13:25,685 [INFO] t:   1 s, Board temperature: 41.3 °C, FPGA temperature: 57.4 °C
2026-06-17 16:13:27,235 [INFO] t:   2 s, Board temperature: 41.3 °C, FPGA temperature: 57.5 °C
2026-06-17 16:13:28,781 [INFO] t:   3 s, Board temperature: 41.3 °C, FPGA temperature: 57.4 °C
2026-06-17 16:13:30,341 [INFO] t:   4 s, Board temperature: 41.2 °C, FPGA temperature: 57.4 °C
2026-06-17 16:13:31,916 [INFO] t:   5 s, Board temperature: 41.2 °C, FPGA temperature: 57.5 °C
2026-06-17 16:13:31,917 [INFO] The Time Tagger is warmed up.
2026-06-17 16:13:31,917 [INFO] Time Tagger initialized.
2026-06-17 16:13:31,919 [INFO] Chunk 2/2 | Elapsed: 2.0 min
2026-06-17 16:13:31,920 [INFO] Initializing experiment on Time Tagger.
2026-06-17 16:13:31,921 [INFO] Deadtime for channel 1: 0 ps
2026-06-17 16:13:31,921 [INFO] Deadtime for channel 2: 0 ps
2026-06-17 16:13:31,922 [INFO] Deadtime for channel 3: 0 ps
2026-06-17 16:13:31,923 [INFO] Deadtime for channel 4: 0 ps
2026-06-17 16:13:31,924 [INFO] Deadtime for channel 5: 0 ps
2026-06-17 16:13:31,925 [INFO] Deadtime for channel 6: 0 ps
2026-06-17 16:13:31,926 [INFO] Delays on channels enabled.
2026-06-17 16:13:31,926 [INFO] Delay for channel 1: requested=0 ps, actual=0 ps
2026-06-17 16:13:31,927 [INFO] Delay for channel 2: requested=-1000 ps, actual=-1000 ps
2026-06-17 16:13:31,928 [INFO] Delay for channel 3: requested=20000 ps, actual=20000 ps
2026-06-17 16:13:31,929 [INFO] Delay for channel 4: requested=16500 ps, actual=16500 ps
2026-06-17 16:13:31,936 [INFO] Delay for channel 5: requested=17800 ps, actual=17800 ps
2026-06-17 16:13:31,937 [INFO] Delay for channel 6: requested=17300 ps, actual=17300 ps
2026-06-17 16:13:31,938 [INFO] Executing synchronized correlation measurement.
2026-06-17 16:13:31,939 [INFO] Delays on channels enabled.
2026-06-17 16:13:31,940 [INFO] Delay for channel 1: requested=0 ps, actual=0 ps.
2026-06-17 16:13:31,941 [INFO] Delay for channel 2: requested=-1000 ps, actual=-1000 ps.
2026-06-17 16:13:31,941 [INFO] Delay for channel 3: requested=20000 ps, actual=20000 ps.
2026-06-17 16:13:31,942 [INFO] Delay for channel 4: requested=16500 ps, actual=16500 ps.
2026-06-17 16:13:31,944 [INFO] Delay for channel 5: requested=17800 ps, actual=17800 ps.
2026-06-17 16:13:31,945 [INFO] Delay for channel 6: requested=17300 ps, actual=17300 ps.
2026-06-17 16:13:31,945 [INFO] Initializing measurement with virtual mode channels for ALL heralding permutations.
2026-06-17 16:13:31,946 [INFO] Automatically generated modes from input: {'H3': [1, 2], 'H4': [3, 4], 'H5': [5, 6]}
2026-06-17 16:13:31,947 [INFO] Setting up virtual channels...
2026-06-17 16:13:31,949 [INFO] Initializing physical channel correlation histograms...
2026-06-17 16:13:31,950 [INFO]   Physical correlation: ch1 <-> ch2
2026-06-17 16:13:31,951 [INFO]   Physical correlation: ch1 <-> ch3
2026-06-17 16:13:31,952 [INFO]   Physical correlation: ch1 <-> ch4
2026-06-17 16:13:31,953 [INFO]   Physical correlation: ch1 <-> ch5
2026-06-17 16:13:31,954 [INFO]   Physical correlation: ch1 <-> ch6
2026-06-17 16:13:31,955 [INFO]   Physical correlation: ch2 <-> ch3
2026-06-17 16:13:31,956 [INFO]   Physical correlation: ch2 <-> ch4
2026-06-17 16:13:31,957 [INFO]   Physical correlation: ch2 <-> ch5
2026-06-17 16:13:31,958 [INFO]   Physical correlation: ch2 <-> ch6
2026-06-17 16:13:31,958 [INFO]   Physical correlation: ch3 <-> ch4
2026-06-17 16:13:31,960 [INFO]   Physical correlation: ch3 <-> ch5
2026-06-17 16:13:31,961 [INFO]   Physical correlation: ch3 <-> ch6
2026-06-17 16:13:31,962 [INFO]   Physical correlation: ch4 <-> ch5
2026-06-17 16:13:31,963 [INFO]   Physical correlation: ch4 <-> ch6
2026-06-17 16:13:31,964 [INFO]   Physical correlation: ch5 <-> ch6
2026-06-17 16:13:31,964 [INFO] Initializing virtual mode correlation histograms...
2026-06-17 16:13:31,966 [INFO]   Within-mode (H3): ch1 <-> ch2
2026-06-17 16:13:31,966 [INFO]   Cross-mode: H3 <-> H4
2026-06-17 16:13:31,967 [INFO]   Cross-mode: H3 <-> H5
2026-06-17 16:13:31,968 [INFO]   Within-mode (H4): ch3 <-> ch4
2026-06-17 16:13:31,969 [INFO]   Cross-mode: H4 <-> H5
2026-06-17 16:13:31,970 [INFO]   Within-mode (H5): ch5 <-> ch6
2026-06-17 16:13:31,972 [INFO] Measurement starting for 1.000min / 0.017h
2026-06-17 16:14:32,449 [INFO] Measurements finished.
2026-06-17 16:14:32,450 [INFO] Collecting measurement data...
2026-06-17 16:14:32,452 [INFO] Collecting physical correlation data for (1,2)
2026-06-17 16:14:32,454 [INFO] Collecting physical correlation data for (1,3)
2026-06-17 16:14:32,456 [INFO] Collecting physical correlation data for (1,4)
2026-06-17 16:14:32,458 [INFO] Collecting physical correlation data for (1,5)
2026-06-17 16:14:32,460 [INFO] Collecting physical correlation data for (1,6)
2026-06-17 16:14:32,462 [INFO] Collecting physical correlation data for (2,3)
2026-06-17 16:14:32,465 [INFO] Collecting physical correlation data for (2,4)
2026-06-17 16:14:32,467 [INFO] Collecting physical correlation data for (2,5)
2026-06-17 16:14:32,470 [INFO] Collecting physical correlation data for (2,6)
2026-06-17 16:14:32,472 [INFO] Collecting physical correlation data for (3,4)
2026-06-17 16:14:32,473 [INFO] Collecting physical correlation data for (3,5)
2026-06-17 16:14:32,477 [INFO] Collecting physical correlation data for (3,6)
2026-06-17 16:14:32,478 [INFO] Collecting physical correlation data for (4,5)
2026-06-17 16:14:32,480 [INFO] Collecting physical correlation data for (4,6)
2026-06-17 16:14:32,483 [INFO] Collecting physical correlation data for (5,6)
2026-06-17 16:14:32,485 [INFO] Collecting virtual correlation data for (H3,H3)
2026-06-17 16:14:32,488 [INFO] Collecting virtual correlation data for (H3,H4)
2026-06-17 16:14:32,491 [INFO] Collecting virtual correlation data for (H3,H5)
2026-06-17 16:14:32,493 [INFO] Collecting virtual correlation data for (H4,H4)
2026-06-17 16:14:32,495 [INFO] Collecting virtual correlation data for (H4,H5)
2026-06-17 16:14:32,498 [INFO] Collecting virtual correlation data for (H5,H5)
2026-06-17 16:14:32,522 [INFO] Starting writing data to file.
2026-06-17 16:14:32,612 [INFO] Saved data.
2026-06-17 16:14:32,730 [INFO] Merging 1 chunks into running total...
2026-06-17 16:14:32,920 [INFO] ============================================================
2026-06-17 16:14:32,921 [INFO] STATUS REPORT | Duration: 2.00 min (0.033 h)
2026-06-17 16:14:32,922 [INFO] ============================================================
2026-06-17 16:14:32,923 [INFO] COUNTRATES (Physical):
2026-06-17 16:14:32,924 [INFO]   Ch 1: 585.5 kHz (total: 70,259,343)
2026-06-17 16:14:32,925 [INFO]   Ch 2: 577.2 kHz (total: 69,259,595)
2026-06-17 16:14:32,926 [INFO]   Ch 3: 0.0 kHz (total: 0)
2026-06-17 16:14:32,927 [INFO]   Ch 4: 0.0 kHz (total: 0)
2026-06-17 16:14:32,928 [INFO]   Ch 5: 513.9 kHz (total: 61,670,118)
2026-06-17 16:14:32,929 [INFO]   Ch 6: 528.1 kHz (total: 63,375,754)
2026-06-17 16:14:32,929 [INFO] COUNTRATES (Virtual):
2026-06-17 16:14:32,930 [INFO]   H3: 1162.7 kHz (total: 139,518,938)
2026-06-17 16:14:32,931 [INFO]   H4: 0.0 kHz (total: 0)
2026-06-17 16:14:32,931 [INFO]   H5: 1042.0 kHz (total: 125,045,872)
2026-06-17 16:14:32,932 [INFO] ------------------------------------------------------------
2026-06-17 16:14:32,933 [INFO] COINCIDENCES (threshold: 50000)
2026-06-17 16:14:32,933 [INFO] ------------------------------------------------------------
2026-06-17 16:14:32,934 [INFO] Twofold (physical) (Reached Threshold):
2026-06-17 16:14:32,934 [INFO]   (1,2): 3,495,299 Y
2026-06-17 16:14:32,935 [INFO]   (1,3): 0 X
2026-06-17 16:14:32,936 [INFO]   (1,4): 0 X
2026-06-17 16:14:32,936 [INFO]   (1,5): 2,799,800 Y
2026-06-17 16:14:32,937 [INFO]   (1,6): 2,886,808 Y
2026-06-17 16:14:32,938 [INFO]   (2,3): 0 X
2026-06-17 16:14:32,938 [INFO]   (2,4): 0 X
2026-06-17 16:14:32,939 [INFO]   (2,5): 2,657,985 Y
2026-06-17 16:14:32,940 [INFO]   (2,6): 2,734,651 Y
2026-06-17 16:14:32,940 [INFO]   (3,4): 0 X
2026-06-17 16:14:32,941 [INFO]   (3,5): 0 X
2026-06-17 16:14:32,942 [INFO]   (3,6): 0 X
2026-06-17 16:14:32,942 [INFO]   (4,5): 0 X
2026-06-17 16:14:32,943 [INFO]   (4,6): 0 X
2026-06-17 16:14:32,943 [INFO]   (5,6): 2,272,044 Y
2026-06-17 16:14:32,944 [INFO] ============================================================
2026-06-17 16:14:32,945 [INFO] >>> 9 combination(s) below threshold <<<
2026-06-17 16:14:32,945 [INFO] ============================================================
2026-06-17 16:14:33,043 [INFO] Updated merged data: C:\Users\QUANTUM\OneDrive - ENSTA\!Working files\HBT\HBT Data\Tests_Jun\2026-06-17_16-12-06_g2_heralded_virtual\MERGED\16-12-06_2026-06-17_40mW_num0_MERGED.pkl
2026-06-17 16:14:33,139 [INFO] Final merged data saved to: C:\Users\QUANTUM\OneDrive - ENSTA\!Working files\HBT\HBT Data\Tests_Jun\2026-06-17_16-12-06_g2_heralded_virtual\MERGED\16-12-06_2026-06-17_40mW_num0_MERGED.pkl
2026-06-17 16:14:33,139 [INFO] Total merged duration: 2.00 min
2026-06-17 16:14:33,140 [INFO] Measurement completed in 2.31 min
2026-06-17 16:14:33,141 [INFO] Running cleanup...
2026-06-17 16:14:33,142 [INFO] Rotation stage(s) disconnected cleanly.
2026-06-17 16:14:33,143 [INFO] Successful finish.
