2026-06-17 15:29:32,687 [INFO] Script start.
2026-06-17 15:29:32,695 [INFO] ====================GENERAL SETTINGS====================
2026-06-17 15:29:32,696 [INFO] {'date': '2026-06-17', 'time': '15-29-32', 'experiment_type': 'g2_heralded_virtual', 'save_dir': 'C:\\Users\\QUANTUM\\OneDrive - ENSTA\\!Working files\\HBT\\HBT Data\\Tests_Jun\\2026-06-17_15-29-32_g2_heralded_virtual', 'material': 'GaAs100_100um_noP1_700_10_cover', 'laser': {'rep_rate_hz': 18880000.0, 'wavelength_nm': 2100}, 'timetagging': {'tt_mode': 'Standard', 'binwidth_ps': 100, 'num_bins': 50000, 'channels': [1, 2, 3, 4, 5, 6], 'mode_on_channel': ['H3T', 'H3R', 'H4T', 'H4R', 'H5T', 'H5R'], 'deadtime': [0, 0, 0, 0, 0, 0], 'delays': [0, -1000, 20000, 16500, 17800, 17300], 'coincidence_window': 25000, 'trigger': [], 'filter': []}, 'custom': {}}
2026-06-17 15:29:32,743 [INFO] Found 1 connected Time Tagger(s)
2026-06-17 15:29:37,406 [INFO] t:   1 s, Board temperature: 41.5 °C, FPGA temperature: 56.2 °C
2026-06-17 15:29:38,975 [INFO] t:   2 s, Board temperature: 41.4 °C, FPGA temperature: 56.8 °C
2026-06-17 15:29:40,543 [INFO] t:   3 s, Board temperature: 41.6 °C, FPGA temperature: 57.1 °C
2026-06-17 15:29:42,117 [INFO] t:   4 s, Board temperature: 41.4 °C, FPGA temperature: 57.2 °C
2026-06-17 15:29:43,680 [INFO] t:   5 s, Board temperature: 41.4 °C, FPGA temperature: 57.5 °C
2026-06-17 15:29:43,681 [INFO] The Time Tagger is warmed up.
2026-06-17 15:29:43,682 [INFO] Time Tagger initialized.
2026-06-17 15:29:43,683 [INFO] Stage Position: 19.5
2026-06-17 15:29:43,684 [INFO] Starting chunked acquisition (max 2 chunks / 4.0 min)
2026-06-17 15:29:43,685 [INFO] Chunk duration: 2 min
2026-06-17 15:29:43,686 [INFO] Threshold: 50000 counts, checking every 1 chunks
2026-06-17 15:29:43,733 [INFO] Found 0 connected Time Tagger(s)
2026-06-17 15:29:45,418 [INFO] t:   1 s, Board temperature: 41.4 °C, FPGA temperature: 57.6 °C
2026-06-17 15:29:46,991 [INFO] t:   2 s, Board temperature: 41.4 °C, FPGA temperature: 57.5 °C
2026-06-17 15:29:48,552 [INFO] t:   3 s, Board temperature: 41.4 °C, FPGA temperature: 57.6 °C
2026-06-17 15:29:50,113 [INFO] t:   4 s, Board temperature: 41.4 °C, FPGA temperature: 57.6 °C
2026-06-17 15:29:51,671 [INFO] t:   5 s, Board temperature: 41.4 °C, FPGA temperature: 57.5 °C
2026-06-17 15:29:51,671 [INFO] The Time Tagger is warmed up.
2026-06-17 15:29:51,672 [INFO] Time Tagger initialized.
2026-06-17 15:29:51,673 [INFO] Chunk 1/2 | Elapsed: 2.0 min
2026-06-17 15:29:51,674 [INFO] Initializing experiment on Time Tagger.
2026-06-17 15:29:51,674 [INFO] Deadtime for channel 1: 0 ps
2026-06-17 15:29:51,675 [INFO] Deadtime for channel 2: 0 ps
2026-06-17 15:29:51,676 [INFO] Deadtime for channel 3: 0 ps
2026-06-17 15:29:51,676 [INFO] Deadtime for channel 4: 0 ps
2026-06-17 15:29:51,677 [INFO] Deadtime for channel 5: 0 ps
2026-06-17 15:29:51,678 [INFO] Deadtime for channel 6: 0 ps
2026-06-17 15:29:51,678 [INFO] Delays on channels enabled.
2026-06-17 15:29:51,679 [INFO] Delay for channel 1: requested=0 ps, actual=0 ps
2026-06-17 15:29:51,680 [INFO] Delay for channel 2: requested=-1000 ps, actual=-1000 ps
2026-06-17 15:29:51,681 [INFO] Delay for channel 3: requested=20000 ps, actual=20000 ps
2026-06-17 15:29:51,681 [INFO] Delay for channel 4: requested=16500 ps, actual=16500 ps
2026-06-17 15:29:51,682 [INFO] Delay for channel 5: requested=17800 ps, actual=17800 ps
2026-06-17 15:29:51,683 [INFO] Delay for channel 6: requested=17300 ps, actual=17300 ps
2026-06-17 15:29:51,683 [INFO] Executing synchronized correlation measurement.
2026-06-17 15:29:51,684 [INFO] Delays on channels enabled.
2026-06-17 15:29:51,685 [INFO] Delay for channel 1: requested=0 ps, actual=0 ps.
2026-06-17 15:29:51,685 [INFO] Delay for channel 2: requested=-1000 ps, actual=-1000 ps.
2026-06-17 15:29:51,686 [INFO] Delay for channel 3: requested=20000 ps, actual=20000 ps.
2026-06-17 15:29:51,687 [INFO] Delay for channel 4: requested=16500 ps, actual=16500 ps.
2026-06-17 15:29:51,688 [INFO] Delay for channel 5: requested=17800 ps, actual=17800 ps.
2026-06-17 15:29:51,688 [INFO] Delay for channel 6: requested=17300 ps, actual=17300 ps.
2026-06-17 15:29:51,689 [INFO] Initializing measurement with virtual mode channels for ALL heralding permutations.
2026-06-17 15:29:51,689 [INFO] Automatically generated modes from input: {'H3': [1, 2], 'H4': [3, 4], 'H5': [5, 6]}
2026-06-17 15:29:51,690 [INFO] Setting up virtual channels...
2026-06-17 15:29:51,692 [INFO] Initializing physical channel correlation histograms...
2026-06-17 15:29:51,692 [INFO]   Physical correlation: ch1 <-> ch2
2026-06-17 15:29:51,693 [INFO]   Physical correlation: ch1 <-> ch3
2026-06-17 15:29:51,694 [INFO]   Physical correlation: ch1 <-> ch4
2026-06-17 15:29:51,695 [INFO]   Physical correlation: ch1 <-> ch5
2026-06-17 15:29:51,695 [INFO]   Physical correlation: ch1 <-> ch6
2026-06-17 15:29:51,696 [INFO]   Physical correlation: ch2 <-> ch3
2026-06-17 15:29:51,697 [INFO]   Physical correlation: ch2 <-> ch4
2026-06-17 15:29:51,697 [INFO]   Physical correlation: ch2 <-> ch5
2026-06-17 15:29:51,698 [INFO]   Physical correlation: ch2 <-> ch6
2026-06-17 15:29:51,699 [INFO]   Physical correlation: ch3 <-> ch4
2026-06-17 15:29:51,699 [INFO]   Physical correlation: ch3 <-> ch5
2026-06-17 15:29:51,700 [INFO]   Physical correlation: ch3 <-> ch6
2026-06-17 15:29:51,700 [INFO]   Physical correlation: ch4 <-> ch5
2026-06-17 15:29:51,701 [INFO]   Physical correlation: ch4 <-> ch6
2026-06-17 15:29:51,702 [INFO]   Physical correlation: ch5 <-> ch6
2026-06-17 15:29:51,702 [INFO] Initializing virtual mode correlation histograms...
2026-06-17 15:29:51,703 [INFO]   Within-mode (H3): ch1 <-> ch2
2026-06-17 15:29:51,704 [INFO]   Cross-mode: H3 <-> H4
2026-06-17 15:29:51,704 [INFO]   Cross-mode: H3 <-> H5
2026-06-17 15:29:51,705 [INFO]   Within-mode (H4): ch3 <-> ch4
2026-06-17 15:29:51,706 [INFO]   Cross-mode: H4 <-> H5
2026-06-17 15:29:51,707 [INFO]   Within-mode (H5): ch5 <-> ch6
2026-06-17 15:29:51,709 [INFO] Measurement starting for 2.000min / 0.033h
2026-06-17 15:31:51,885 [INFO] Measurements finished.
2026-06-17 15:31:51,886 [INFO] Collecting measurement data...
2026-06-17 15:31:51,887 [INFO] Collecting physical correlation data for (1,2)
2026-06-17 15:31:51,890 [INFO] Collecting physical correlation data for (1,3)
2026-06-17 15:31:51,892 [INFO] Collecting physical correlation data for (1,4)
2026-06-17 15:31:51,895 [INFO] Collecting physical correlation data for (1,5)
2026-06-17 15:31:51,897 [INFO] Collecting physical correlation data for (1,6)
2026-06-17 15:31:51,900 [INFO] Collecting physical correlation data for (2,3)
2026-06-17 15:31:51,902 [INFO] Collecting physical correlation data for (2,4)
2026-06-17 15:31:51,905 [INFO] Collecting physical correlation data for (2,5)
2026-06-17 15:31:51,907 [INFO] Collecting physical correlation data for (2,6)
2026-06-17 15:31:51,910 [INFO] Collecting physical correlation data for (3,4)
2026-06-17 15:31:51,913 [INFO] Collecting physical correlation data for (3,5)
2026-06-17 15:31:51,915 [INFO] Collecting physical correlation data for (3,6)
2026-06-17 15:31:51,918 [INFO] Collecting physical correlation data for (4,5)
2026-06-17 15:31:51,920 [INFO] Collecting physical correlation data for (4,6)
2026-06-17 15:31:51,923 [INFO] Collecting physical correlation data for (5,6)
2026-06-17 15:31:51,926 [INFO] Collecting virtual correlation data for (H3,H3)
2026-06-17 15:31:51,928 [INFO] Collecting virtual correlation data for (H3,H4)
2026-06-17 15:31:51,931 [INFO] Collecting virtual correlation data for (H3,H5)
2026-06-17 15:31:51,934 [INFO] Collecting virtual correlation data for (H4,H4)
2026-06-17 15:31:51,936 [INFO] Collecting virtual correlation data for (H4,H5)
2026-06-17 15:31:51,939 [INFO] Collecting virtual correlation data for (H5,H5)
2026-06-17 15:31:51,961 [INFO] Starting writing data to file.
2026-06-17 15:31:52,044 [INFO] Saved data.
2026-06-17 15:31:52,150 [INFO] Merging 1 chunks into running total...
2026-06-17 15:31:52,151 [INFO] ============================================================
2026-06-17 15:31:52,152 [INFO] STATUS REPORT | Duration: 2.00 min (0.033 h)
2026-06-17 15:31:52,153 [INFO] ============================================================
2026-06-17 15:31:52,154 [INFO] COUNTRATES (Physical):
2026-06-17 15:31:52,155 [INFO]   Ch 1: 166.3 kHz (total: 19,955,465)
2026-06-17 15:31:52,156 [INFO]   Ch 2: 249.5 kHz (total: 29,936,492)
2026-06-17 15:31:52,157 [INFO]   Ch 3: 0.0 kHz (total: 0)
2026-06-17 15:31:52,158 [INFO]   Ch 4: 0.0 kHz (total: 0)
2026-06-17 15:31:52,158 [INFO]   Ch 5: 267.5 kHz (total: 32,102,418)
2026-06-17 15:31:52,159 [INFO]   Ch 6: 271.9 kHz (total: 32,625,508)
2026-06-17 15:31:52,159 [INFO] COUNTRATES (Virtual):
2026-06-17 15:31:52,160 [INFO]   H3: 415.8 kHz (total: 49,891,957)
2026-06-17 15:31:52,161 [INFO]   H4: 0.0 kHz (total: 0)
2026-06-17 15:31:52,161 [INFO]   H5: 539.4 kHz (total: 64,727,926)
2026-06-17 15:31:52,162 [INFO] ------------------------------------------------------------
2026-06-17 15:31:52,162 [INFO] COINCIDENCES (threshold: 50000)
2026-06-17 15:31:52,162 [INFO] ------------------------------------------------------------
2026-06-17 15:31:52,163 [INFO] Twofold (physical) (Reached Threshold):
2026-06-17 15:31:52,165 [INFO]   (1,2): 531,658 Y
2026-06-17 15:31:52,165 [INFO]   (1,3): 0 X
2026-06-17 15:31:52,166 [INFO]   (1,4): 0 X
2026-06-17 15:31:52,167 [INFO]   (1,5): 513,881 Y
2026-06-17 15:31:52,167 [INFO]   (1,6): 524,513 Y
2026-06-17 15:31:52,168 [INFO]   (2,3): 0 X
2026-06-17 15:31:52,169 [INFO]   (2,4): 0 X
2026-06-17 15:31:52,170 [INFO]   (2,5): 760,206 Y
2026-06-17 15:31:52,170 [INFO]   (2,6): 777,733 Y
2026-06-17 15:31:52,172 [INFO]   (3,4): 0 X
2026-06-17 15:31:52,172 [INFO]   (3,5): 0 X
2026-06-17 15:31:52,173 [INFO]   (3,6): 0 X
2026-06-17 15:31:52,174 [INFO]   (4,5): 0 X
2026-06-17 15:31:52,174 [INFO]   (4,6): 0 X
2026-06-17 15:31:52,175 [INFO]   (5,6): 792,081 Y
2026-06-17 15:31:52,175 [INFO] ============================================================
2026-06-17 15:31:52,176 [INFO] >>> 9 combination(s) below threshold <<<
2026-06-17 15:31:52,176 [INFO] ============================================================
2026-06-17 15:31:52,265 [INFO] Updated merged data: C:\Users\QUANTUM\OneDrive - ENSTA\!Working files\HBT\HBT Data\Tests_Jun\2026-06-17_15-29-32_g2_heralded_virtual\MERGED\15-29-32_2026-06-17_40mW_num0_MERGED.pkl
2026-06-17 15:31:52,307 [INFO] Found 0 connected Time Tagger(s)
2026-06-17 15:31:53,944 [INFO] t:   1 s, Board temperature: 41.9 °C, FPGA temperature: 57.8 °C
2026-06-17 15:31:55,508 [INFO] t:   2 s, Board temperature: 41.8 °C, FPGA temperature: 57.8 °C
2026-06-17 15:31:57,067 [INFO] t:   3 s, Board temperature: 41.9 °C, FPGA temperature: 57.7 °C
2026-06-17 15:31:58,621 [INFO] t:   4 s, Board temperature: 41.9 °C, FPGA temperature: 57.8 °C
2026-06-17 15:32:00,178 [INFO] t:   5 s, Board temperature: 41.9 °C, FPGA temperature: 57.7 °C
2026-06-17 15:32:00,178 [INFO] The Time Tagger is warmed up.
2026-06-17 15:32:00,179 [INFO] Time Tagger initialized.
2026-06-17 15:32:00,181 [INFO] Chunk 2/2 | Elapsed: 4.0 min
2026-06-17 15:32:00,181 [INFO] Initializing experiment on Time Tagger.
2026-06-17 15:32:00,182 [INFO] Deadtime for channel 1: 0 ps
2026-06-17 15:32:00,182 [INFO] Deadtime for channel 2: 0 ps
2026-06-17 15:32:00,183 [INFO] Deadtime for channel 3: 0 ps
2026-06-17 15:32:00,184 [INFO] Deadtime for channel 4: 0 ps
2026-06-17 15:32:00,184 [INFO] Deadtime for channel 5: 0 ps
2026-06-17 15:32:00,185 [INFO] Deadtime for channel 6: 0 ps
2026-06-17 15:32:00,186 [INFO] Delays on channels enabled.
2026-06-17 15:32:00,186 [INFO] Delay for channel 1: requested=0 ps, actual=0 ps
2026-06-17 15:32:00,187 [INFO] Delay for channel 2: requested=-1000 ps, actual=-1000 ps
2026-06-17 15:32:00,188 [INFO] Delay for channel 3: requested=20000 ps, actual=20000 ps
2026-06-17 15:32:00,189 [INFO] Delay for channel 4: requested=16500 ps, actual=16500 ps
2026-06-17 15:32:00,189 [INFO] Delay for channel 5: requested=17800 ps, actual=17800 ps
2026-06-17 15:32:00,190 [INFO] Delay for channel 6: requested=17300 ps, actual=17300 ps
2026-06-17 15:32:00,190 [INFO] Executing synchronized correlation measurement.
2026-06-17 15:32:00,191 [INFO] Delays on channels enabled.
2026-06-17 15:32:00,192 [INFO] Delay for channel 1: requested=0 ps, actual=0 ps.
2026-06-17 15:32:00,192 [INFO] Delay for channel 2: requested=-1000 ps, actual=-1000 ps.
2026-06-17 15:32:00,193 [INFO] Delay for channel 3: requested=20000 ps, actual=20000 ps.
2026-06-17 15:32:00,193 [INFO] Delay for channel 4: requested=16500 ps, actual=16500 ps.
2026-06-17 15:32:00,194 [INFO] Delay for channel 5: requested=17800 ps, actual=17800 ps.
2026-06-17 15:32:00,195 [INFO] Delay for channel 6: requested=17300 ps, actual=17300 ps.
2026-06-17 15:32:00,195 [INFO] Initializing measurement with virtual mode channels for ALL heralding permutations.
2026-06-17 15:32:00,196 [INFO] Automatically generated modes from input: {'H3': [1, 2], 'H4': [3, 4], 'H5': [5, 6]}
2026-06-17 15:32:00,197 [INFO] Setting up virtual channels...
2026-06-17 15:32:00,198 [INFO] Initializing physical channel correlation histograms...
2026-06-17 15:32:00,199 [INFO]   Physical correlation: ch1 <-> ch2
2026-06-17 15:32:00,200 [INFO]   Physical correlation: ch1 <-> ch3
2026-06-17 15:32:00,200 [INFO]   Physical correlation: ch1 <-> ch4
2026-06-17 15:32:00,201 [INFO]   Physical correlation: ch1 <-> ch5
2026-06-17 15:32:00,201 [INFO]   Physical correlation: ch1 <-> ch6
2026-06-17 15:32:00,202 [INFO]   Physical correlation: ch2 <-> ch3
2026-06-17 15:32:00,203 [INFO]   Physical correlation: ch2 <-> ch4
2026-06-17 15:32:00,203 [INFO]   Physical correlation: ch2 <-> ch5
2026-06-17 15:32:00,204 [INFO]   Physical correlation: ch2 <-> ch6
2026-06-17 15:32:00,205 [INFO]   Physical correlation: ch3 <-> ch4
2026-06-17 15:32:00,205 [INFO]   Physical correlation: ch3 <-> ch5
2026-06-17 15:32:00,206 [INFO]   Physical correlation: ch3 <-> ch6
2026-06-17 15:32:00,207 [INFO]   Physical correlation: ch4 <-> ch5
2026-06-17 15:32:00,207 [INFO]   Physical correlation: ch4 <-> ch6
2026-06-17 15:32:00,208 [INFO]   Physical correlation: ch5 <-> ch6
2026-06-17 15:32:00,209 [INFO] Initializing virtual mode correlation histograms...
2026-06-17 15:32:00,210 [INFO]   Within-mode (H3): ch1 <-> ch2
2026-06-17 15:32:00,210 [INFO]   Cross-mode: H3 <-> H4
2026-06-17 15:32:00,211 [INFO]   Cross-mode: H3 <-> H5
2026-06-17 15:32:00,212 [INFO]   Within-mode (H4): ch3 <-> ch4
2026-06-17 15:32:00,213 [INFO]   Cross-mode: H4 <-> H5
2026-06-17 15:32:00,213 [INFO]   Within-mode (H5): ch5 <-> ch6
2026-06-17 15:32:00,216 [INFO] Measurement starting for 2.000min / 0.033h
2026-06-17 15:34:00,392 [INFO] Measurements finished.
2026-06-17 15:34:00,393 [INFO] Collecting measurement data...
2026-06-17 15:34:00,394 [INFO] Collecting physical correlation data for (1,2)
2026-06-17 15:34:00,397 [INFO] Collecting physical correlation data for (1,3)
2026-06-17 15:34:00,400 [INFO] Collecting physical correlation data for (1,4)
2026-06-17 15:34:00,402 [INFO] Collecting physical correlation data for (1,5)
2026-06-17 15:34:00,405 [INFO] Collecting physical correlation data for (1,6)
2026-06-17 15:34:00,407 [INFO] Collecting physical correlation data for (2,3)
2026-06-17 15:34:00,408 [INFO] Collecting physical correlation data for (2,4)
2026-06-17 15:34:00,411 [INFO] Collecting physical correlation data for (2,5)
2026-06-17 15:34:00,414 [INFO] Collecting physical correlation data for (2,6)
2026-06-17 15:34:00,416 [INFO] Collecting physical correlation data for (3,4)
2026-06-17 15:34:00,418 [INFO] Collecting physical correlation data for (3,5)
2026-06-17 15:34:00,421 [INFO] Collecting physical correlation data for (3,6)
2026-06-17 15:34:00,423 [INFO] Collecting physical correlation data for (4,5)
2026-06-17 15:34:00,426 [INFO] Collecting physical correlation data for (4,6)
2026-06-17 15:34:00,428 [INFO] Collecting physical correlation data for (5,6)
2026-06-17 15:34:00,431 [INFO] Collecting virtual correlation data for (H3,H3)
2026-06-17 15:34:00,433 [INFO] Collecting virtual correlation data for (H3,H4)
2026-06-17 15:34:00,436 [INFO] Collecting virtual correlation data for (H3,H5)
2026-06-17 15:34:00,438 [INFO] Collecting virtual correlation data for (H4,H4)
2026-06-17 15:34:00,441 [INFO] Collecting virtual correlation data for (H4,H5)
2026-06-17 15:34:00,443 [INFO] Collecting virtual correlation data for (H5,H5)
2026-06-17 15:34:00,465 [INFO] Starting writing data to file.
2026-06-17 15:34:00,555 [INFO] Saved data.
2026-06-17 15:34:00,662 [INFO] Merging 1 chunks into running total...
2026-06-17 15:34:00,827 [INFO] ============================================================
2026-06-17 15:34:00,827 [INFO] STATUS REPORT | Duration: 4.00 min (0.067 h)
2026-06-17 15:34:00,828 [INFO] ============================================================
2026-06-17 15:34:00,829 [INFO] COUNTRATES (Physical):
2026-06-17 15:34:00,830 [INFO]   Ch 1: 166.4 kHz (total: 39,947,402)
2026-06-17 15:34:00,830 [INFO]   Ch 2: 249.9 kHz (total: 59,971,772)
2026-06-17 15:34:00,831 [INFO]   Ch 3: 0.0 kHz (total: 0)
2026-06-17 15:34:00,831 [INFO]   Ch 4: 0.0 kHz (total: 0)
2026-06-17 15:34:00,832 [INFO]   Ch 5: 267.4 kHz (total: 64,187,792)
2026-06-17 15:34:00,833 [INFO]   Ch 6: 271.9 kHz (total: 65,257,316)
2026-06-17 15:34:00,833 [INFO] COUNTRATES (Virtual):
2026-06-17 15:34:00,834 [INFO]   H3: 416.3 kHz (total: 99,919,174)
2026-06-17 15:34:00,835 [INFO]   H4: 0.0 kHz (total: 0)
2026-06-17 15:34:00,835 [INFO]   H5: 539.4 kHz (total: 129,445,108)
2026-06-17 15:34:00,836 [INFO] ------------------------------------------------------------
2026-06-17 15:34:00,837 [INFO] COINCIDENCES (threshold: 50000)
2026-06-17 15:34:00,837 [INFO] ------------------------------------------------------------
2026-06-17 15:34:00,838 [INFO] Twofold (physical) (Reached Threshold):
2026-06-17 15:34:00,839 [INFO]   (1,2): 1,064,964 Y
2026-06-17 15:34:00,840 [INFO]   (1,3): 0 X
2026-06-17 15:34:00,840 [INFO]   (1,4): 0 X
2026-06-17 15:34:00,841 [INFO]   (1,5): 1,029,317 Y
2026-06-17 15:34:00,842 [INFO]   (1,6): 1,050,195 Y
2026-06-17 15:34:00,843 [INFO]   (2,3): 0 X
2026-06-17 15:34:00,843 [INFO]   (2,4): 0 X
2026-06-17 15:34:00,844 [INFO]   (2,5): 1,521,678 Y
2026-06-17 15:34:00,844 [INFO]   (2,6): 1,557,356 Y
2026-06-17 15:34:00,846 [INFO]   (3,4): 0 X
2026-06-17 15:34:00,846 [INFO]   (3,5): 0 X
2026-06-17 15:34:00,847 [INFO]   (3,6): 0 X
2026-06-17 15:34:00,848 [INFO]   (4,5): 0 X
2026-06-17 15:34:00,848 [INFO]   (4,6): 0 X
2026-06-17 15:34:00,849 [INFO]   (5,6): 1,583,467 Y
2026-06-17 15:34:00,850 [INFO] ============================================================
2026-06-17 15:34:00,850 [INFO] >>> 9 combination(s) below threshold <<<
2026-06-17 15:34:00,851 [INFO] ============================================================
2026-06-17 15:34:00,944 [INFO] Updated merged data: C:\Users\QUANTUM\OneDrive - ENSTA\!Working files\HBT\HBT Data\Tests_Jun\2026-06-17_15-29-32_g2_heralded_virtual\MERGED\15-29-32_2026-06-17_40mW_num0_MERGED.pkl
2026-06-17 15:34:01,032 [INFO] Final merged data saved to: C:\Users\QUANTUM\OneDrive - ENSTA\!Working files\HBT\HBT Data\Tests_Jun\2026-06-17_15-29-32_g2_heralded_virtual\MERGED\15-29-32_2026-06-17_40mW_num0_MERGED.pkl
2026-06-17 15:34:01,032 [INFO] Total merged duration: 4.00 min
2026-06-17 15:34:01,033 [INFO] Measurement completed in 4.29 min
2026-06-17 15:34:01,034 [INFO] Running cleanup...
2026-06-17 15:34:01,035 [INFO] Rotation stage(s) disconnected cleanly.
2026-06-17 15:34:01,036 [INFO] Successful finish.
