2026-06-18 12:55:05,129 [INFO] Script start.
2026-06-18 12:55:05,136 [INFO] ====================GENERAL SETTINGS====================
2026-06-18 12:55:05,136 [INFO] {'date': '2026-06-18', 'time': '12-55-05', 'experiment_type': 'g2_heralded_virtual', 'save_dir': 'C:\\Users\\QUANTUM\\OneDrive - ENSTA\\!Working files\\HBT\\HBT Data\\Tests_Jun\\18_RMS\\2026-06-18_12-55-05_g2_heralded_virtual', 'material': 'GaAs100_100um_P1_P3_700-40_425-25_RMS_307_07', 'laser': {'rep_rate_hz': 18660000.0, 'wavelength_nm': 2100}, 'timetagging': {'tt_mode': 'Standard', 'binwidth_ps': 100, 'num_bins': 50000, 'channels': [1, 2, 3, 4, 5, 6], 'mode_on_channel': ['H3T', 'H3R', 'H4T', 'H4R', 'H5T', 'H5R'], 'deadtime': [0, 0, 0, 0, 0, 0], 'delays': [0, -1000, 20000, 16500, 17800, 17300], 'coincidence_window': 25000, 'trigger': [], 'filter': []}, 'custom': {}}
2026-06-18 12:55:05,180 [INFO] Found 0 connected Time Tagger(s)
2026-06-18 12:55:06,797 [INFO] t:   1 s, Board temperature: 41.6 °C, FPGA temperature: 57.5 °C
2026-06-18 12:55:08,379 [INFO] t:   2 s, Board temperature: 41.6 °C, FPGA temperature: 57.5 °C
2026-06-18 12:55:09,955 [INFO] t:   3 s, Board temperature: 41.7 °C, FPGA temperature: 57.6 °C
2026-06-18 12:55:11,521 [INFO] t:   4 s, Board temperature: 41.6 °C, FPGA temperature: 57.4 °C
2026-06-18 12:55:13,105 [INFO] t:   5 s, Board temperature: 41.6 °C, FPGA temperature: 57.6 °C
2026-06-18 12:55:13,106 [INFO] The Time Tagger is warmed up.
2026-06-18 12:55:13,107 [INFO] Time Tagger initialized.
2026-06-18 12:55:13,108 [INFO] Stage Position: 7.0
2026-06-18 12:55:13,109 [INFO] Starting chunked acquisition (max 2 chunks / 2.0 min)
2026-06-18 12:55:13,109 [INFO] Chunk duration: 1 min
2026-06-18 12:55:13,110 [INFO] Threshold: 50000 counts, checking every 2 chunks
2026-06-18 12:55:13,153 [INFO] Found 0 connected Time Tagger(s)
2026-06-18 12:55:14,855 [INFO] t:   1 s, Board temperature: 41.7 °C, FPGA temperature: 57.4 °C
2026-06-18 12:55:16,431 [INFO] t:   2 s, Board temperature: 41.7 °C, FPGA temperature: 57.4 °C
2026-06-18 12:55:18,010 [INFO] t:   3 s, Board temperature: 41.6 °C, FPGA temperature: 57.6 °C
2026-06-18 12:55:19,582 [INFO] t:   4 s, Board temperature: 41.5 °C, FPGA temperature: 57.5 °C
2026-06-18 12:55:21,151 [INFO] t:   5 s, Board temperature: 41.5 °C, FPGA temperature: 57.6 °C
2026-06-18 12:55:21,152 [INFO] The Time Tagger is warmed up.
2026-06-18 12:55:21,152 [INFO] Time Tagger initialized.
2026-06-18 12:55:21,154 [INFO] Chunk 1/2 | Elapsed: 1.0 min
2026-06-18 12:55:21,154 [INFO] Initializing experiment on Time Tagger.
2026-06-18 12:55:21,155 [INFO] Deadtime for channel 1: 0 ps
2026-06-18 12:55:21,156 [INFO] Deadtime for channel 2: 0 ps
2026-06-18 12:55:21,156 [INFO] Deadtime for channel 3: 0 ps
2026-06-18 12:55:21,158 [INFO] Deadtime for channel 4: 0 ps
2026-06-18 12:55:21,158 [INFO] Deadtime for channel 5: 0 ps
2026-06-18 12:55:21,159 [INFO] Deadtime for channel 6: 0 ps
2026-06-18 12:55:21,160 [INFO] Delays on channels enabled.
2026-06-18 12:55:21,161 [INFO] Delay for channel 1: requested=0 ps, actual=0 ps
2026-06-18 12:55:21,162 [INFO] Delay for channel 2: requested=-1000 ps, actual=-1000 ps
2026-06-18 12:55:21,162 [INFO] Delay for channel 3: requested=20000 ps, actual=20000 ps
2026-06-18 12:55:21,163 [INFO] Delay for channel 4: requested=16500 ps, actual=16500 ps
2026-06-18 12:55:21,164 [INFO] Delay for channel 5: requested=17800 ps, actual=17800 ps
2026-06-18 12:55:21,165 [INFO] Delay for channel 6: requested=17300 ps, actual=17300 ps
2026-06-18 12:55:21,165 [INFO] Executing synchronized correlation measurement.
2026-06-18 12:55:21,166 [INFO] Delays on channels enabled.
2026-06-18 12:55:21,167 [INFO] Delay for channel 1: requested=0 ps, actual=0 ps.
2026-06-18 12:55:21,167 [INFO] Delay for channel 2: requested=-1000 ps, actual=-1000 ps.
2026-06-18 12:55:21,168 [INFO] Delay for channel 3: requested=20000 ps, actual=20000 ps.
2026-06-18 12:55:21,169 [INFO] Delay for channel 4: requested=16500 ps, actual=16500 ps.
2026-06-18 12:55:21,169 [INFO] Delay for channel 5: requested=17800 ps, actual=17800 ps.
2026-06-18 12:55:21,170 [INFO] Delay for channel 6: requested=17300 ps, actual=17300 ps.
2026-06-18 12:55:21,171 [INFO] Initializing measurement with virtual mode channels for ALL heralding permutations.
2026-06-18 12:55:21,172 [INFO] Automatically generated modes from input: {'H3': [1, 2], 'H4': [3, 4], 'H5': [5, 6]}
2026-06-18 12:55:21,172 [INFO] Setting up virtual channels...
2026-06-18 12:55:21,174 [INFO] Initializing physical channel correlation histograms...
2026-06-18 12:55:21,174 [INFO]   Physical correlation: ch1 <-> ch2
2026-06-18 12:55:21,175 [INFO]   Physical correlation: ch1 <-> ch3
2026-06-18 12:55:21,176 [INFO]   Physical correlation: ch1 <-> ch4
2026-06-18 12:55:21,177 [INFO]   Physical correlation: ch1 <-> ch5
2026-06-18 12:55:21,177 [INFO]   Physical correlation: ch1 <-> ch6
2026-06-18 12:55:21,178 [INFO]   Physical correlation: ch2 <-> ch3
2026-06-18 12:55:21,179 [INFO]   Physical correlation: ch2 <-> ch4
2026-06-18 12:55:21,180 [INFO]   Physical correlation: ch2 <-> ch5
2026-06-18 12:55:21,181 [INFO]   Physical correlation: ch2 <-> ch6
2026-06-18 12:55:21,181 [INFO]   Physical correlation: ch3 <-> ch4
2026-06-18 12:55:21,182 [INFO]   Physical correlation: ch3 <-> ch5
2026-06-18 12:55:21,183 [INFO]   Physical correlation: ch3 <-> ch6
2026-06-18 12:55:21,184 [INFO]   Physical correlation: ch4 <-> ch5
2026-06-18 12:55:21,185 [INFO]   Physical correlation: ch4 <-> ch6
2026-06-18 12:55:21,185 [INFO]   Physical correlation: ch5 <-> ch6
2026-06-18 12:55:21,186 [INFO] Initializing virtual mode correlation histograms...
2026-06-18 12:55:21,187 [INFO]   Within-mode (H3): ch1 <-> ch2
2026-06-18 12:55:21,187 [INFO]   Cross-mode: H3 <-> H4
2026-06-18 12:55:21,188 [INFO]   Cross-mode: H3 <-> H5
2026-06-18 12:55:21,189 [INFO]   Within-mode (H4): ch3 <-> ch4
2026-06-18 12:55:21,190 [INFO]   Cross-mode: H4 <-> H5
2026-06-18 12:55:21,190 [INFO]   Within-mode (H5): ch5 <-> ch6
2026-06-18 12:55:21,193 [INFO] Measurement starting for 1.000min / 0.017h
2026-06-18 12:56:21,363 [INFO] Measurements finished.
2026-06-18 12:56:21,364 [INFO] Collecting measurement data...
2026-06-18 12:56:21,365 [INFO] Collecting physical correlation data for (1,2)
2026-06-18 12:56:21,367 [INFO] Collecting physical correlation data for (1,3)
2026-06-18 12:56:21,369 [INFO] Collecting physical correlation data for (1,4)
2026-06-18 12:56:21,371 [INFO] Collecting physical correlation data for (1,5)
2026-06-18 12:56:21,373 [INFO] Collecting physical correlation data for (1,6)
2026-06-18 12:56:21,376 [INFO] Collecting physical correlation data for (2,3)
2026-06-18 12:56:21,378 [INFO] Collecting physical correlation data for (2,4)
2026-06-18 12:56:21,380 [INFO] Collecting physical correlation data for (2,5)
2026-06-18 12:56:21,382 [INFO] Collecting physical correlation data for (2,6)
2026-06-18 12:56:21,384 [INFO] Collecting physical correlation data for (3,4)
2026-06-18 12:56:21,386 [INFO] Collecting physical correlation data for (3,5)
2026-06-18 12:56:21,388 [INFO] Collecting physical correlation data for (3,6)
2026-06-18 12:56:21,390 [INFO] Collecting physical correlation data for (4,5)
2026-06-18 12:56:21,392 [INFO] Collecting physical correlation data for (4,6)
2026-06-18 12:56:21,394 [INFO] Collecting physical correlation data for (5,6)
2026-06-18 12:56:21,396 [INFO] Collecting virtual correlation data for (H3,H3)
2026-06-18 12:56:21,398 [INFO] Collecting virtual correlation data for (H3,H4)
2026-06-18 12:56:21,399 [INFO] Collecting virtual correlation data for (H3,H5)
2026-06-18 12:56:21,401 [INFO] Collecting virtual correlation data for (H4,H4)
2026-06-18 12:56:21,404 [INFO] Collecting virtual correlation data for (H4,H5)
2026-06-18 12:56:21,406 [INFO] Collecting virtual correlation data for (H5,H5)
2026-06-18 12:56:21,428 [INFO] Starting writing data to file.
2026-06-18 12:56:21,513 [INFO] Saved data.
2026-06-18 12:56:21,658 [INFO] Found 0 connected Time Tagger(s)
2026-06-18 12:56:23,281 [INFO] t:   1 s, Board temperature: 41.5 °C, FPGA temperature: 57.8 °C
2026-06-18 12:56:24,839 [INFO] t:   2 s, Board temperature: 41.6 °C, FPGA temperature: 57.6 °C
2026-06-18 12:56:26,410 [INFO] t:   3 s, Board temperature: 41.4 °C, FPGA temperature: 57.6 °C
2026-06-18 12:56:27,969 [INFO] t:   4 s, Board temperature: 41.5 °C, FPGA temperature: 57.6 °C
2026-06-18 12:56:29,525 [INFO] t:   5 s, Board temperature: 41.6 °C, FPGA temperature: 57.6 °C
2026-06-18 12:56:29,525 [INFO] The Time Tagger is warmed up.
2026-06-18 12:56:29,527 [INFO] Time Tagger initialized.
2026-06-18 12:56:29,528 [INFO] Chunk 2/2 | Elapsed: 2.0 min
2026-06-18 12:56:29,529 [INFO] Initializing experiment on Time Tagger.
2026-06-18 12:56:29,529 [INFO] Deadtime for channel 1: 0 ps
2026-06-18 12:56:29,530 [INFO] Deadtime for channel 2: 0 ps
2026-06-18 12:56:29,531 [INFO] Deadtime for channel 3: 0 ps
2026-06-18 12:56:29,531 [INFO] Deadtime for channel 4: 0 ps
2026-06-18 12:56:29,532 [INFO] Deadtime for channel 5: 0 ps
2026-06-18 12:56:29,533 [INFO] Deadtime for channel 6: 0 ps
2026-06-18 12:56:29,534 [INFO] Delays on channels enabled.
2026-06-18 12:56:29,534 [INFO] Delay for channel 1: requested=0 ps, actual=0 ps
2026-06-18 12:56:29,535 [INFO] Delay for channel 2: requested=-1000 ps, actual=-1000 ps
2026-06-18 12:56:29,536 [INFO] Delay for channel 3: requested=20000 ps, actual=20000 ps
2026-06-18 12:56:29,537 [INFO] Delay for channel 4: requested=16500 ps, actual=16500 ps
2026-06-18 12:56:29,538 [INFO] Delay for channel 5: requested=17800 ps, actual=17800 ps
2026-06-18 12:56:29,539 [INFO] Delay for channel 6: requested=17300 ps, actual=17300 ps
2026-06-18 12:56:29,539 [INFO] Executing synchronized correlation measurement.
2026-06-18 12:56:29,540 [INFO] Delays on channels enabled.
2026-06-18 12:56:29,541 [INFO] Delay for channel 1: requested=0 ps, actual=0 ps.
2026-06-18 12:56:29,541 [INFO] Delay for channel 2: requested=-1000 ps, actual=-1000 ps.
2026-06-18 12:56:29,542 [INFO] Delay for channel 3: requested=20000 ps, actual=20000 ps.
2026-06-18 12:56:29,542 [INFO] Delay for channel 4: requested=16500 ps, actual=16500 ps.
2026-06-18 12:56:29,543 [INFO] Delay for channel 5: requested=17800 ps, actual=17800 ps.
2026-06-18 12:56:29,544 [INFO] Delay for channel 6: requested=17300 ps, actual=17300 ps.
2026-06-18 12:56:29,544 [INFO] Initializing measurement with virtual mode channels for ALL heralding permutations.
2026-06-18 12:56:29,545 [INFO] Automatically generated modes from input: {'H3': [1, 2], 'H4': [3, 4], 'H5': [5, 6]}
2026-06-18 12:56:29,546 [INFO] Setting up virtual channels...
2026-06-18 12:56:29,547 [INFO] Initializing physical channel correlation histograms...
2026-06-18 12:56:29,547 [INFO]   Physical correlation: ch1 <-> ch2
2026-06-18 12:56:29,548 [INFO]   Physical correlation: ch1 <-> ch3
2026-06-18 12:56:29,549 [INFO]   Physical correlation: ch1 <-> ch4
2026-06-18 12:56:29,549 [INFO]   Physical correlation: ch1 <-> ch5
2026-06-18 12:56:29,550 [INFO]   Physical correlation: ch1 <-> ch6
2026-06-18 12:56:29,551 [INFO]   Physical correlation: ch2 <-> ch3
2026-06-18 12:56:29,551 [INFO]   Physical correlation: ch2 <-> ch4
2026-06-18 12:56:29,552 [INFO]   Physical correlation: ch2 <-> ch5
2026-06-18 12:56:29,553 [INFO]   Physical correlation: ch2 <-> ch6
2026-06-18 12:56:29,553 [INFO]   Physical correlation: ch3 <-> ch4
2026-06-18 12:56:29,554 [INFO]   Physical correlation: ch3 <-> ch5
2026-06-18 12:56:29,555 [INFO]   Physical correlation: ch3 <-> ch6
2026-06-18 12:56:29,555 [INFO]   Physical correlation: ch4 <-> ch5
2026-06-18 12:56:29,556 [INFO]   Physical correlation: ch4 <-> ch6
2026-06-18 12:56:29,557 [INFO]   Physical correlation: ch5 <-> ch6
2026-06-18 12:56:29,557 [INFO] Initializing virtual mode correlation histograms...
2026-06-18 12:56:29,558 [INFO]   Within-mode (H3): ch1 <-> ch2
2026-06-18 12:56:29,559 [INFO]   Cross-mode: H3 <-> H4
2026-06-18 12:56:29,560 [INFO]   Cross-mode: H3 <-> H5
2026-06-18 12:56:29,560 [INFO]   Within-mode (H4): ch3 <-> ch4
2026-06-18 12:56:29,561 [INFO]   Cross-mode: H4 <-> H5
2026-06-18 12:56:29,562 [INFO]   Within-mode (H5): ch5 <-> ch6
2026-06-18 12:56:29,563 [INFO] Measurement starting for 1.000min / 0.017h
