2026-06-17 13:59:22,684 [INFO] Script start.
2026-06-17 13:59:22,692 [INFO] ====================GENERAL SETTINGS====================
2026-06-17 13:59:22,693 [INFO] {'date': '2026-06-17', 'time': '13-59-22', 'experiment_type': 'g2_heralded_virtual', 'save_dir': 'C:\\Users\\QUANTUM\\OneDrive - ENSTA\\!Working files\\HBT\\HBT Data\\Tests_Jun\\2026-06-17_13-59-22_g2_heralded_virtual', 'material': 'GaAs100_100um_noP1', 'laser': {'rep_rate_hz': 18880000.0, 'wavelength_nm': 2100}, 'timetagging': {'tt_mode': 'Standard', 'binwidth_ps': 100, 'num_bins': 50000, 'channels': [1, 2, 3, 4, 5, 6], 'mode_on_channel': ['H3T', 'H3R', 'H4T', 'H4R', 'H5T', 'H5R'], 'deadtime': [0, 0, 0, 0, 0, 0], 'delays': [0, -1000, 20000, 16500, 17800, 17300], 'coincidence_window': 25000, 'trigger': [], 'filter': []}, 'custom': {}}
2026-06-17 13:59:22,743 [INFO] Found 1 connected Time Tagger(s)
2026-06-17 13:59:27,186 [INFO] t:   1 s, Board temperature: 41.1 °C, FPGA temperature: 55.8 °C
2026-06-17 13:59:28,786 [INFO] t:   2 s, Board temperature: 41.1 °C, FPGA temperature: 56.1 °C
2026-06-17 13:59:30,355 [INFO] t:   3 s, Board temperature: 41.1 °C, FPGA temperature: 56.5 °C
2026-06-17 13:59:31,925 [INFO] t:   4 s, Board temperature: 41.0 °C, FPGA temperature: 56.7 °C
2026-06-17 13:59:33,534 [INFO] t:   5 s, Board temperature: 41.1 °C, FPGA temperature: 56.9 °C
2026-06-17 13:59:33,535 [INFO] The Time Tagger is warmed up.
2026-06-17 13:59:33,536 [INFO] Time Tagger initialized.
2026-06-17 13:59:36,291 [INFO] Stage Position: 15.0
2026-06-17 13:59:36,292 [INFO] Starting chunked acquisition (max 1 chunks / 3.0 min)
2026-06-17 13:59:36,293 [INFO] Chunk duration: 3 min
2026-06-17 13:59:36,294 [INFO] Threshold: 50000 counts, checking every 1 chunks
2026-06-17 13:59:36,348 [INFO] Found 0 connected Time Tagger(s)
2026-06-17 13:59:37,940 [INFO] t:   1 s, Board temperature: 41.1 °C, FPGA temperature: 57.2 °C
2026-06-17 13:59:39,507 [INFO] t:   2 s, Board temperature: 41.1 °C, FPGA temperature: 57.2 °C
2026-06-17 13:59:41,063 [INFO] t:   3 s, Board temperature: 41.2 °C, FPGA temperature: 57.2 °C
2026-06-17 13:59:42,624 [INFO] t:   4 s, Board temperature: 41.2 °C, FPGA temperature: 57.1 °C
2026-06-17 13:59:44,190 [INFO] t:   5 s, Board temperature: 41.1 °C, FPGA temperature: 57.1 °C
2026-06-17 13:59:44,191 [INFO] The Time Tagger is warmed up.
2026-06-17 13:59:44,192 [INFO] Time Tagger initialized.
2026-06-17 13:59:44,193 [INFO] Chunk 1/1 | Elapsed: 3.0 min
2026-06-17 13:59:44,193 [INFO] Initializing experiment on Time Tagger.
2026-06-17 13:59:44,200 [INFO] Deadtime for channel 1: 0 ps
2026-06-17 13:59:44,200 [INFO] Deadtime for channel 2: 0 ps
2026-06-17 13:59:44,201 [INFO] Deadtime for channel 3: 0 ps
2026-06-17 13:59:44,202 [INFO] Deadtime for channel 4: 0 ps
2026-06-17 13:59:44,202 [INFO] Deadtime for channel 5: 0 ps
2026-06-17 13:59:44,203 [INFO] Deadtime for channel 6: 0 ps
2026-06-17 13:59:44,204 [INFO] Delays on channels enabled.
2026-06-17 13:59:44,205 [INFO] Delay for channel 1: requested=0 ps, actual=0 ps
2026-06-17 13:59:44,206 [INFO] Delay for channel 2: requested=-1000 ps, actual=-1000 ps
2026-06-17 13:59:44,206 [INFO] Delay for channel 3: requested=20000 ps, actual=20000 ps
2026-06-17 13:59:44,207 [INFO] Delay for channel 4: requested=16500 ps, actual=16500 ps
2026-06-17 13:59:44,208 [INFO] Delay for channel 5: requested=17800 ps, actual=17800 ps
2026-06-17 13:59:44,208 [INFO] Delay for channel 6: requested=17300 ps, actual=17300 ps
2026-06-17 13:59:44,209 [INFO] Executing synchronized correlation measurement.
2026-06-17 13:59:44,210 [INFO] Delays on channels enabled.
2026-06-17 13:59:44,210 [INFO] Delay for channel 1: requested=0 ps, actual=0 ps.
2026-06-17 13:59:44,211 [INFO] Delay for channel 2: requested=-1000 ps, actual=-1000 ps.
2026-06-17 13:59:44,218 [INFO] Delay for channel 3: requested=20000 ps, actual=20000 ps.
2026-06-17 13:59:44,219 [INFO] Delay for channel 4: requested=16500 ps, actual=16500 ps.
2026-06-17 13:59:44,220 [INFO] Delay for channel 5: requested=17800 ps, actual=17800 ps.
2026-06-17 13:59:44,220 [INFO] Delay for channel 6: requested=17300 ps, actual=17300 ps.
2026-06-17 13:59:44,221 [INFO] Initializing measurement with virtual mode channels for ALL heralding permutations.
2026-06-17 13:59:44,222 [INFO] Automatically generated modes from input: {'H3': [1, 2], 'H4': [3, 4], 'H5': [5, 6]}
2026-06-17 13:59:44,223 [INFO] Setting up virtual channels...
2026-06-17 13:59:44,224 [INFO] Initializing physical channel correlation histograms...
2026-06-17 13:59:44,225 [INFO]   Physical correlation: ch1 <-> ch2
2026-06-17 13:59:44,226 [INFO]   Physical correlation: ch1 <-> ch3
2026-06-17 13:59:44,226 [INFO]   Physical correlation: ch1 <-> ch4
2026-06-17 13:59:44,227 [INFO]   Physical correlation: ch1 <-> ch5
2026-06-17 13:59:44,228 [INFO]   Physical correlation: ch1 <-> ch6
2026-06-17 13:59:44,228 [INFO]   Physical correlation: ch2 <-> ch3
2026-06-17 13:59:44,229 [INFO]   Physical correlation: ch2 <-> ch4
2026-06-17 13:59:44,236 [INFO]   Physical correlation: ch2 <-> ch5
2026-06-17 13:59:44,237 [INFO]   Physical correlation: ch2 <-> ch6
2026-06-17 13:59:44,238 [INFO]   Physical correlation: ch3 <-> ch4
2026-06-17 13:59:44,238 [INFO]   Physical correlation: ch3 <-> ch5
2026-06-17 13:59:44,239 [INFO]   Physical correlation: ch3 <-> ch6
2026-06-17 13:59:44,240 [INFO]   Physical correlation: ch4 <-> ch5
2026-06-17 13:59:44,240 [INFO]   Physical correlation: ch4 <-> ch6
2026-06-17 13:59:44,241 [INFO]   Physical correlation: ch5 <-> ch6
2026-06-17 13:59:44,242 [INFO] Initializing virtual mode correlation histograms...
2026-06-17 13:59:44,242 [INFO]   Within-mode (H3): ch1 <-> ch2
2026-06-17 13:59:44,243 [INFO]   Cross-mode: H3 <-> H4
2026-06-17 13:59:44,244 [INFO]   Cross-mode: H3 <-> H5
2026-06-17 13:59:44,245 [INFO]   Within-mode (H4): ch3 <-> ch4
2026-06-17 13:59:44,245 [INFO]   Cross-mode: H4 <-> H5
2026-06-17 13:59:44,246 [INFO]   Within-mode (H5): ch5 <-> ch6
2026-06-17 13:59:44,248 [INFO] Measurement starting for 3.000min / 0.050h
2026-06-17 14:03:03,613 [INFO] Measurements finished.
2026-06-17 14:03:03,614 [INFO] Collecting measurement data...
2026-06-17 14:03:03,616 [INFO] Collecting physical correlation data for (1,2)
2026-06-17 14:03:03,620 [INFO] Collecting physical correlation data for (1,3)
2026-06-17 14:03:03,622 [INFO] Collecting physical correlation data for (1,4)
2026-06-17 14:03:03,626 [INFO] Collecting physical correlation data for (1,5)
2026-06-17 14:03:03,632 [INFO] Collecting physical correlation data for (1,6)
2026-06-17 14:03:03,637 [INFO] Collecting physical correlation data for (2,3)
2026-06-17 14:03:03,640 [INFO] Collecting physical correlation data for (2,4)
2026-06-17 14:03:03,643 [INFO] Collecting physical correlation data for (2,5)
2026-06-17 14:03:03,646 [INFO] Collecting physical correlation data for (2,6)
2026-06-17 14:03:03,650 [INFO] Collecting physical correlation data for (3,4)
2026-06-17 14:03:03,654 [INFO] Collecting physical correlation data for (3,5)
2026-06-17 14:03:03,657 [INFO] Collecting physical correlation data for (3,6)
2026-06-17 14:03:03,659 [INFO] Collecting physical correlation data for (4,5)
2026-06-17 14:03:03,661 [INFO] Collecting physical correlation data for (4,6)
2026-06-17 14:03:03,664 [INFO] Collecting physical correlation data for (5,6)
2026-06-17 14:03:03,669 [INFO] Collecting virtual correlation data for (H3,H3)
2026-06-17 14:03:03,674 [INFO] Collecting virtual correlation data for (H3,H4)
2026-06-17 14:03:03,679 [INFO] Collecting virtual correlation data for (H3,H5)
2026-06-17 14:03:03,691 [INFO] Collecting virtual correlation data for (H4,H4)
2026-06-17 14:03:03,695 [INFO] Collecting virtual correlation data for (H4,H5)
2026-06-17 14:03:03,699 [INFO] Collecting virtual correlation data for (H5,H5)
2026-06-17 14:03:04,133 [INFO] Starting writing data to file.
2026-06-17 14:03:04,247 [INFO] Saved data.
2026-06-17 14:03:04,408 [INFO] Merging 1 chunks into running total...
2026-06-17 14:03:04,409 [INFO] ============================================================
2026-06-17 14:03:04,409 [INFO] STATUS REPORT | Duration: 3.00 min (0.050 h)
2026-06-17 14:03:04,410 [INFO] ============================================================
2026-06-17 14:03:04,411 [INFO] COUNTRATES (Physical):
2026-06-17 14:03:04,412 [INFO]   Ch 1: 1444.5 kHz (total: 260,007,213)
2026-06-17 14:03:04,412 [INFO]   Ch 2: 1696.6 kHz (total: 305,394,247)
2026-06-17 14:03:04,413 [INFO]   Ch 3: 2.4 kHz (total: 427,667)
2026-06-17 14:03:04,414 [INFO]   Ch 4: 3.1 kHz (total: 555,755)
2026-06-17 14:03:04,415 [INFO]   Ch 5: 870.2 kHz (total: 156,636,894)
2026-06-17 14:03:04,416 [INFO]   Ch 6: 860.5 kHz (total: 154,893,055)
2026-06-17 14:03:04,417 [INFO] COUNTRATES (Virtual):
2026-06-17 14:03:04,418 [INFO]   H3: 3141.1 kHz (total: 565,401,460)
2026-06-17 14:03:04,419 [INFO]   H4: 5.5 kHz (total: 983,422)
2026-06-17 14:03:04,420 [INFO]   H5: 1730.7 kHz (total: 311,529,949)
2026-06-17 14:03:04,421 [INFO] ------------------------------------------------------------
2026-06-17 14:03:04,422 [INFO] COINCIDENCES (threshold: 50000)
2026-06-17 14:03:04,422 [INFO] ------------------------------------------------------------
2026-06-17 14:03:04,423 [INFO] Twofold (physical) (Reached Threshold):
2026-06-17 14:03:04,424 [INFO]   (1,2): 23,484,008 Y
2026-06-17 14:03:04,425 [INFO]   (1,3): 24,902 X
2026-06-17 14:03:04,425 [INFO]   (1,4): 32,138 X
2026-06-17 14:03:04,426 [INFO]   (1,5): 12,181,761 Y
2026-06-17 14:03:04,428 [INFO]   (1,6): 12,086,280 Y
2026-06-17 14:03:04,429 [INFO]   (2,3): 29,336 X
2026-06-17 14:03:04,430 [INFO]   (2,4): 38,071 X
2026-06-17 14:03:04,431 [INFO]   (2,5): 13,904,798 Y
2026-06-17 14:03:04,432 [INFO]   (2,6): 13,796,335 Y
2026-06-17 14:03:04,433 [INFO]   (3,4): 47 X
2026-06-17 14:03:04,434 [INFO]   (3,5): 14,691 X
2026-06-17 14:03:04,435 [INFO]   (3,6): 14,751 X
2026-06-17 14:03:04,436 [INFO]   (4,5): 19,407 X
2026-06-17 14:03:04,437 [INFO]   (4,6): 19,108 X
2026-06-17 14:03:04,438 [INFO]   (5,6): 7,278,023 Y
2026-06-17 14:03:04,438 [INFO] ============================================================
2026-06-17 14:03:04,439 [INFO] >>> 9 combination(s) below threshold <<<
2026-06-17 14:03:04,440 [INFO] ============================================================
2026-06-17 14:03:04,526 [INFO] Updated merged data: C:\Users\QUANTUM\OneDrive - ENSTA\!Working files\HBT\HBT Data\Tests_Jun\2026-06-17_13-59-22_g2_heralded_virtual\MERGED\13-59-22_2026-06-17_71.95mW_num0_MERGED.pkl
2026-06-17 14:03:04,630 [INFO] Final merged data saved to: C:\Users\QUANTUM\OneDrive - ENSTA\!Working files\HBT\HBT Data\Tests_Jun\2026-06-17_13-59-22_g2_heralded_virtual\MERGED\13-59-22_2026-06-17_71.95mW_num0_MERGED.pkl
2026-06-17 14:03:04,631 [INFO] Total merged duration: 3.00 min
2026-06-17 14:03:04,631 [INFO] Measurement completed in 3.52 min
2026-06-17 14:03:06,262 [INFO] Stage Position: 20.0
2026-06-17 14:03:06,262 [INFO] Starting chunked acquisition (max 1 chunks / 3.0 min)
2026-06-17 14:03:06,264 [INFO] Chunk duration: 3 min
2026-06-17 14:03:06,265 [INFO] Threshold: 50000 counts, checking every 1 chunks
2026-06-17 14:03:06,320 [INFO] Found 0 connected Time Tagger(s)
2026-06-17 14:03:07,938 [INFO] t:   1 s, Board temperature: 41.4 °C, FPGA temperature: 57.6 °C
2026-06-17 14:03:09,514 [INFO] t:   2 s, Board temperature: 41.4 °C, FPGA temperature: 57.6 °C
2026-06-17 14:03:11,093 [INFO] t:   3 s, Board temperature: 41.4 °C, FPGA temperature: 57.5 °C
2026-06-17 14:03:12,689 [INFO] t:   4 s, Board temperature: 41.3 °C, FPGA temperature: 57.6 °C
2026-06-17 14:03:14,268 [INFO] t:   5 s, Board temperature: 41.4 °C, FPGA temperature: 57.5 °C
2026-06-17 14:03:14,269 [INFO] The Time Tagger is warmed up.
2026-06-17 14:03:14,269 [INFO] Time Tagger initialized.
2026-06-17 14:03:14,271 [INFO] Chunk 1/1 | Elapsed: 3.0 min
2026-06-17 14:03:14,271 [INFO] Initializing experiment on Time Tagger.
2026-06-17 14:03:14,272 [INFO] Deadtime for channel 1: 0 ps
2026-06-17 14:03:14,273 [INFO] Deadtime for channel 2: 0 ps
2026-06-17 14:03:14,274 [INFO] Deadtime for channel 3: 0 ps
2026-06-17 14:03:14,275 [INFO] Deadtime for channel 4: 0 ps
2026-06-17 14:03:14,276 [INFO] Deadtime for channel 5: 0 ps
2026-06-17 14:03:14,277 [INFO] Deadtime for channel 6: 0 ps
2026-06-17 14:03:14,277 [INFO] Delays on channels enabled.
2026-06-17 14:03:14,278 [INFO] Delay for channel 1: requested=0 ps, actual=0 ps
2026-06-17 14:03:14,279 [INFO] Delay for channel 2: requested=-1000 ps, actual=-1000 ps
2026-06-17 14:03:14,280 [INFO] Delay for channel 3: requested=20000 ps, actual=20000 ps
2026-06-17 14:03:14,281 [INFO] Delay for channel 4: requested=16500 ps, actual=16500 ps
2026-06-17 14:03:14,288 [INFO] Delay for channel 5: requested=17800 ps, actual=17800 ps
2026-06-17 14:03:14,289 [INFO] Delay for channel 6: requested=17300 ps, actual=17300 ps
2026-06-17 14:03:14,290 [INFO] Executing synchronized correlation measurement.
2026-06-17 14:03:14,291 [INFO] Delays on channels enabled.
2026-06-17 14:03:14,292 [INFO] Delay for channel 1: requested=0 ps, actual=0 ps.
2026-06-17 14:03:14,292 [INFO] Delay for channel 2: requested=-1000 ps, actual=-1000 ps.
2026-06-17 14:03:14,293 [INFO] Delay for channel 3: requested=20000 ps, actual=20000 ps.
2026-06-17 14:03:14,294 [INFO] Delay for channel 4: requested=16500 ps, actual=16500 ps.
2026-06-17 14:03:14,295 [INFO] Delay for channel 5: requested=17800 ps, actual=17800 ps.
2026-06-17 14:03:14,296 [INFO] Delay for channel 6: requested=17300 ps, actual=17300 ps.
2026-06-17 14:03:14,297 [INFO] Initializing measurement with virtual mode channels for ALL heralding permutations.
2026-06-17 14:03:14,298 [INFO] Automatically generated modes from input: {'H3': [1, 2], 'H4': [3, 4], 'H5': [5, 6]}
2026-06-17 14:03:14,298 [INFO] Setting up virtual channels...
2026-06-17 14:03:14,300 [INFO] Initializing physical channel correlation histograms...
2026-06-17 14:03:14,300 [INFO]   Physical correlation: ch1 <-> ch2
2026-06-17 14:03:14,302 [INFO]   Physical correlation: ch1 <-> ch3
2026-06-17 14:03:14,302 [INFO]   Physical correlation: ch1 <-> ch4
2026-06-17 14:03:14,326 [INFO]   Physical correlation: ch1 <-> ch5
2026-06-17 14:03:14,327 [INFO]   Physical correlation: ch1 <-> ch6
2026-06-17 14:03:14,328 [INFO]   Physical correlation: ch2 <-> ch3
2026-06-17 14:03:14,330 [INFO]   Physical correlation: ch2 <-> ch4
2026-06-17 14:03:14,331 [INFO]   Physical correlation: ch2 <-> ch5
2026-06-17 14:03:14,331 [INFO]   Physical correlation: ch2 <-> ch6
2026-06-17 14:03:14,332 [INFO]   Physical correlation: ch3 <-> ch4
2026-06-17 14:03:14,333 [INFO]   Physical correlation: ch3 <-> ch5
2026-06-17 14:03:14,334 [INFO]   Physical correlation: ch3 <-> ch6
2026-06-17 14:03:14,334 [INFO]   Physical correlation: ch4 <-> ch5
2026-06-17 14:03:14,335 [INFO]   Physical correlation: ch4 <-> ch6
2026-06-17 14:03:14,336 [INFO]   Physical correlation: ch5 <-> ch6
2026-06-17 14:03:14,337 [INFO] Initializing virtual mode correlation histograms...
2026-06-17 14:03:14,337 [INFO]   Within-mode (H3): ch1 <-> ch2
2026-06-17 14:03:14,338 [INFO]   Cross-mode: H3 <-> H4
2026-06-17 14:03:14,339 [INFO]   Cross-mode: H3 <-> H5
2026-06-17 14:03:14,339 [INFO]   Within-mode (H4): ch3 <-> ch4
2026-06-17 14:03:14,340 [INFO]   Cross-mode: H4 <-> H5
2026-06-17 14:03:14,341 [INFO]   Within-mode (H5): ch5 <-> ch6
2026-06-17 14:03:14,343 [INFO] Measurement starting for 3.000min / 0.050h
2026-06-17 14:06:15,992 [INFO] Measurements finished.
2026-06-17 14:06:15,993 [INFO] Collecting measurement data...
2026-06-17 14:06:15,994 [INFO] Collecting physical correlation data for (1,2)
2026-06-17 14:06:15,997 [INFO] Collecting physical correlation data for (1,3)
2026-06-17 14:06:16,000 [INFO] Collecting physical correlation data for (1,4)
2026-06-17 14:06:16,002 [INFO] Collecting physical correlation data for (1,5)
2026-06-17 14:06:16,005 [INFO] Collecting physical correlation data for (1,6)
2026-06-17 14:06:16,008 [INFO] Collecting physical correlation data for (2,3)
2026-06-17 14:06:16,011 [INFO] Collecting physical correlation data for (2,4)
2026-06-17 14:06:16,014 [INFO] Collecting physical correlation data for (2,5)
2026-06-17 14:06:16,018 [INFO] Collecting physical correlation data for (2,6)
2026-06-17 14:06:16,021 [INFO] Collecting physical correlation data for (3,4)
2026-06-17 14:06:16,024 [INFO] Collecting physical correlation data for (3,5)
2026-06-17 14:06:16,026 [INFO] Collecting physical correlation data for (3,6)
2026-06-17 14:06:16,028 [INFO] Collecting physical correlation data for (4,5)
2026-06-17 14:06:16,032 [INFO] Collecting physical correlation data for (4,6)
2026-06-17 14:06:16,035 [INFO] Collecting physical correlation data for (5,6)
2026-06-17 14:06:16,038 [INFO] Collecting virtual correlation data for (H3,H3)
2026-06-17 14:06:16,042 [INFO] Collecting virtual correlation data for (H3,H4)
2026-06-17 14:06:16,044 [INFO] Collecting virtual correlation data for (H3,H5)
2026-06-17 14:06:16,046 [INFO] Collecting virtual correlation data for (H4,H4)
2026-06-17 14:06:16,049 [INFO] Collecting virtual correlation data for (H4,H5)
2026-06-17 14:06:16,051 [INFO] Collecting virtual correlation data for (H5,H5)
2026-06-17 14:06:16,223 [INFO] Starting writing data to file.
2026-06-17 14:06:16,311 [INFO] Saved data.
2026-06-17 14:06:16,445 [INFO] Merging 1 chunks into running total...
2026-06-17 14:06:16,445 [INFO] ============================================================
2026-06-17 14:06:16,446 [INFO] STATUS REPORT | Duration: 3.00 min (0.050 h)
2026-06-17 14:06:16,446 [INFO] ============================================================
2026-06-17 14:06:16,447 [INFO] COUNTRATES (Physical):
2026-06-17 14:06:16,448 [INFO]   Ch 1: 763.9 kHz (total: 137,501,152)
2026-06-17 14:06:16,449 [INFO]   Ch 2: 984.3 kHz (total: 177,166,566)
2026-06-17 14:06:16,449 [INFO]   Ch 3: 2.4 kHz (total: 425,207)
2026-06-17 14:06:16,450 [INFO]   Ch 4: 3.1 kHz (total: 556,122)
2026-06-17 14:06:16,451 [INFO]   Ch 5: 522.5 kHz (total: 94,057,186)
2026-06-17 14:06:16,451 [INFO]   Ch 6: 514.1 kHz (total: 92,545,439)
2026-06-17 14:06:16,452 [INFO] COUNTRATES (Virtual):
2026-06-17 14:06:16,453 [INFO]   H3: 1748.2 kHz (total: 314,667,718)
2026-06-17 14:06:16,453 [INFO]   H4: 5.5 kHz (total: 981,329)
2026-06-17 14:06:16,454 [INFO]   H5: 1036.7 kHz (total: 186,602,625)
2026-06-17 14:06:16,454 [INFO] ------------------------------------------------------------
2026-06-17 14:06:16,455 [INFO] COINCIDENCES (threshold: 50000)
2026-06-17 14:06:16,456 [INFO] ------------------------------------------------------------
2026-06-17 14:06:16,456 [INFO] Twofold (physical) (Reached Threshold):
2026-06-17 14:06:16,456 [INFO]   (1,2): 10,633,116 Y
2026-06-17 14:06:16,457 [INFO]   (1,3): 16,253 X
2026-06-17 14:06:16,457 [INFO]   (1,4): 21,444 X
2026-06-17 14:06:16,458 [INFO]   (1,5): 5,687,304 Y
2026-06-17 14:06:16,459 [INFO]   (1,6): 5,632,128 Y
2026-06-17 14:06:16,460 [INFO]   (2,3): 21,225 X
2026-06-17 14:06:16,460 [INFO]   (2,4): 27,268 X
2026-06-17 14:06:16,461 [INFO]   (2,5): 7,135,851 Y
2026-06-17 14:06:16,461 [INFO]   (2,6): 7,058,987 Y
2026-06-17 14:06:16,462 [INFO]   (3,4): 70 X
2026-06-17 14:06:16,462 [INFO]   (3,5): 11,007 X
2026-06-17 14:06:16,463 [INFO]   (3,6): 11,137 X
2026-06-17 14:06:16,463 [INFO]   (4,5): 14,638 X
2026-06-17 14:06:16,463 [INFO]   (4,6): 14,419 X
2026-06-17 14:06:16,464 [INFO]   (5,6): 3,842,376 Y
2026-06-17 14:06:16,465 [INFO] ============================================================
2026-06-17 14:06:16,465 [INFO] >>> 9 combination(s) below threshold <<<
2026-06-17 14:06:16,466 [INFO] ============================================================
2026-06-17 14:06:16,553 [INFO] Updated merged data: C:\Users\QUANTUM\OneDrive - ENSTA\!Working files\HBT\HBT Data\Tests_Jun\2026-06-17_13-59-22_g2_heralded_virtual\MERGED\13-59-22_2026-06-17_54.97mW_num0_MERGED.pkl
2026-06-17 14:06:16,639 [INFO] Final merged data saved to: C:\Users\QUANTUM\OneDrive - ENSTA\!Working files\HBT\HBT Data\Tests_Jun\2026-06-17_13-59-22_g2_heralded_virtual\MERGED\13-59-22_2026-06-17_54.97mW_num0_MERGED.pkl
2026-06-17 14:06:16,640 [INFO] Total merged duration: 3.00 min
2026-06-17 14:06:16,641 [INFO] Measurement completed in 3.20 min
2026-06-17 14:06:18,273 [INFO] Stage Position: 25.0
2026-06-17 14:06:18,273 [INFO] Starting chunked acquisition (max 1 chunks / 3.0 min)
2026-06-17 14:06:18,275 [INFO] Chunk duration: 3 min
2026-06-17 14:06:18,275 [INFO] Threshold: 50000 counts, checking every 1 chunks
2026-06-17 14:06:18,321 [INFO] Found 0 connected Time Tagger(s)
2026-06-17 14:06:19,970 [INFO] t:   1 s, Board temperature: 41.1 °C, FPGA temperature: 57.4 °C
2026-06-17 14:06:21,560 [INFO] t:   2 s, Board temperature: 41.1 °C, FPGA temperature: 57.4 °C
2026-06-17 14:06:23,118 [INFO] t:   3 s, Board temperature: 41.1 °C, FPGA temperature: 57.4 °C
2026-06-17 14:06:24,690 [INFO] t:   4 s, Board temperature: 41.2 °C, FPGA temperature: 57.4 °C
2026-06-17 14:06:26,257 [INFO] t:   5 s, Board temperature: 41.2 °C, FPGA temperature: 57.4 °C
2026-06-17 14:06:26,258 [INFO] The Time Tagger is warmed up.
2026-06-17 14:06:26,259 [INFO] Time Tagger initialized.
2026-06-17 14:06:26,260 [INFO] Chunk 1/1 | Elapsed: 3.0 min
2026-06-17 14:06:26,261 [INFO] Initializing experiment on Time Tagger.
2026-06-17 14:06:26,262 [INFO] Deadtime for channel 1: 0 ps
2026-06-17 14:06:26,263 [INFO] Deadtime for channel 2: 0 ps
2026-06-17 14:06:26,263 [INFO] Deadtime for channel 3: 0 ps
2026-06-17 14:06:26,264 [INFO] Deadtime for channel 4: 0 ps
2026-06-17 14:06:26,265 [INFO] Deadtime for channel 5: 0 ps
2026-06-17 14:06:26,265 [INFO] Deadtime for channel 6: 0 ps
2026-06-17 14:06:26,266 [INFO] Delays on channels enabled.
2026-06-17 14:06:26,267 [INFO] Delay for channel 1: requested=0 ps, actual=0 ps
2026-06-17 14:06:26,267 [INFO] Delay for channel 2: requested=-1000 ps, actual=-1000 ps
2026-06-17 14:06:26,268 [INFO] Delay for channel 3: requested=20000 ps, actual=20000 ps
2026-06-17 14:06:26,269 [INFO] Delay for channel 4: requested=16500 ps, actual=16500 ps
2026-06-17 14:06:26,269 [INFO] Delay for channel 5: requested=17800 ps, actual=17800 ps
2026-06-17 14:06:26,270 [INFO] Delay for channel 6: requested=17300 ps, actual=17300 ps
2026-06-17 14:06:26,270 [INFO] Executing synchronized correlation measurement.
2026-06-17 14:06:26,271 [INFO] Delays on channels enabled.
2026-06-17 14:06:26,272 [INFO] Delay for channel 1: requested=0 ps, actual=0 ps.
2026-06-17 14:06:26,272 [INFO] Delay for channel 2: requested=-1000 ps, actual=-1000 ps.
2026-06-17 14:06:26,273 [INFO] Delay for channel 3: requested=20000 ps, actual=20000 ps.
2026-06-17 14:06:26,274 [INFO] Delay for channel 4: requested=16500 ps, actual=16500 ps.
2026-06-17 14:06:26,274 [INFO] Delay for channel 5: requested=17800 ps, actual=17800 ps.
2026-06-17 14:06:26,275 [INFO] Delay for channel 6: requested=17300 ps, actual=17300 ps.
2026-06-17 14:06:26,276 [INFO] Initializing measurement with virtual mode channels for ALL heralding permutations.
2026-06-17 14:06:26,276 [INFO] Automatically generated modes from input: {'H3': [1, 2], 'H4': [3, 4], 'H5': [5, 6]}
2026-06-17 14:06:26,277 [INFO] Setting up virtual channels...
2026-06-17 14:06:26,278 [INFO] Initializing physical channel correlation histograms...
2026-06-17 14:06:26,279 [INFO]   Physical correlation: ch1 <-> ch2
2026-06-17 14:06:26,279 [INFO]   Physical correlation: ch1 <-> ch3
2026-06-17 14:06:26,280 [INFO]   Physical correlation: ch1 <-> ch4
2026-06-17 14:06:26,281 [INFO]   Physical correlation: ch1 <-> ch5
2026-06-17 14:06:26,281 [INFO]   Physical correlation: ch1 <-> ch6
2026-06-17 14:06:26,282 [INFO]   Physical correlation: ch2 <-> ch3
2026-06-17 14:06:26,282 [INFO]   Physical correlation: ch2 <-> ch4
2026-06-17 14:06:26,283 [INFO]   Physical correlation: ch2 <-> ch5
2026-06-17 14:06:26,284 [INFO]   Physical correlation: ch2 <-> ch6
2026-06-17 14:06:26,284 [INFO]   Physical correlation: ch3 <-> ch4
2026-06-17 14:06:26,285 [INFO]   Physical correlation: ch3 <-> ch5
2026-06-17 14:06:26,286 [INFO]   Physical correlation: ch3 <-> ch6
2026-06-17 14:06:26,286 [INFO]   Physical correlation: ch4 <-> ch5
2026-06-17 14:06:26,287 [INFO]   Physical correlation: ch4 <-> ch6
2026-06-17 14:06:26,288 [INFO]   Physical correlation: ch5 <-> ch6
2026-06-17 14:06:26,289 [INFO] Initializing virtual mode correlation histograms...
2026-06-17 14:06:26,289 [INFO]   Within-mode (H3): ch1 <-> ch2
2026-06-17 14:06:26,290 [INFO]   Cross-mode: H3 <-> H4
2026-06-17 14:06:26,291 [INFO]   Cross-mode: H3 <-> H5
2026-06-17 14:06:26,291 [INFO]   Within-mode (H4): ch3 <-> ch4
2026-06-17 14:06:26,292 [INFO]   Cross-mode: H4 <-> H5
2026-06-17 14:06:26,293 [INFO]   Within-mode (H5): ch5 <-> ch6
2026-06-17 14:06:26,294 [INFO] Measurement starting for 3.000min / 0.050h
2026-06-17 14:09:26,443 [INFO] Measurements finished.
2026-06-17 14:09:26,443 [INFO] Collecting measurement data...
2026-06-17 14:09:26,444 [INFO] Collecting physical correlation data for (1,2)
2026-06-17 14:09:26,446 [INFO] Collecting physical correlation data for (1,3)
2026-06-17 14:09:26,448 [INFO] Collecting physical correlation data for (1,4)
2026-06-17 14:09:26,451 [INFO] Collecting physical correlation data for (1,5)
2026-06-17 14:09:26,454 [INFO] Collecting physical correlation data for (1,6)
2026-06-17 14:09:26,456 [INFO] Collecting physical correlation data for (2,3)
2026-06-17 14:09:26,458 [INFO] Collecting physical correlation data for (2,4)
2026-06-17 14:09:26,461 [INFO] Collecting physical correlation data for (2,5)
2026-06-17 14:09:26,463 [INFO] Collecting physical correlation data for (2,6)
2026-06-17 14:09:26,466 [INFO] Collecting physical correlation data for (3,4)
2026-06-17 14:09:26,468 [INFO] Collecting physical correlation data for (3,5)
2026-06-17 14:09:26,470 [INFO] Collecting physical correlation data for (3,6)
2026-06-17 14:09:26,472 [INFO] Collecting physical correlation data for (4,5)
2026-06-17 14:09:26,475 [INFO] Collecting physical correlation data for (4,6)
2026-06-17 14:09:26,477 [INFO] Collecting physical correlation data for (5,6)
2026-06-17 14:09:26,479 [INFO] Collecting virtual correlation data for (H3,H3)
2026-06-17 14:09:26,482 [INFO] Collecting virtual correlation data for (H3,H4)
2026-06-17 14:09:26,484 [INFO] Collecting virtual correlation data for (H3,H5)
2026-06-17 14:09:26,487 [INFO] Collecting virtual correlation data for (H4,H4)
2026-06-17 14:09:26,489 [INFO] Collecting virtual correlation data for (H4,H5)
2026-06-17 14:09:26,491 [INFO] Collecting virtual correlation data for (H5,H5)
2026-06-17 14:09:26,517 [INFO] Starting writing data to file.
2026-06-17 14:09:26,601 [INFO] Saved data.
2026-06-17 14:09:26,738 [INFO] Merging 1 chunks into running total...
2026-06-17 14:09:26,738 [INFO] ============================================================
2026-06-17 14:09:26,739 [INFO] STATUS REPORT | Duration: 3.00 min (0.050 h)
2026-06-17 14:09:26,740 [INFO] ============================================================
2026-06-17 14:09:26,741 [INFO] COUNTRATES (Physical):
2026-06-17 14:09:26,741 [INFO]   Ch 1: 319.2 kHz (total: 57,459,950)
2026-06-17 14:09:26,742 [INFO]   Ch 2: 443.5 kHz (total: 79,821,885)
2026-06-17 14:09:26,743 [INFO]   Ch 3: 2.3 kHz (total: 414,186)
2026-06-17 14:09:26,743 [INFO]   Ch 4: 3.0 kHz (total: 545,550)
2026-06-17 14:09:26,744 [INFO]   Ch 5: 240.6 kHz (total: 43,309,215)
2026-06-17 14:09:26,745 [INFO]   Ch 6: 234.0 kHz (total: 42,119,097)
2026-06-17 14:09:26,745 [INFO] COUNTRATES (Virtual):
2026-06-17 14:09:26,746 [INFO]   H3: 762.7 kHz (total: 137,281,835)
2026-06-17 14:09:26,747 [INFO]   H4: 5.3 kHz (total: 959,736)
2026-06-17 14:09:26,747 [INFO]   H5: 474.6 kHz (total: 85,428,312)
2026-06-17 14:09:26,748 [INFO] ------------------------------------------------------------
2026-06-17 14:09:26,748 [INFO] COINCIDENCES (threshold: 50000)
2026-06-17 14:09:26,749 [INFO] ------------------------------------------------------------
2026-06-17 14:09:26,750 [INFO] Twofold (physical) (Reached Threshold):
2026-06-17 14:09:26,751 [INFO]   (1,2): 2,470,027 Y
2026-06-17 14:09:26,752 [INFO]   (1,3): 6,602 X
2026-06-17 14:09:26,753 [INFO]   (1,4): 8,870 X
2026-06-17 14:09:26,754 [INFO]   (1,5): 1,389,313 Y
2026-06-17 14:09:26,755 [INFO]   (1,6): 1,362,507 Y
2026-06-17 14:09:26,756 [INFO]   (2,3): 9,406 X
2026-06-17 14:09:26,757 [INFO]   (2,4): 12,286 X
2026-06-17 14:09:26,758 [INFO]   (2,5): 1,899,057 Y
2026-06-17 14:09:26,759 [INFO]   (2,6): 1,857,770 Y
2026-06-17 14:09:26,759 [INFO]   (3,4): 74 X
2026-06-17 14:09:26,761 [INFO]   (3,5): 4,920 X
2026-06-17 14:09:26,761 [INFO]   (3,6): 4,810 X
2026-06-17 14:09:26,762 [INFO]   (4,5): 6,691 X
2026-06-17 14:09:26,762 [INFO]   (4,6): 6,453 X
2026-06-17 14:09:26,763 [INFO]   (5,6): 1,057,245 Y
2026-06-17 14:09:26,764 [INFO] ============================================================
2026-06-17 14:09:26,765 [INFO] >>> 9 combination(s) below threshold <<<
2026-06-17 14:09:26,765 [INFO] ============================================================
2026-06-17 14:09:26,853 [INFO] Updated merged data: C:\Users\QUANTUM\OneDrive - ENSTA\!Working files\HBT\HBT Data\Tests_Jun\2026-06-17_13-59-22_g2_heralded_virtual\MERGED\13-59-22_2026-06-17_38.63mW_num0_MERGED.pkl
2026-06-17 14:09:26,944 [INFO] Final merged data saved to: C:\Users\QUANTUM\OneDrive - ENSTA\!Working files\HBT\HBT Data\Tests_Jun\2026-06-17_13-59-22_g2_heralded_virtual\MERGED\13-59-22_2026-06-17_38.63mW_num0_MERGED.pkl
2026-06-17 14:09:26,945 [INFO] Total merged duration: 3.00 min
2026-06-17 14:09:26,946 [INFO] Measurement completed in 3.17 min
2026-06-17 14:09:28,058 [INFO] Stage Position: 27.0
2026-06-17 14:09:28,058 [INFO] Starting chunked acquisition (max 1 chunks / 3.0 min)
2026-06-17 14:09:28,059 [INFO] Chunk duration: 3 min
2026-06-17 14:09:28,061 [INFO] Threshold: 50000 counts, checking every 1 chunks
2026-06-17 14:09:28,110 [INFO] Found 0 connected Time Tagger(s)
2026-06-17 14:09:29,736 [INFO] t:   1 s, Board temperature: 41.1 °C, FPGA temperature: 57.3 °C
2026-06-17 14:09:31,317 [INFO] t:   2 s, Board temperature: 41.2 °C, FPGA temperature: 57.4 °C
2026-06-17 14:09:32,927 [INFO] t:   3 s, Board temperature: 41.1 °C, FPGA temperature: 57.4 °C
2026-06-17 14:09:34,497 [INFO] t:   4 s, Board temperature: 41.2 °C, FPGA temperature: 57.4 °C
2026-06-17 14:09:36,050 [INFO] t:   5 s, Board temperature: 41.2 °C, FPGA temperature: 57.3 °C
2026-06-17 14:09:36,050 [INFO] The Time Tagger is warmed up.
2026-06-17 14:09:36,052 [INFO] Time Tagger initialized.
2026-06-17 14:09:36,053 [INFO] Chunk 1/1 | Elapsed: 3.0 min
2026-06-17 14:09:36,053 [INFO] Initializing experiment on Time Tagger.
2026-06-17 14:09:36,054 [INFO] Deadtime for channel 1: 0 ps
2026-06-17 14:09:36,055 [INFO] Deadtime for channel 2: 0 ps
2026-06-17 14:09:36,056 [INFO] Deadtime for channel 3: 0 ps
2026-06-17 14:09:36,057 [INFO] Deadtime for channel 4: 0 ps
2026-06-17 14:09:36,057 [INFO] Deadtime for channel 5: 0 ps
2026-06-17 14:09:36,058 [INFO] Deadtime for channel 6: 0 ps
2026-06-17 14:09:36,059 [INFO] Delays on channels enabled.
2026-06-17 14:09:36,060 [INFO] Delay for channel 1: requested=0 ps, actual=0 ps
2026-06-17 14:09:36,061 [INFO] Delay for channel 2: requested=-1000 ps, actual=-1000 ps
2026-06-17 14:09:36,061 [INFO] Delay for channel 3: requested=20000 ps, actual=20000 ps
2026-06-17 14:09:36,062 [INFO] Delay for channel 4: requested=16500 ps, actual=16500 ps
2026-06-17 14:09:36,062 [INFO] Delay for channel 5: requested=17800 ps, actual=17800 ps
2026-06-17 14:09:36,063 [INFO] Delay for channel 6: requested=17300 ps, actual=17300 ps
2026-06-17 14:09:36,064 [INFO] Executing synchronized correlation measurement.
2026-06-17 14:09:36,064 [INFO] Delays on channels enabled.
2026-06-17 14:09:36,065 [INFO] Delay for channel 1: requested=0 ps, actual=0 ps.
2026-06-17 14:09:36,065 [INFO] Delay for channel 2: requested=-1000 ps, actual=-1000 ps.
2026-06-17 14:09:36,066 [INFO] Delay for channel 3: requested=20000 ps, actual=20000 ps.
2026-06-17 14:09:36,067 [INFO] Delay for channel 4: requested=16500 ps, actual=16500 ps.
2026-06-17 14:09:36,067 [INFO] Delay for channel 5: requested=17800 ps, actual=17800 ps.
2026-06-17 14:09:36,068 [INFO] Delay for channel 6: requested=17300 ps, actual=17300 ps.
2026-06-17 14:09:36,069 [INFO] Initializing measurement with virtual mode channels for ALL heralding permutations.
2026-06-17 14:09:36,069 [INFO] Automatically generated modes from input: {'H3': [1, 2], 'H4': [3, 4], 'H5': [5, 6]}
2026-06-17 14:09:36,070 [INFO] Setting up virtual channels...
2026-06-17 14:09:36,071 [INFO] Initializing physical channel correlation histograms...
2026-06-17 14:09:36,072 [INFO]   Physical correlation: ch1 <-> ch2
2026-06-17 14:09:36,073 [INFO]   Physical correlation: ch1 <-> ch3
2026-06-17 14:09:36,073 [INFO]   Physical correlation: ch1 <-> ch4
2026-06-17 14:09:36,074 [INFO]   Physical correlation: ch1 <-> ch5
2026-06-17 14:09:36,075 [INFO]   Physical correlation: ch1 <-> ch6
2026-06-17 14:09:36,076 [INFO]   Physical correlation: ch2 <-> ch3
2026-06-17 14:09:36,076 [INFO]   Physical correlation: ch2 <-> ch4
2026-06-17 14:09:36,077 [INFO]   Physical correlation: ch2 <-> ch5
2026-06-17 14:09:36,078 [INFO]   Physical correlation: ch2 <-> ch6
2026-06-17 14:09:36,079 [INFO]   Physical correlation: ch3 <-> ch4
2026-06-17 14:09:36,079 [INFO]   Physical correlation: ch3 <-> ch5
2026-06-17 14:09:36,080 [INFO]   Physical correlation: ch3 <-> ch6
2026-06-17 14:09:36,081 [INFO]   Physical correlation: ch4 <-> ch5
2026-06-17 14:09:36,082 [INFO]   Physical correlation: ch4 <-> ch6
2026-06-17 14:09:36,083 [INFO]   Physical correlation: ch5 <-> ch6
2026-06-17 14:09:36,083 [INFO] Initializing virtual mode correlation histograms...
2026-06-17 14:09:36,084 [INFO]   Within-mode (H3): ch1 <-> ch2
2026-06-17 14:09:36,085 [INFO]   Cross-mode: H3 <-> H4
2026-06-17 14:09:36,086 [INFO]   Cross-mode: H3 <-> H5
2026-06-17 14:09:36,086 [INFO]   Within-mode (H4): ch3 <-> ch4
2026-06-17 14:09:36,087 [INFO]   Cross-mode: H4 <-> H5
2026-06-17 14:09:36,088 [INFO]   Within-mode (H5): ch5 <-> ch6
2026-06-17 14:09:36,090 [INFO] Measurement starting for 3.000min / 0.050h
2026-06-17 14:12:36,283 [INFO] Measurements finished.
2026-06-17 14:12:36,285 [INFO] Collecting measurement data...
2026-06-17 14:12:36,285 [INFO] Collecting physical correlation data for (1,2)
2026-06-17 14:12:36,288 [INFO] Collecting physical correlation data for (1,3)
2026-06-17 14:12:36,290 [INFO] Collecting physical correlation data for (1,4)
2026-06-17 14:12:36,293 [INFO] Collecting physical correlation data for (1,5)
2026-06-17 14:12:36,294 [INFO] Collecting physical correlation data for (1,6)
2026-06-17 14:12:36,297 [INFO] Collecting physical correlation data for (2,3)
2026-06-17 14:12:36,299 [INFO] Collecting physical correlation data for (2,4)
2026-06-17 14:12:36,301 [INFO] Collecting physical correlation data for (2,5)
2026-06-17 14:12:36,303 [INFO] Collecting physical correlation data for (2,6)
2026-06-17 14:12:36,306 [INFO] Collecting physical correlation data for (3,4)
2026-06-17 14:12:36,308 [INFO] Collecting physical correlation data for (3,5)
2026-06-17 14:12:36,310 [INFO] Collecting physical correlation data for (3,6)
2026-06-17 14:12:36,312 [INFO] Collecting physical correlation data for (4,5)
2026-06-17 14:12:36,314 [INFO] Collecting physical correlation data for (4,6)
2026-06-17 14:12:36,317 [INFO] Collecting physical correlation data for (5,6)
2026-06-17 14:12:36,319 [INFO] Collecting virtual correlation data for (H3,H3)
2026-06-17 14:12:36,321 [INFO] Collecting virtual correlation data for (H3,H4)
2026-06-17 14:12:36,323 [INFO] Collecting virtual correlation data for (H3,H5)
2026-06-17 14:12:36,326 [INFO] Collecting virtual correlation data for (H4,H4)
2026-06-17 14:12:36,328 [INFO] Collecting virtual correlation data for (H4,H5)
2026-06-17 14:12:36,330 [INFO] Collecting virtual correlation data for (H5,H5)
2026-06-17 14:12:36,356 [INFO] Starting writing data to file.
2026-06-17 14:12:36,450 [INFO] Saved data.
2026-06-17 14:12:36,578 [INFO] Merging 1 chunks into running total...
2026-06-17 14:12:36,579 [INFO] ============================================================
2026-06-17 14:12:36,580 [INFO] STATUS REPORT | Duration: 3.00 min (0.050 h)
2026-06-17 14:12:36,581 [INFO] ============================================================
2026-06-17 14:12:36,582 [INFO] COUNTRATES (Physical):
2026-06-17 14:12:36,583 [INFO]   Ch 1: 205.5 kHz (total: 36,985,578)
2026-06-17 14:12:36,584 [INFO]   Ch 2: 291.7 kHz (total: 52,503,511)
2026-06-17 14:12:36,585 [INFO]   Ch 3: 2.3 kHz (total: 414,178)
2026-06-17 14:12:36,586 [INFO]   Ch 4: 3.0 kHz (total: 545,226)
2026-06-17 14:12:36,587 [INFO]   Ch 5: 156.5 kHz (total: 28,168,910)
2026-06-17 14:12:36,588 [INFO]   Ch 6: 151.1 kHz (total: 27,198,115)
2026-06-17 14:12:36,589 [INFO] COUNTRATES (Virtual):
2026-06-17 14:12:36,590 [INFO]   H3: 497.2 kHz (total: 89,489,089)
2026-06-17 14:12:36,591 [INFO]   H4: 5.3 kHz (total: 959,404)
2026-06-17 14:12:36,592 [INFO]   H5: 307.6 kHz (total: 55,367,025)
2026-06-17 14:12:36,593 [INFO] ------------------------------------------------------------
2026-06-17 14:12:36,594 [INFO] COINCIDENCES (threshold: 50000)
2026-06-17 14:12:36,595 [INFO] ------------------------------------------------------------
2026-06-17 14:12:36,596 [INFO] Twofold (physical) (Reached Threshold):
2026-06-17 14:12:36,597 [INFO]   (1,2): 1,155,987 Y
2026-06-17 14:12:36,598 [INFO]   (1,3): 4,292 X
2026-06-17 14:12:36,599 [INFO]   (1,4): 5,773 X
2026-06-17 14:12:36,600 [INFO]   (1,5): 659,773 Y
2026-06-17 14:12:36,600 [INFO]   (1,6): 639,535 Y
2026-06-17 14:12:36,602 [INFO]   (2,3): 6,027 X
2026-06-17 14:12:36,603 [INFO]   (2,4): 7,800 X
2026-06-17 14:12:36,603 [INFO]   (2,5): 924,250 Y
2026-06-17 14:12:36,605 [INFO]   (2,6): 896,793 Y
2026-06-17 14:12:36,605 [INFO]   (3,4): 62 X
2026-06-17 14:12:36,606 [INFO]   (3,5): 3,351 X
2026-06-17 14:12:36,607 [INFO]   (3,6): 3,270 X
2026-06-17 14:12:36,607 [INFO]   (4,5): 4,323 X
2026-06-17 14:12:36,608 [INFO]   (4,6): 4,147 X
2026-06-17 14:12:36,609 [INFO]   (5,6): 518,113 Y
2026-06-17 14:12:36,609 [INFO] ============================================================
2026-06-17 14:12:36,610 [INFO] >>> 9 combination(s) below threshold <<<
2026-06-17 14:12:36,611 [INFO] ============================================================
2026-06-17 14:12:36,695 [INFO] Updated merged data: C:\Users\QUANTUM\OneDrive - ENSTA\!Working files\HBT\HBT Data\Tests_Jun\2026-06-17_13-59-22_g2_heralded_virtual\MERGED\13-59-22_2026-06-17_32.68mW_num0_MERGED.pkl
2026-06-17 14:12:36,785 [INFO] Final merged data saved to: C:\Users\QUANTUM\OneDrive - ENSTA\!Working files\HBT\HBT Data\Tests_Jun\2026-06-17_13-59-22_g2_heralded_virtual\MERGED\13-59-22_2026-06-17_32.68mW_num0_MERGED.pkl
2026-06-17 14:12:36,786 [INFO] Total merged duration: 3.00 min
2026-06-17 14:12:36,787 [INFO] Measurement completed in 3.16 min
2026-06-17 14:12:37,909 [INFO] Stage Position: 29.0
2026-06-17 14:12:37,909 [INFO] Starting chunked acquisition (max 1 chunks / 3.0 min)
2026-06-17 14:12:37,910 [INFO] Chunk duration: 3 min
2026-06-17 14:12:37,911 [INFO] Threshold: 50000 counts, checking every 1 chunks
2026-06-17 14:12:37,959 [INFO] Found 0 connected Time Tagger(s)
2026-06-17 14:12:39,611 [INFO] t:   1 s, Board temperature: 41.1 °C, FPGA temperature: 57.2 °C
2026-06-17 14:12:41,172 [INFO] t:   2 s, Board temperature: 41.1 °C, FPGA temperature: 57.2 °C
2026-06-17 14:12:42,750 [INFO] t:   3 s, Board temperature: 41.1 °C, FPGA temperature: 57.3 °C
2026-06-17 14:12:44,317 [INFO] t:   4 s, Board temperature: 41.1 °C, FPGA temperature: 57.1 °C
2026-06-17 14:12:45,887 [INFO] t:   5 s, Board temperature: 41.2 °C, FPGA temperature: 57.2 °C
2026-06-17 14:12:45,887 [INFO] The Time Tagger is warmed up.
2026-06-17 14:12:45,888 [INFO] Time Tagger initialized.
2026-06-17 14:12:45,889 [INFO] Chunk 1/1 | Elapsed: 3.0 min
2026-06-17 14:12:45,890 [INFO] Initializing experiment on Time Tagger.
2026-06-17 14:12:45,891 [INFO] Deadtime for channel 1: 0 ps
2026-06-17 14:12:45,891 [INFO] Deadtime for channel 2: 0 ps
2026-06-17 14:12:45,892 [INFO] Deadtime for channel 3: 0 ps
2026-06-17 14:12:45,893 [INFO] Deadtime for channel 4: 0 ps
2026-06-17 14:12:45,893 [INFO] Deadtime for channel 5: 0 ps
2026-06-17 14:12:45,894 [INFO] Deadtime for channel 6: 0 ps
2026-06-17 14:12:45,894 [INFO] Delays on channels enabled.
2026-06-17 14:12:45,895 [INFO] Delay for channel 1: requested=0 ps, actual=0 ps
2026-06-17 14:12:45,896 [INFO] Delay for channel 2: requested=-1000 ps, actual=-1000 ps
2026-06-17 14:12:45,896 [INFO] Delay for channel 3: requested=20000 ps, actual=20000 ps
2026-06-17 14:12:45,897 [INFO] Delay for channel 4: requested=16500 ps, actual=16500 ps
2026-06-17 14:12:45,897 [INFO] Delay for channel 5: requested=17800 ps, actual=17800 ps
2026-06-17 14:12:45,898 [INFO] Delay for channel 6: requested=17300 ps, actual=17300 ps
2026-06-17 14:12:45,899 [INFO] Executing synchronized correlation measurement.
2026-06-17 14:12:45,900 [INFO] Delays on channels enabled.
2026-06-17 14:12:45,900 [INFO] Delay for channel 1: requested=0 ps, actual=0 ps.
2026-06-17 14:12:45,901 [INFO] Delay for channel 2: requested=-1000 ps, actual=-1000 ps.
2026-06-17 14:12:45,901 [INFO] Delay for channel 3: requested=20000 ps, actual=20000 ps.
2026-06-17 14:12:45,902 [INFO] Delay for channel 4: requested=16500 ps, actual=16500 ps.
2026-06-17 14:12:45,903 [INFO] Delay for channel 5: requested=17800 ps, actual=17800 ps.
2026-06-17 14:12:45,903 [INFO] Delay for channel 6: requested=17300 ps, actual=17300 ps.
2026-06-17 14:12:45,904 [INFO] Initializing measurement with virtual mode channels for ALL heralding permutations.
2026-06-17 14:12:45,905 [INFO] Automatically generated modes from input: {'H3': [1, 2], 'H4': [3, 4], 'H5': [5, 6]}
2026-06-17 14:12:45,905 [INFO] Setting up virtual channels...
2026-06-17 14:12:45,906 [INFO] Initializing physical channel correlation histograms...
2026-06-17 14:12:45,907 [INFO]   Physical correlation: ch1 <-> ch2
2026-06-17 14:12:45,908 [INFO]   Physical correlation: ch1 <-> ch3
2026-06-17 14:12:45,908 [INFO]   Physical correlation: ch1 <-> ch4
2026-06-17 14:12:45,909 [INFO]   Physical correlation: ch1 <-> ch5
2026-06-17 14:12:45,910 [INFO]   Physical correlation: ch1 <-> ch6
2026-06-17 14:12:45,910 [INFO]   Physical correlation: ch2 <-> ch3
2026-06-17 14:12:45,911 [INFO]   Physical correlation: ch2 <-> ch4
2026-06-17 14:12:45,912 [INFO]   Physical correlation: ch2 <-> ch5
2026-06-17 14:12:45,912 [INFO]   Physical correlation: ch2 <-> ch6
2026-06-17 14:12:45,913 [INFO]   Physical correlation: ch3 <-> ch4
2026-06-17 14:12:45,914 [INFO]   Physical correlation: ch3 <-> ch5
2026-06-17 14:12:45,914 [INFO]   Physical correlation: ch3 <-> ch6
2026-06-17 14:12:45,915 [INFO]   Physical correlation: ch4 <-> ch5
2026-06-17 14:12:45,916 [INFO]   Physical correlation: ch4 <-> ch6
2026-06-17 14:12:45,916 [INFO]   Physical correlation: ch5 <-> ch6
2026-06-17 14:12:45,917 [INFO] Initializing virtual mode correlation histograms...
2026-06-17 14:12:45,918 [INFO]   Within-mode (H3): ch1 <-> ch2
2026-06-17 14:12:45,918 [INFO]   Cross-mode: H3 <-> H4
2026-06-17 14:12:45,919 [INFO]   Cross-mode: H3 <-> H5
2026-06-17 14:12:45,920 [INFO]   Within-mode (H4): ch3 <-> ch4
2026-06-17 14:12:45,920 [INFO]   Cross-mode: H4 <-> H5
2026-06-17 14:12:45,921 [INFO]   Within-mode (H5): ch5 <-> ch6
2026-06-17 14:12:45,923 [INFO] Measurement starting for 3.000min / 0.050h
