2026-06-18 12:50:20,226 [INFO] Script start.
2026-06-18 12:50:20,234 [INFO] ====================GENERAL SETTINGS====================
2026-06-18 12:50:20,235 [INFO] {'date': '2026-06-18', 'time': '12-50-20', 'experiment_type': 'g2_heralded_virtual', 'save_dir': 'C:\\Users\\QUANTUM\\OneDrive - ENSTA\\!Working files\\HBT\\HBT Data\\Tests_Jun\\18_RMS\\2026-06-18_12-50-20_g2_heralded_virtual', 'material': 'GaAs100_100um_P1_P3_700-40_425-25_RMS_297_14', 'laser': {'rep_rate_hz': 18660000.0, 'wavelength_nm': 2100}, 'timetagging': {'tt_mode': 'Standard', 'binwidth_ps': 100, 'num_bins': 50000, 'channels': [1, 2, 3, 4, 5, 6], 'mode_on_channel': ['H3T', 'H3R', 'H4T', 'H4R', 'H5T', 'H5R'], 'deadtime': [0, 0, 0, 0, 0, 0], 'delays': [0, -1000, 20000, 16500, 17800, 17300], 'coincidence_window': 25000, 'trigger': [], 'filter': []}, 'custom': {}}
2026-06-18 12:50:20,277 [INFO] Found 0 connected Time Tagger(s)
2026-06-18 12:50:21,911 [INFO] t:   1 s, Board temperature: 41.8 °C, FPGA temperature: 57.6 °C
2026-06-18 12:50:23,492 [INFO] t:   2 s, Board temperature: 41.8 °C, FPGA temperature: 57.6 °C
2026-06-18 12:50:25,054 [INFO] t:   3 s, Board temperature: 41.9 °C, FPGA temperature: 57.6 °C
2026-06-18 12:50:26,615 [INFO] t:   4 s, Board temperature: 41.9 °C, FPGA temperature: 57.8 °C
2026-06-18 12:50:28,177 [INFO] t:   5 s, Board temperature: 41.8 °C, FPGA temperature: 57.6 °C
2026-06-18 12:50:28,177 [INFO] The Time Tagger is warmed up.
2026-06-18 12:50:28,178 [INFO] Time Tagger initialized.
2026-06-18 12:50:28,180 [INFO] Stage Position: 14.0
2026-06-18 12:50:28,180 [INFO] Starting chunked acquisition (max 2 chunks / 2.0 min)
2026-06-18 12:50:28,181 [INFO] Chunk duration: 1 min
2026-06-18 12:50:28,182 [INFO] Threshold: 50000 counts, checking every 2 chunks
2026-06-18 12:50:28,222 [INFO] Found 0 connected Time Tagger(s)
2026-06-18 12:50:29,956 [INFO] t:   1 s, Board temperature: 41.8 °C, FPGA temperature: 57.6 °C
2026-06-18 12:50:31,519 [INFO] t:   2 s, Board temperature: 41.8 °C, FPGA temperature: 57.6 °C
2026-06-18 12:50:33,083 [INFO] t:   3 s, Board temperature: 41.8 °C, FPGA temperature: 57.6 °C
2026-06-18 12:50:34,646 [INFO] t:   4 s, Board temperature: 41.8 °C, FPGA temperature: 57.8 °C
2026-06-18 12:50:36,230 [INFO] t:   5 s, Board temperature: 41.7 °C, FPGA temperature: 57.8 °C
2026-06-18 12:50:36,231 [INFO] The Time Tagger is warmed up.
2026-06-18 12:50:36,231 [INFO] Time Tagger initialized.
2026-06-18 12:50:36,233 [INFO] Chunk 1/2 | Elapsed: 1.0 min
2026-06-18 12:50:36,233 [INFO] Initializing experiment on Time Tagger.
2026-06-18 12:50:36,234 [INFO] Deadtime for channel 1: 0 ps
2026-06-18 12:50:36,235 [INFO] Deadtime for channel 2: 0 ps
2026-06-18 12:50:36,236 [INFO] Deadtime for channel 3: 0 ps
2026-06-18 12:50:36,237 [INFO] Deadtime for channel 4: 0 ps
2026-06-18 12:50:36,238 [INFO] Deadtime for channel 5: 0 ps
2026-06-18 12:50:36,239 [INFO] Deadtime for channel 6: 0 ps
2026-06-18 12:50:36,240 [INFO] Delays on channels enabled.
2026-06-18 12:50:36,240 [INFO] Delay for channel 1: requested=0 ps, actual=0 ps
2026-06-18 12:50:36,241 [INFO] Delay for channel 2: requested=-1000 ps, actual=-1000 ps
2026-06-18 12:50:36,242 [INFO] Delay for channel 3: requested=20000 ps, actual=20000 ps
2026-06-18 12:50:36,242 [INFO] Delay for channel 4: requested=16500 ps, actual=16500 ps
2026-06-18 12:50:36,244 [INFO] Delay for channel 5: requested=17800 ps, actual=17800 ps
2026-06-18 12:50:36,244 [INFO] Delay for channel 6: requested=17300 ps, actual=17300 ps
2026-06-18 12:50:36,245 [INFO] Executing synchronized correlation measurement.
2026-06-18 12:50:36,246 [INFO] Delays on channels enabled.
2026-06-18 12:50:36,246 [INFO] Delay for channel 1: requested=0 ps, actual=0 ps.
2026-06-18 12:50:36,247 [INFO] Delay for channel 2: requested=-1000 ps, actual=-1000 ps.
2026-06-18 12:50:36,248 [INFO] Delay for channel 3: requested=20000 ps, actual=20000 ps.
2026-06-18 12:50:36,249 [INFO] Delay for channel 4: requested=16500 ps, actual=16500 ps.
2026-06-18 12:50:36,249 [INFO] Delay for channel 5: requested=17800 ps, actual=17800 ps.
2026-06-18 12:50:36,250 [INFO] Delay for channel 6: requested=17300 ps, actual=17300 ps.
2026-06-18 12:50:36,251 [INFO] Initializing measurement with virtual mode channels for ALL heralding permutations.
2026-06-18 12:50:36,252 [INFO] Automatically generated modes from input: {'H3': [1, 2], 'H4': [3, 4], 'H5': [5, 6]}
2026-06-18 12:50:36,252 [INFO] Setting up virtual channels...
2026-06-18 12:50:36,254 [INFO] Initializing physical channel correlation histograms...
2026-06-18 12:50:36,255 [INFO]   Physical correlation: ch1 <-> ch2
2026-06-18 12:50:36,256 [INFO]   Physical correlation: ch1 <-> ch3
2026-06-18 12:50:36,256 [INFO]   Physical correlation: ch1 <-> ch4
2026-06-18 12:50:36,257 [INFO]   Physical correlation: ch1 <-> ch5
2026-06-18 12:50:36,258 [INFO]   Physical correlation: ch1 <-> ch6
2026-06-18 12:50:36,259 [INFO]   Physical correlation: ch2 <-> ch3
2026-06-18 12:50:36,260 [INFO]   Physical correlation: ch2 <-> ch4
2026-06-18 12:50:36,261 [INFO]   Physical correlation: ch2 <-> ch5
2026-06-18 12:50:36,261 [INFO]   Physical correlation: ch2 <-> ch6
2026-06-18 12:50:36,263 [INFO]   Physical correlation: ch3 <-> ch4
2026-06-18 12:50:36,263 [INFO]   Physical correlation: ch3 <-> ch5
2026-06-18 12:50:36,264 [INFO]   Physical correlation: ch3 <-> ch6
2026-06-18 12:50:36,265 [INFO]   Physical correlation: ch4 <-> ch5
2026-06-18 12:50:36,266 [INFO]   Physical correlation: ch4 <-> ch6
2026-06-18 12:50:36,267 [INFO]   Physical correlation: ch5 <-> ch6
2026-06-18 12:50:36,267 [INFO] Initializing virtual mode correlation histograms...
2026-06-18 12:50:36,268 [INFO]   Within-mode (H3): ch1 <-> ch2
2026-06-18 12:50:36,269 [INFO]   Cross-mode: H3 <-> H4
2026-06-18 12:50:36,270 [INFO]   Cross-mode: H3 <-> H5
2026-06-18 12:50:36,271 [INFO]   Within-mode (H4): ch3 <-> ch4
2026-06-18 12:50:36,272 [INFO]   Cross-mode: H4 <-> H5
2026-06-18 12:50:36,273 [INFO]   Within-mode (H5): ch5 <-> ch6
2026-06-18 12:50:36,275 [INFO] Measurement starting for 1.000min / 0.017h
2026-06-18 12:51:36,464 [INFO] Measurements finished.
2026-06-18 12:51:36,465 [INFO] Collecting measurement data...
2026-06-18 12:51:36,466 [INFO] Collecting physical correlation data for (1,2)
2026-06-18 12:51:36,469 [INFO] Collecting physical correlation data for (1,3)
2026-06-18 12:51:36,471 [INFO] Collecting physical correlation data for (1,4)
2026-06-18 12:51:36,474 [INFO] Collecting physical correlation data for (1,5)
2026-06-18 12:51:36,477 [INFO] Collecting physical correlation data for (1,6)
2026-06-18 12:51:36,479 [INFO] Collecting physical correlation data for (2,3)
2026-06-18 12:51:36,481 [INFO] Collecting physical correlation data for (2,4)
2026-06-18 12:51:36,483 [INFO] Collecting physical correlation data for (2,5)
2026-06-18 12:51:36,485 [INFO] Collecting physical correlation data for (2,6)
2026-06-18 12:51:36,488 [INFO] Collecting physical correlation data for (3,4)
2026-06-18 12:51:36,490 [INFO] Collecting physical correlation data for (3,5)
2026-06-18 12:51:36,492 [INFO] Collecting physical correlation data for (3,6)
2026-06-18 12:51:36,494 [INFO] Collecting physical correlation data for (4,5)
2026-06-18 12:51:36,496 [INFO] Collecting physical correlation data for (4,6)
2026-06-18 12:51:36,498 [INFO] Collecting physical correlation data for (5,6)
2026-06-18 12:51:36,501 [INFO] Collecting virtual correlation data for (H3,H3)
2026-06-18 12:51:36,503 [INFO] Collecting virtual correlation data for (H3,H4)
2026-06-18 12:51:36,506 [INFO] Collecting virtual correlation data for (H3,H5)
2026-06-18 12:51:36,508 [INFO] Collecting virtual correlation data for (H4,H4)
2026-06-18 12:51:36,511 [INFO] Collecting virtual correlation data for (H4,H5)
2026-06-18 12:51:36,513 [INFO] Collecting virtual correlation data for (H5,H5)
2026-06-18 12:51:36,535 [INFO] Starting writing data to file.
2026-06-18 12:51:36,631 [INFO] Saved data.
2026-06-18 12:51:36,834 [INFO] Found 0 connected Time Tagger(s)
2026-06-18 12:51:38,459 [INFO] t:   1 s, Board temperature: 41.6 °C, FPGA temperature: 57.6 °C
2026-06-18 12:51:40,020 [INFO] t:   2 s, Board temperature: 41.8 °C, FPGA temperature: 57.8 °C
2026-06-18 12:51:41,577 [INFO] t:   3 s, Board temperature: 41.7 °C, FPGA temperature: 57.7 °C
2026-06-18 12:51:43,137 [INFO] t:   4 s, Board temperature: 41.7 °C, FPGA temperature: 57.7 °C
2026-06-18 12:51:44,709 [INFO] t:   5 s, Board temperature: 41.7 °C, FPGA temperature: 57.8 °C
2026-06-18 12:51:44,710 [INFO] The Time Tagger is warmed up.
2026-06-18 12:51:44,711 [INFO] Time Tagger initialized.
2026-06-18 12:51:44,712 [INFO] Chunk 2/2 | Elapsed: 2.0 min
2026-06-18 12:51:44,713 [INFO] Initializing experiment on Time Tagger.
2026-06-18 12:51:44,714 [INFO] Deadtime for channel 1: 0 ps
2026-06-18 12:51:44,714 [INFO] Deadtime for channel 2: 0 ps
2026-06-18 12:51:44,715 [INFO] Deadtime for channel 3: 0 ps
2026-06-18 12:51:44,717 [INFO] Deadtime for channel 4: 0 ps
2026-06-18 12:51:44,717 [INFO] Deadtime for channel 5: 0 ps
2026-06-18 12:51:44,718 [INFO] Deadtime for channel 6: 0 ps
2026-06-18 12:51:44,719 [INFO] Delays on channels enabled.
2026-06-18 12:51:44,719 [INFO] Delay for channel 1: requested=0 ps, actual=0 ps
2026-06-18 12:51:44,720 [INFO] Delay for channel 2: requested=-1000 ps, actual=-1000 ps
2026-06-18 12:51:44,721 [INFO] Delay for channel 3: requested=20000 ps, actual=20000 ps
2026-06-18 12:51:44,722 [INFO] Delay for channel 4: requested=16500 ps, actual=16500 ps
2026-06-18 12:51:44,723 [INFO] Delay for channel 5: requested=17800 ps, actual=17800 ps
2026-06-18 12:51:44,723 [INFO] Delay for channel 6: requested=17300 ps, actual=17300 ps
2026-06-18 12:51:44,724 [INFO] Executing synchronized correlation measurement.
2026-06-18 12:51:44,724 [INFO] Delays on channels enabled.
2026-06-18 12:51:44,725 [INFO] Delay for channel 1: requested=0 ps, actual=0 ps.
2026-06-18 12:51:44,725 [INFO] Delay for channel 2: requested=-1000 ps, actual=-1000 ps.
2026-06-18 12:51:44,726 [INFO] Delay for channel 3: requested=20000 ps, actual=20000 ps.
2026-06-18 12:51:44,727 [INFO] Delay for channel 4: requested=16500 ps, actual=16500 ps.
2026-06-18 12:51:44,727 [INFO] Delay for channel 5: requested=17800 ps, actual=17800 ps.
2026-06-18 12:51:44,728 [INFO] Delay for channel 6: requested=17300 ps, actual=17300 ps.
2026-06-18 12:51:44,729 [INFO] Initializing measurement with virtual mode channels for ALL heralding permutations.
2026-06-18 12:51:44,729 [INFO] Automatically generated modes from input: {'H3': [1, 2], 'H4': [3, 4], 'H5': [5, 6]}
2026-06-18 12:51:44,730 [INFO] Setting up virtual channels...
2026-06-18 12:51:44,731 [INFO] Initializing physical channel correlation histograms...
2026-06-18 12:51:44,732 [INFO]   Physical correlation: ch1 <-> ch2
2026-06-18 12:51:44,732 [INFO]   Physical correlation: ch1 <-> ch3
2026-06-18 12:51:44,733 [INFO]   Physical correlation: ch1 <-> ch4
2026-06-18 12:51:44,734 [INFO]   Physical correlation: ch1 <-> ch5
2026-06-18 12:51:44,734 [INFO]   Physical correlation: ch1 <-> ch6
2026-06-18 12:51:44,735 [INFO]   Physical correlation: ch2 <-> ch3
2026-06-18 12:51:44,736 [INFO]   Physical correlation: ch2 <-> ch4
2026-06-18 12:51:44,736 [INFO]   Physical correlation: ch2 <-> ch5
2026-06-18 12:51:44,737 [INFO]   Physical correlation: ch2 <-> ch6
2026-06-18 12:51:44,738 [INFO]   Physical correlation: ch3 <-> ch4
2026-06-18 12:51:44,738 [INFO]   Physical correlation: ch3 <-> ch5
2026-06-18 12:51:44,739 [INFO]   Physical correlation: ch3 <-> ch6
2026-06-18 12:51:44,740 [INFO]   Physical correlation: ch4 <-> ch5
2026-06-18 12:51:44,740 [INFO]   Physical correlation: ch4 <-> ch6
2026-06-18 12:51:44,741 [INFO]   Physical correlation: ch5 <-> ch6
2026-06-18 12:51:44,742 [INFO] Initializing virtual mode correlation histograms...
2026-06-18 12:51:44,742 [INFO]   Within-mode (H3): ch1 <-> ch2
2026-06-18 12:51:44,743 [INFO]   Cross-mode: H3 <-> H4
2026-06-18 12:51:44,744 [INFO]   Cross-mode: H3 <-> H5
2026-06-18 12:51:44,745 [INFO]   Within-mode (H4): ch3 <-> ch4
2026-06-18 12:51:44,745 [INFO]   Cross-mode: H4 <-> H5
2026-06-18 12:51:44,746 [INFO]   Within-mode (H5): ch5 <-> ch6
2026-06-18 12:51:44,747 [INFO] Measurement starting for 1.000min / 0.017h
