2026-06-18 13:02:19,669 [INFO] Script start.
2026-06-18 13:02:19,676 [INFO] ====================GENERAL SETTINGS====================
2026-06-18 13:02:19,677 [INFO] {'date': '2026-06-18', 'time': '13-02-19', 'experiment_type': 'g2_heralded_virtual', 'save_dir': 'C:\\Users\\QUANTUM\\OneDrive - ENSTA\\!Working files\\HBT\\HBT Data\\Tests_Jun\\18_RMS\\2026-06-18_13-02-19_g2_heralded_virtual', 'material': 'GaAs100_100um_P1_P3_700-40_425-25_RMS_327_350', 'laser': {'rep_rate_hz': 18660000.0, 'wavelength_nm': 2100}, 'timetagging': {'tt_mode': 'Standard', 'binwidth_ps': 100, 'num_bins': 50000, 'channels': [1, 2, 3, 4, 5, 6], 'mode_on_channel': ['H3T', 'H3R', 'H4T', 'H4R', 'H5T', 'H5R'], 'deadtime': [0, 0, 0, 0, 0, 0], 'delays': [0, -1000, 20000, 16500, 17800, 17300], 'coincidence_window': 25000, 'trigger': [], 'filter': []}, 'custom': {}}
2026-06-18 13:02:19,726 [INFO] Found 0 connected Time Tagger(s)
2026-06-18 13:02:21,337 [INFO] t:   1 s, Board temperature: 41.6 °C, FPGA temperature: 57.7 °C
2026-06-18 13:02:22,913 [INFO] t:   2 s, Board temperature: 41.7 °C, FPGA temperature: 57.6 °C
2026-06-18 13:02:24,483 [INFO] t:   3 s, Board temperature: 41.7 °C, FPGA temperature: 57.6 °C
2026-06-18 13:02:26,005 [INFO] t:   4 s, Board temperature: 41.8 °C, FPGA temperature: 57.8 °C
2026-06-18 13:02:27,566 [INFO] t:   5 s, Board temperature: 41.6 °C, FPGA temperature: 57.6 °C
2026-06-18 13:02:27,567 [INFO] The Time Tagger is warmed up.
2026-06-18 13:02:27,568 [INFO] Time Tagger initialized.
2026-06-18 13:02:27,569 [INFO] Stage Position: 350.0
2026-06-18 13:02:27,570 [INFO] Starting chunked acquisition (max 2 chunks / 2.0 min)
2026-06-18 13:02:27,571 [INFO] Chunk duration: 1 min
2026-06-18 13:02:27,571 [INFO] Threshold: 50000 counts, checking every 2 chunks
2026-06-18 13:02:27,623 [INFO] Found 0 connected Time Tagger(s)
2026-06-18 13:02:29,331 [INFO] t:   1 s, Board temperature: 41.7 °C, FPGA temperature: 57.6 °C
2026-06-18 13:02:30,889 [INFO] t:   2 s, Board temperature: 41.7 °C, FPGA temperature: 57.6 °C
2026-06-18 13:02:32,448 [INFO] t:   3 s, Board temperature: 41.7 °C, FPGA temperature: 57.6 °C
2026-06-18 13:02:34,022 [INFO] t:   4 s, Board temperature: 41.7 °C, FPGA temperature: 57.6 °C
2026-06-18 13:02:35,605 [INFO] t:   5 s, Board temperature: 41.6 °C, FPGA temperature: 57.7 °C
2026-06-18 13:02:35,605 [INFO] The Time Tagger is warmed up.
2026-06-18 13:02:35,607 [INFO] Time Tagger initialized.
2026-06-18 13:02:35,608 [INFO] Chunk 1/2 | Elapsed: 1.0 min
2026-06-18 13:02:35,609 [INFO] Initializing experiment on Time Tagger.
2026-06-18 13:02:35,610 [INFO] Deadtime for channel 1: 0 ps
2026-06-18 13:02:35,612 [INFO] Deadtime for channel 2: 0 ps
2026-06-18 13:02:35,612 [INFO] Deadtime for channel 3: 0 ps
2026-06-18 13:02:35,613 [INFO] Deadtime for channel 4: 0 ps
2026-06-18 13:02:35,614 [INFO] Deadtime for channel 5: 0 ps
2026-06-18 13:02:35,615 [INFO] Deadtime for channel 6: 0 ps
2026-06-18 13:02:35,616 [INFO] Delays on channels enabled.
2026-06-18 13:02:35,617 [INFO] Delay for channel 1: requested=0 ps, actual=0 ps
2026-06-18 13:02:35,619 [INFO] Delay for channel 2: requested=-1000 ps, actual=-1000 ps
2026-06-18 13:02:35,620 [INFO] Delay for channel 3: requested=20000 ps, actual=20000 ps
2026-06-18 13:02:35,621 [INFO] Delay for channel 4: requested=16500 ps, actual=16500 ps
2026-06-18 13:02:35,622 [INFO] Delay for channel 5: requested=17800 ps, actual=17800 ps
2026-06-18 13:02:35,623 [INFO] Delay for channel 6: requested=17300 ps, actual=17300 ps
2026-06-18 13:02:35,623 [INFO] Executing synchronized correlation measurement.
2026-06-18 13:02:35,624 [INFO] Delays on channels enabled.
2026-06-18 13:02:35,625 [INFO] Delay for channel 1: requested=0 ps, actual=0 ps.
2026-06-18 13:02:35,626 [INFO] Delay for channel 2: requested=-1000 ps, actual=-1000 ps.
2026-06-18 13:02:35,627 [INFO] Delay for channel 3: requested=20000 ps, actual=20000 ps.
2026-06-18 13:02:35,628 [INFO] Delay for channel 4: requested=16500 ps, actual=16500 ps.
2026-06-18 13:02:35,629 [INFO] Delay for channel 5: requested=17800 ps, actual=17800 ps.
2026-06-18 13:02:35,630 [INFO] Delay for channel 6: requested=17300 ps, actual=17300 ps.
2026-06-18 13:02:35,631 [INFO] Initializing measurement with virtual mode channels for ALL heralding permutations.
2026-06-18 13:02:35,632 [INFO] Automatically generated modes from input: {'H3': [1, 2], 'H4': [3, 4], 'H5': [5, 6]}
2026-06-18 13:02:35,633 [INFO] Setting up virtual channels...
2026-06-18 13:02:35,634 [INFO] Initializing physical channel correlation histograms...
2026-06-18 13:02:35,635 [INFO]   Physical correlation: ch1 <-> ch2
2026-06-18 13:02:35,636 [INFO]   Physical correlation: ch1 <-> ch3
2026-06-18 13:02:35,637 [INFO]   Physical correlation: ch1 <-> ch4
2026-06-18 13:02:35,638 [INFO]   Physical correlation: ch1 <-> ch5
2026-06-18 13:02:35,639 [INFO]   Physical correlation: ch1 <-> ch6
2026-06-18 13:02:35,641 [INFO]   Physical correlation: ch2 <-> ch3
2026-06-18 13:02:35,642 [INFO]   Physical correlation: ch2 <-> ch4
2026-06-18 13:02:35,642 [INFO]   Physical correlation: ch2 <-> ch5
2026-06-18 13:02:35,643 [INFO]   Physical correlation: ch2 <-> ch6
2026-06-18 13:02:35,645 [INFO]   Physical correlation: ch3 <-> ch4
2026-06-18 13:02:35,646 [INFO]   Physical correlation: ch3 <-> ch5
2026-06-18 13:02:35,647 [INFO]   Physical correlation: ch3 <-> ch6
2026-06-18 13:02:35,648 [INFO]   Physical correlation: ch4 <-> ch5
2026-06-18 13:02:35,649 [INFO]   Physical correlation: ch4 <-> ch6
2026-06-18 13:02:35,650 [INFO]   Physical correlation: ch5 <-> ch6
2026-06-18 13:02:35,652 [INFO] Initializing virtual mode correlation histograms...
2026-06-18 13:02:35,652 [INFO]   Within-mode (H3): ch1 <-> ch2
2026-06-18 13:02:35,654 [INFO]   Cross-mode: H3 <-> H4
2026-06-18 13:02:35,655 [INFO]   Cross-mode: H3 <-> H5
2026-06-18 13:02:35,656 [INFO]   Within-mode (H4): ch3 <-> ch4
2026-06-18 13:02:35,657 [INFO]   Cross-mode: H4 <-> H5
2026-06-18 13:02:35,658 [INFO]   Within-mode (H5): ch5 <-> ch6
2026-06-18 13:02:35,661 [INFO] Measurement starting for 1.000min / 0.017h
