2026-06-18 13:20:18,354 [INFO] Script start.
2026-06-18 13:20:18,363 [INFO] ====================GENERAL SETTINGS====================
2026-06-18 13:20:18,364 [INFO] {'date': '2026-06-18', 'time': '13-20-18', 'experiment_type': 'g2_heralded_virtual', 'save_dir': 'C:\\Users\\QUANTUM\\OneDrive - ENSTA\\!Working files\\HBT\\HBT Data\\Tests_Jun\\18_RMS\\2026-06-18_13-20-18_g2_heralded_virtual', 'material': 'GaAs100_100um_P1_P3_700-40_425-25_RMS_322_354', 'laser': {'rep_rate_hz': 18660000.0, 'wavelength_nm': 2100}, 'timetagging': {'tt_mode': 'Standard', 'binwidth_ps': 100, 'num_bins': 50000, 'channels': [1, 2, 3, 4, 5, 6], 'mode_on_channel': ['H3T', 'H3R', 'H4T', 'H4R', 'H5T', 'H5R'], 'deadtime': [0, 0, 0, 0, 0, 0], 'delays': [0, -1000, 20000, 16500, 17800, 17300], 'coincidence_window': 25000, 'trigger': [], 'filter': []}, 'custom': {}}
2026-06-18 13:20:18,411 [INFO] Found 0 connected Time Tagger(s)
2026-06-18 13:20:20,030 [INFO] t:   1 s, Board temperature: 41.4 °C, FPGA temperature: 57.6 °C
2026-06-18 13:20:21,610 [INFO] t:   2 s, Board temperature: 41.4 °C, FPGA temperature: 57.7 °C
2026-06-18 13:20:23,188 [INFO] t:   3 s, Board temperature: 41.3 °C, FPGA temperature: 57.6 °C
2026-06-18 13:20:24,763 [INFO] t:   4 s, Board temperature: 41.4 °C, FPGA temperature: 57.6 °C
2026-06-18 13:20:26,335 [INFO] t:   5 s, Board temperature: 41.4 °C, FPGA temperature: 57.6 °C
2026-06-18 13:20:26,336 [INFO] The Time Tagger is warmed up.
2026-06-18 13:20:26,337 [INFO] Time Tagger initialized.
2026-06-18 13:20:26,338 [INFO] Stage Position: 354.0
2026-06-18 13:20:26,339 [INFO] Starting chunked acquisition (max 2 chunks / 2.0 min)
2026-06-18 13:20:26,340 [INFO] Chunk duration: 1 min
2026-06-18 13:20:26,341 [INFO] Threshold: 50000 counts, checking every 2 chunks
2026-06-18 13:20:26,381 [INFO] Found 0 connected Time Tagger(s)
2026-06-18 13:20:28,063 [INFO] t:   1 s, Board temperature: 41.4 °C, FPGA temperature: 57.5 °C
2026-06-18 13:20:29,640 [INFO] t:   2 s, Board temperature: 41.4 °C, FPGA temperature: 57.5 °C
2026-06-18 13:20:31,212 [INFO] t:   3 s, Board temperature: 41.5 °C, FPGA temperature: 57.5 °C
2026-06-18 13:20:32,778 [INFO] t:   4 s, Board temperature: 41.5 °C, FPGA temperature: 57.6 °C
2026-06-18 13:20:34,368 [INFO] t:   5 s, Board temperature: 41.4 °C, FPGA temperature: 57.6 °C
2026-06-18 13:20:34,368 [INFO] The Time Tagger is warmed up.
2026-06-18 13:20:34,369 [INFO] Time Tagger initialized.
2026-06-18 13:20:34,370 [INFO] Chunk 1/2 | Elapsed: 1.0 min
2026-06-18 13:20:34,371 [INFO] Initializing experiment on Time Tagger.
2026-06-18 13:20:34,372 [INFO] Deadtime for channel 1: 0 ps
2026-06-18 13:20:34,372 [INFO] Deadtime for channel 2: 0 ps
2026-06-18 13:20:34,373 [INFO] Deadtime for channel 3: 0 ps
2026-06-18 13:20:34,374 [INFO] Deadtime for channel 4: 0 ps
2026-06-18 13:20:34,376 [INFO] Deadtime for channel 5: 0 ps
2026-06-18 13:20:34,377 [INFO] Deadtime for channel 6: 0 ps
2026-06-18 13:20:34,377 [INFO] Delays on channels enabled.
2026-06-18 13:20:34,378 [INFO] Delay for channel 1: requested=0 ps, actual=0 ps
2026-06-18 13:20:34,379 [INFO] Delay for channel 2: requested=-1000 ps, actual=-1000 ps
2026-06-18 13:20:34,380 [INFO] Delay for channel 3: requested=20000 ps, actual=20000 ps
2026-06-18 13:20:34,381 [INFO] Delay for channel 4: requested=16500 ps, actual=16500 ps
2026-06-18 13:20:34,382 [INFO] Delay for channel 5: requested=17800 ps, actual=17800 ps
2026-06-18 13:20:34,383 [INFO] Delay for channel 6: requested=17300 ps, actual=17300 ps
2026-06-18 13:20:34,384 [INFO] Executing synchronized correlation measurement.
2026-06-18 13:20:34,385 [INFO] Delays on channels enabled.
2026-06-18 13:20:34,386 [INFO] Delay for channel 1: requested=0 ps, actual=0 ps.
2026-06-18 13:20:34,387 [INFO] Delay for channel 2: requested=-1000 ps, actual=-1000 ps.
2026-06-18 13:20:34,388 [INFO] Delay for channel 3: requested=20000 ps, actual=20000 ps.
2026-06-18 13:20:34,389 [INFO] Delay for channel 4: requested=16500 ps, actual=16500 ps.
2026-06-18 13:20:34,390 [INFO] Delay for channel 5: requested=17800 ps, actual=17800 ps.
2026-06-18 13:20:34,391 [INFO] Delay for channel 6: requested=17300 ps, actual=17300 ps.
2026-06-18 13:20:34,392 [INFO] Initializing measurement with virtual mode channels for ALL heralding permutations.
2026-06-18 13:20:34,393 [INFO] Automatically generated modes from input: {'H3': [1, 2], 'H4': [3, 4], 'H5': [5, 6]}
2026-06-18 13:20:34,394 [INFO] Setting up virtual channels...
2026-06-18 13:20:34,395 [INFO] Initializing physical channel correlation histograms...
2026-06-18 13:20:34,396 [INFO]   Physical correlation: ch1 <-> ch2
2026-06-18 13:20:34,397 [INFO]   Physical correlation: ch1 <-> ch3
2026-06-18 13:20:34,398 [INFO]   Physical correlation: ch1 <-> ch4
2026-06-18 13:20:34,399 [INFO]   Physical correlation: ch1 <-> ch5
2026-06-18 13:20:34,400 [INFO]   Physical correlation: ch1 <-> ch6
2026-06-18 13:20:34,401 [INFO]   Physical correlation: ch2 <-> ch3
2026-06-18 13:20:34,402 [INFO]   Physical correlation: ch2 <-> ch4
2026-06-18 13:20:34,403 [INFO]   Physical correlation: ch2 <-> ch5
2026-06-18 13:20:34,403 [INFO]   Physical correlation: ch2 <-> ch6
2026-06-18 13:20:34,404 [INFO]   Physical correlation: ch3 <-> ch4
2026-06-18 13:20:34,405 [INFO]   Physical correlation: ch3 <-> ch5
2026-06-18 13:20:34,406 [INFO]   Physical correlation: ch3 <-> ch6
2026-06-18 13:20:34,406 [INFO]   Physical correlation: ch4 <-> ch5
2026-06-18 13:20:34,407 [INFO]   Physical correlation: ch4 <-> ch6
2026-06-18 13:20:34,408 [INFO]   Physical correlation: ch5 <-> ch6
2026-06-18 13:20:34,409 [INFO] Initializing virtual mode correlation histograms...
2026-06-18 13:20:34,410 [INFO]   Within-mode (H3): ch1 <-> ch2
2026-06-18 13:20:34,411 [INFO]   Cross-mode: H3 <-> H4
2026-06-18 13:20:34,411 [INFO]   Cross-mode: H3 <-> H5
2026-06-18 13:20:34,412 [INFO]   Within-mode (H4): ch3 <-> ch4
2026-06-18 13:20:34,413 [INFO]   Cross-mode: H4 <-> H5
2026-06-18 13:20:34,414 [INFO]   Within-mode (H5): ch5 <-> ch6
2026-06-18 13:20:34,416 [INFO] Measurement starting for 1.000min / 0.017h
2026-06-18 13:21:34,561 [INFO] Measurements finished.
2026-06-18 13:21:34,562 [INFO] Collecting measurement data...
2026-06-18 13:21:34,564 [INFO] Collecting physical correlation data for (1,2)
2026-06-18 13:21:34,566 [INFO] Collecting physical correlation data for (1,3)
2026-06-18 13:21:34,569 [INFO] Collecting physical correlation data for (1,4)
2026-06-18 13:21:34,571 [INFO] Collecting physical correlation data for (1,5)
2026-06-18 13:21:34,573 [INFO] Collecting physical correlation data for (1,6)
2026-06-18 13:21:34,576 [INFO] Collecting physical correlation data for (2,3)
2026-06-18 13:21:34,578 [INFO] Collecting physical correlation data for (2,4)
2026-06-18 13:21:34,580 [INFO] Collecting physical correlation data for (2,5)
2026-06-18 13:21:34,582 [INFO] Collecting physical correlation data for (2,6)
2026-06-18 13:21:34,585 [INFO] Collecting physical correlation data for (3,4)
2026-06-18 13:21:34,587 [INFO] Collecting physical correlation data for (3,5)
2026-06-18 13:21:34,590 [INFO] Collecting physical correlation data for (3,6)
2026-06-18 13:21:34,592 [INFO] Collecting physical correlation data for (4,5)
2026-06-18 13:21:34,594 [INFO] Collecting physical correlation data for (4,6)
2026-06-18 13:21:34,597 [INFO] Collecting physical correlation data for (5,6)
2026-06-18 13:21:34,599 [INFO] Collecting virtual correlation data for (H3,H3)
2026-06-18 13:21:34,601 [INFO] Collecting virtual correlation data for (H3,H4)
2026-06-18 13:21:34,604 [INFO] Collecting virtual correlation data for (H3,H5)
2026-06-18 13:21:34,606 [INFO] Collecting virtual correlation data for (H4,H4)
2026-06-18 13:21:34,608 [INFO] Collecting virtual correlation data for (H4,H5)
2026-06-18 13:21:34,610 [INFO] Collecting virtual correlation data for (H5,H5)
2026-06-18 13:21:34,632 [INFO] Starting writing data to file.
2026-06-18 13:21:34,731 [INFO] Saved data.
2026-06-18 13:21:34,890 [INFO] Found 0 connected Time Tagger(s)
2026-06-18 13:21:36,519 [INFO] t:   1 s, Board temperature: 41.2 °C, FPGA temperature: 57.6 °C
2026-06-18 13:21:38,088 [INFO] t:   2 s, Board temperature: 41.3 °C, FPGA temperature: 57.6 °C
2026-06-18 13:21:39,654 [INFO] t:   3 s, Board temperature: 41.3 °C, FPGA temperature: 57.6 °C
2026-06-18 13:21:41,221 [INFO] t:   4 s, Board temperature: 41.4 °C, FPGA temperature: 57.6 °C
2026-06-18 13:21:42,787 [INFO] t:   5 s, Board temperature: 41.4 °C, FPGA temperature: 57.6 °C
2026-06-18 13:21:42,787 [INFO] The Time Tagger is warmed up.
2026-06-18 13:21:42,788 [INFO] Time Tagger initialized.
2026-06-18 13:21:42,790 [INFO] Chunk 2/2 | Elapsed: 2.0 min
2026-06-18 13:21:42,791 [INFO] Initializing experiment on Time Tagger.
2026-06-18 13:21:42,791 [INFO] Deadtime for channel 1: 0 ps
2026-06-18 13:21:42,792 [INFO] Deadtime for channel 2: 0 ps
2026-06-18 13:21:42,793 [INFO] Deadtime for channel 3: 0 ps
2026-06-18 13:21:42,794 [INFO] Deadtime for channel 4: 0 ps
2026-06-18 13:21:42,794 [INFO] Deadtime for channel 5: 0 ps
2026-06-18 13:21:42,795 [INFO] Deadtime for channel 6: 0 ps
2026-06-18 13:21:42,796 [INFO] Delays on channels enabled.
2026-06-18 13:21:42,796 [INFO] Delay for channel 1: requested=0 ps, actual=0 ps
2026-06-18 13:21:42,797 [INFO] Delay for channel 2: requested=-1000 ps, actual=-1000 ps
2026-06-18 13:21:42,798 [INFO] Delay for channel 3: requested=20000 ps, actual=20000 ps
2026-06-18 13:21:42,798 [INFO] Delay for channel 4: requested=16500 ps, actual=16500 ps
2026-06-18 13:21:42,799 [INFO] Delay for channel 5: requested=17800 ps, actual=17800 ps
2026-06-18 13:21:42,799 [INFO] Delay for channel 6: requested=17300 ps, actual=17300 ps
2026-06-18 13:21:42,800 [INFO] Executing synchronized correlation measurement.
2026-06-18 13:21:42,801 [INFO] Delays on channels enabled.
2026-06-18 13:21:42,801 [INFO] Delay for channel 1: requested=0 ps, actual=0 ps.
2026-06-18 13:21:42,802 [INFO] Delay for channel 2: requested=-1000 ps, actual=-1000 ps.
2026-06-18 13:21:42,803 [INFO] Delay for channel 3: requested=20000 ps, actual=20000 ps.
2026-06-18 13:21:42,803 [INFO] Delay for channel 4: requested=16500 ps, actual=16500 ps.
2026-06-18 13:21:42,804 [INFO] Delay for channel 5: requested=17800 ps, actual=17800 ps.
2026-06-18 13:21:42,804 [INFO] Delay for channel 6: requested=17300 ps, actual=17300 ps.
2026-06-18 13:21:42,805 [INFO] Initializing measurement with virtual mode channels for ALL heralding permutations.
2026-06-18 13:21:42,806 [INFO] Automatically generated modes from input: {'H3': [1, 2], 'H4': [3, 4], 'H5': [5, 6]}
2026-06-18 13:21:42,806 [INFO] Setting up virtual channels...
2026-06-18 13:21:42,807 [INFO] Initializing physical channel correlation histograms...
2026-06-18 13:21:42,808 [INFO]   Physical correlation: ch1 <-> ch2
2026-06-18 13:21:42,809 [INFO]   Physical correlation: ch1 <-> ch3
2026-06-18 13:21:42,809 [INFO]   Physical correlation: ch1 <-> ch4
2026-06-18 13:21:42,810 [INFO]   Physical correlation: ch1 <-> ch5
2026-06-18 13:21:42,811 [INFO]   Physical correlation: ch1 <-> ch6
2026-06-18 13:21:42,811 [INFO]   Physical correlation: ch2 <-> ch3
2026-06-18 13:21:42,812 [INFO]   Physical correlation: ch2 <-> ch4
2026-06-18 13:21:42,813 [INFO]   Physical correlation: ch2 <-> ch5
2026-06-18 13:21:42,813 [INFO]   Physical correlation: ch2 <-> ch6
2026-06-18 13:21:42,814 [INFO]   Physical correlation: ch3 <-> ch4
2026-06-18 13:21:42,815 [INFO]   Physical correlation: ch3 <-> ch5
2026-06-18 13:21:42,815 [INFO]   Physical correlation: ch3 <-> ch6
2026-06-18 13:21:42,816 [INFO]   Physical correlation: ch4 <-> ch5
2026-06-18 13:21:42,817 [INFO]   Physical correlation: ch4 <-> ch6
2026-06-18 13:21:42,817 [INFO]   Physical correlation: ch5 <-> ch6
2026-06-18 13:21:42,818 [INFO] Initializing virtual mode correlation histograms...
2026-06-18 13:21:42,819 [INFO]   Within-mode (H3): ch1 <-> ch2
2026-06-18 13:21:42,819 [INFO]   Cross-mode: H3 <-> H4
2026-06-18 13:21:42,820 [INFO]   Cross-mode: H3 <-> H5
2026-06-18 13:21:42,821 [INFO]   Within-mode (H4): ch3 <-> ch4
2026-06-18 13:21:42,821 [INFO]   Cross-mode: H4 <-> H5
2026-06-18 13:21:42,822 [INFO]   Within-mode (H5): ch5 <-> ch6
2026-06-18 13:21:42,824 [INFO] Measurement starting for 1.000min / 0.017h
