2026-06-16 14:53:49,759 [INFO] Script start.
2026-06-16 14:53:49,770 [INFO] ====================GENERAL SETTINGS====================
2026-06-16 14:53:49,771 [INFO] {'date': '2026-06-16', 'time': '14-53-49', 'experiment_type': 'g2_heralded_virtual', 'save_dir': 'C:\\Users\\QUANTUM\\OneDrive - ENSTA\\!Working files\\HBT\\HBT Data\\Tests_Jun\\2026-06-16_14-53-49_g2_heralded_virtual', 'material': 'CdTe110', 'laser': {'rep_rate_hz': 18880000.0, 'wavelength_nm': 2100}, 'timetagging': {'tt_mode': 'Standard', 'binwidth_ps': 100, 'num_bins': 50000, 'channels': [1, 2, 3, 4, 5, 6], 'mode_on_channel': ['H3T', 'H3R', 'H4T', 'H4R', 'H5T', 'H5R'], 'deadtime': [0, 0, 0, 0, 0, 0], 'delays': [0, -1000, 20000, 16500, 17800, 17300], 'coincidence_window': 25000, 'trigger': [], 'filter': []}, 'custom': {}}
2026-06-16 14:53:49,819 [INFO] Found 0 connected Time Tagger(s)
2026-06-16 14:53:51,461 [INFO] t:   1 s, Board temperature: 41.2 °C, FPGA temperature: 57.3 °C
2026-06-16 14:53:53,021 [INFO] t:   2 s, Board temperature: 41.2 °C, FPGA temperature: 57.4 °C
2026-06-16 14:53:54,602 [INFO] t:   3 s, Board temperature: 41.2 °C, FPGA temperature: 57.5 °C
2026-06-16 14:53:56,154 [INFO] t:   4 s, Board temperature: 41.2 °C, FPGA temperature: 57.6 °C
2026-06-16 14:53:57,711 [INFO] t:   5 s, Board temperature: 41.2 °C, FPGA temperature: 57.5 °C
2026-06-16 14:53:57,712 [INFO] The Time Tagger is warmed up.
2026-06-16 14:53:57,713 [INFO] Time Tagger initialized.
2026-06-16 14:53:57,929 [INFO] Stage Position: 0.0
2026-06-16 14:53:57,929 [INFO] Starting chunked acquisition (max 3 chunks / 9.0 min)
2026-06-16 14:53:57,930 [INFO] Chunk duration: 3 min
2026-06-16 14:53:57,931 [INFO] Threshold: 50000 counts, checking every 1 chunks
2026-06-16 14:53:57,972 [INFO] Found 0 connected Time Tagger(s)
2026-06-16 14:53:59,639 [INFO] t:   1 s, Board temperature: 41.2 °C, FPGA temperature: 57.4 °C
2026-06-16 14:54:01,208 [INFO] t:   2 s, Board temperature: 41.2 °C, FPGA temperature: 57.4 °C
2026-06-16 14:54:02,763 [INFO] t:   3 s, Board temperature: 41.4 °C, FPGA temperature: 57.5 °C
2026-06-16 14:54:04,326 [INFO] t:   4 s, Board temperature: 41.2 °C, FPGA temperature: 57.4 °C
2026-06-16 14:54:05,881 [INFO] t:   5 s, Board temperature: 41.2 °C, FPGA temperature: 57.4 °C
2026-06-16 14:54:05,881 [INFO] The Time Tagger is warmed up.
2026-06-16 14:54:05,882 [INFO] Time Tagger initialized.
2026-06-16 14:54:05,883 [INFO] Chunk 1/3 | Elapsed: 3.0 min
2026-06-16 14:54:05,883 [INFO] Initializing experiment on Time Tagger.
2026-06-16 14:54:05,890 [INFO] Deadtime for channel 1: 0 ps
2026-06-16 14:54:05,891 [INFO] Deadtime for channel 2: 0 ps
2026-06-16 14:54:05,892 [INFO] Deadtime for channel 3: 0 ps
2026-06-16 14:54:05,893 [INFO] Deadtime for channel 4: 0 ps
2026-06-16 14:54:05,893 [INFO] Deadtime for channel 5: 0 ps
2026-06-16 14:54:05,894 [INFO] Deadtime for channel 6: 0 ps
2026-06-16 14:54:05,895 [INFO] Delays on channels enabled.
2026-06-16 14:54:05,896 [INFO] Delay for channel 1: requested=0 ps, actual=0 ps
2026-06-16 14:54:05,896 [INFO] Delay for channel 2: requested=-1000 ps, actual=-1000 ps
2026-06-16 14:54:05,897 [INFO] Delay for channel 3: requested=20000 ps, actual=20000 ps
2026-06-16 14:54:05,898 [INFO] Delay for channel 4: requested=16500 ps, actual=16500 ps
2026-06-16 14:54:05,898 [INFO] Delay for channel 5: requested=17800 ps, actual=17800 ps
2026-06-16 14:54:05,899 [INFO] Delay for channel 6: requested=17300 ps, actual=17300 ps
2026-06-16 14:54:05,900 [INFO] Executing synchronized correlation measurement.
2026-06-16 14:54:05,900 [INFO] Delays on channels enabled.
2026-06-16 14:54:05,901 [INFO] Delay for channel 1: requested=0 ps, actual=0 ps.
2026-06-16 14:54:05,908 [INFO] Delay for channel 2: requested=-1000 ps, actual=-1000 ps.
2026-06-16 14:54:05,909 [INFO] Delay for channel 3: requested=20000 ps, actual=20000 ps.
2026-06-16 14:54:05,909 [INFO] Delay for channel 4: requested=16500 ps, actual=16500 ps.
2026-06-16 14:54:05,910 [INFO] Delay for channel 5: requested=17800 ps, actual=17800 ps.
2026-06-16 14:54:05,911 [INFO] Delay for channel 6: requested=17300 ps, actual=17300 ps.
2026-06-16 14:54:05,912 [INFO] Initializing measurement with virtual mode channels for ALL heralding permutations.
2026-06-16 14:54:05,912 [INFO] Automatically generated modes from input: {'H3': [1, 2], 'H4': [3, 4], 'H5': [5, 6]}
2026-06-16 14:54:05,913 [INFO] Setting up virtual channels...
2026-06-16 14:54:05,914 [INFO] Initializing physical channel correlation histograms...
2026-06-16 14:54:05,915 [INFO]   Physical correlation: ch1 <-> ch2
2026-06-16 14:54:05,916 [INFO]   Physical correlation: ch1 <-> ch3
2026-06-16 14:54:05,916 [INFO]   Physical correlation: ch1 <-> ch4
2026-06-16 14:54:05,917 [INFO]   Physical correlation: ch1 <-> ch5
2026-06-16 14:54:05,918 [INFO]   Physical correlation: ch1 <-> ch6
2026-06-16 14:54:05,918 [INFO]   Physical correlation: ch2 <-> ch3
2026-06-16 14:54:05,919 [INFO]   Physical correlation: ch2 <-> ch4
2026-06-16 14:54:05,926 [INFO]   Physical correlation: ch2 <-> ch5
2026-06-16 14:54:05,927 [INFO]   Physical correlation: ch2 <-> ch6
2026-06-16 14:54:05,928 [INFO]   Physical correlation: ch3 <-> ch4
2026-06-16 14:54:05,929 [INFO]   Physical correlation: ch3 <-> ch5
2026-06-16 14:54:05,930 [INFO]   Physical correlation: ch3 <-> ch6
2026-06-16 14:54:05,931 [INFO]   Physical correlation: ch4 <-> ch5
2026-06-16 14:54:05,931 [INFO]   Physical correlation: ch4 <-> ch6
2026-06-16 14:54:05,932 [INFO]   Physical correlation: ch5 <-> ch6
2026-06-16 14:54:05,933 [INFO] Initializing virtual mode correlation histograms...
2026-06-16 14:54:05,934 [INFO]   Within-mode (H3): ch1 <-> ch2
2026-06-16 14:54:05,934 [INFO]   Cross-mode: H3 <-> H4
2026-06-16 14:54:05,935 [INFO]   Cross-mode: H3 <-> H5
2026-06-16 14:54:05,936 [INFO]   Within-mode (H4): ch3 <-> ch4
2026-06-16 14:54:05,937 [INFO]   Cross-mode: H4 <-> H5
2026-06-16 14:54:05,937 [INFO]   Within-mode (H5): ch5 <-> ch6
2026-06-16 14:54:05,940 [INFO] Measurement starting for 3.000min / 0.050h
2026-06-16 14:57:21,319 [INFO] Measurements finished.
2026-06-16 14:57:21,320 [INFO] Collecting measurement data...
2026-06-16 14:57:21,321 [INFO] Collecting physical correlation data for (1,2)
2026-06-16 14:57:21,323 [INFO] Collecting physical correlation data for (1,3)
2026-06-16 14:57:21,326 [INFO] Collecting physical correlation data for (1,4)
2026-06-16 14:57:21,329 [INFO] Collecting physical correlation data for (1,5)
2026-06-16 14:57:21,332 [INFO] Collecting physical correlation data for (1,6)
2026-06-16 14:57:21,335 [INFO] Collecting physical correlation data for (2,3)
2026-06-16 14:57:21,337 [INFO] Collecting physical correlation data for (2,4)
2026-06-16 14:57:21,340 [INFO] Collecting physical correlation data for (2,5)
2026-06-16 14:57:21,345 [INFO] Collecting physical correlation data for (2,6)
2026-06-16 14:57:21,349 [INFO] Collecting physical correlation data for (3,4)
2026-06-16 14:57:21,351 [INFO] Collecting physical correlation data for (3,5)
2026-06-16 14:57:21,354 [INFO] Collecting physical correlation data for (3,6)
2026-06-16 14:57:21,357 [INFO] Collecting physical correlation data for (4,5)
2026-06-16 14:57:21,361 [INFO] Collecting physical correlation data for (4,6)
2026-06-16 14:57:21,364 [INFO] Collecting physical correlation data for (5,6)
2026-06-16 14:57:21,368 [INFO] Collecting virtual correlation data for (H3,H3)
2026-06-16 14:57:21,372 [INFO] Collecting virtual correlation data for (H3,H4)
2026-06-16 14:57:21,377 [INFO] Collecting virtual correlation data for (H3,H5)
2026-06-16 14:57:21,382 [INFO] Collecting virtual correlation data for (H4,H4)
2026-06-16 14:57:21,385 [INFO] Collecting virtual correlation data for (H4,H5)
2026-06-16 14:57:21,388 [INFO] Collecting virtual correlation data for (H5,H5)
2026-06-16 14:57:22,013 [INFO] Starting writing data to file.
2026-06-16 14:57:22,106 [INFO] Saved data.
2026-06-16 14:57:22,235 [INFO] Merging 1 chunks into running total...
2026-06-16 14:57:22,236 [INFO] ============================================================
2026-06-16 14:57:22,237 [INFO] STATUS REPORT | Duration: 3.00 min (0.050 h)
2026-06-16 14:57:22,238 [INFO] ============================================================
2026-06-16 14:57:22,239 [INFO] COUNTRATES (Physical):
2026-06-16 14:57:22,240 [INFO]   Ch 1: 1555.4 kHz (total: 279,972,061)
2026-06-16 14:57:22,241 [INFO]   Ch 2: 2026.0 kHz (total: 364,687,151)
2026-06-16 14:57:22,242 [INFO]   Ch 3: 2.4 kHz (total: 432,639)
2026-06-16 14:57:22,243 [INFO]   Ch 4: 3.1 kHz (total: 555,909)
2026-06-16 14:57:22,244 [INFO]   Ch 5: 917.8 kHz (total: 165,211,219)
2026-06-16 14:57:22,244 [INFO]   Ch 6: 287.1 kHz (total: 51,673,083)
2026-06-16 14:57:22,246 [INFO] COUNTRATES (Virtual):
2026-06-16 14:57:22,246 [INFO]   H3: 3581.4 kHz (total: 644,659,212)
2026-06-16 14:57:22,247 [INFO]   H4: 5.5 kHz (total: 988,548)
2026-06-16 14:57:22,248 [INFO]   H5: 1204.9 kHz (total: 216,884,302)
2026-06-16 14:57:22,249 [INFO] ------------------------------------------------------------
2026-06-16 14:57:22,250 [INFO] COINCIDENCES (threshold: 50000)
2026-06-16 14:57:22,251 [INFO] ------------------------------------------------------------
2026-06-16 14:57:22,252 [INFO] Twofold (physical) (Reached Threshold):
2026-06-16 14:57:22,253 [INFO]   (1,2): 26,596,367 Y
2026-06-16 14:57:22,253 [INFO]   (1,3): 29,363 X
2026-06-16 14:57:22,254 [INFO]   (1,4): 37,197 X
2026-06-16 14:57:22,255 [INFO]   (1,5): 11,949,449 Y
2026-06-16 14:57:22,256 [INFO]   (1,6): 3,716,523 Y
2026-06-16 14:57:22,257 [INFO]   (2,3): 37,959 X
2026-06-16 14:57:22,258 [INFO]   (2,4): 48,681 X
2026-06-16 14:57:22,259 [INFO]   (2,5): 15,554,101 Y
2026-06-16 14:57:22,260 [INFO]   (2,6): 4,839,796 Y
2026-06-16 14:57:22,261 [INFO]   (3,4): 60 X
2026-06-16 14:57:22,261 [INFO]   (3,5): 17,057 X
2026-06-16 14:57:22,262 [INFO]   (3,6): 5,465 X
2026-06-16 14:57:22,263 [INFO]   (4,5): 22,128 X
2026-06-16 14:57:22,264 [INFO]   (4,6): 6,890 X
2026-06-16 14:57:22,265 [INFO]   (5,6): 2,263,862 Y
2026-06-16 14:57:22,266 [INFO] ============================================================
2026-06-16 14:57:22,267 [INFO] >>> 9 combination(s) below threshold <<<
2026-06-16 14:57:22,268 [INFO] ============================================================
2026-06-16 14:57:22,380 [INFO] Updated merged data: C:\Users\QUANTUM\OneDrive - ENSTA\!Working files\HBT\HBT Data\Tests_Jun\2026-06-16_14-53-49_g2_heralded_virtual\MERGED\14-53-49_2026-06-16_94.882mW_num0_MERGED.pkl
2026-06-16 14:57:22,424 [INFO] Found 0 connected Time Tagger(s)
2026-06-16 14:57:24,028 [INFO] t:   1 s, Board temperature: 41.5 °C, FPGA temperature: 57.4 °C
2026-06-16 14:57:25,588 [INFO] t:   2 s, Board temperature: 41.5 °C, FPGA temperature: 57.5 °C
2026-06-16 14:57:27,148 [INFO] t:   3 s, Board temperature: 41.5 °C, FPGA temperature: 57.6 °C
2026-06-16 14:57:28,697 [INFO] t:   4 s, Board temperature: 41.3 °C, FPGA temperature: 57.6 °C
2026-06-16 14:57:30,279 [INFO] t:   5 s, Board temperature: 41.3 °C, FPGA temperature: 57.6 °C
2026-06-16 14:57:30,280 [INFO] The Time Tagger is warmed up.
2026-06-16 14:57:30,281 [INFO] Time Tagger initialized.
2026-06-16 14:57:30,282 [INFO] Chunk 2/3 | Elapsed: 6.0 min
2026-06-16 14:57:30,282 [INFO] Initializing experiment on Time Tagger.
2026-06-16 14:57:30,289 [INFO] Deadtime for channel 1: 0 ps
2026-06-16 14:57:30,290 [INFO] Deadtime for channel 2: 0 ps
2026-06-16 14:57:30,291 [INFO] Deadtime for channel 3: 0 ps
2026-06-16 14:57:30,292 [INFO] Deadtime for channel 4: 0 ps
2026-06-16 14:57:30,293 [INFO] Deadtime for channel 5: 0 ps
2026-06-16 14:57:30,293 [INFO] Deadtime for channel 6: 0 ps
2026-06-16 14:57:30,295 [INFO] Delays on channels enabled.
2026-06-16 14:57:30,295 [INFO] Delay for channel 1: requested=0 ps, actual=0 ps
2026-06-16 14:57:30,296 [INFO] Delay for channel 2: requested=-1000 ps, actual=-1000 ps
2026-06-16 14:57:30,297 [INFO] Delay for channel 3: requested=20000 ps, actual=20000 ps
2026-06-16 14:57:30,298 [INFO] Delay for channel 4: requested=16500 ps, actual=16500 ps
2026-06-16 14:57:30,299 [INFO] Delay for channel 5: requested=17800 ps, actual=17800 ps
2026-06-16 14:57:30,299 [INFO] Delay for channel 6: requested=17300 ps, actual=17300 ps
2026-06-16 14:57:30,300 [INFO] Executing synchronized correlation measurement.
2026-06-16 14:57:30,307 [INFO] Delays on channels enabled.
2026-06-16 14:57:30,308 [INFO] Delay for channel 1: requested=0 ps, actual=0 ps.
2026-06-16 14:57:30,309 [INFO] Delay for channel 2: requested=-1000 ps, actual=-1000 ps.
2026-06-16 14:57:30,310 [INFO] Delay for channel 3: requested=20000 ps, actual=20000 ps.
2026-06-16 14:57:30,310 [INFO] Delay for channel 4: requested=16500 ps, actual=16500 ps.
2026-06-16 14:57:30,311 [INFO] Delay for channel 5: requested=17800 ps, actual=17800 ps.
2026-06-16 14:57:30,312 [INFO] Delay for channel 6: requested=17300 ps, actual=17300 ps.
2026-06-16 14:57:30,313 [INFO] Initializing measurement with virtual mode channels for ALL heralding permutations.
2026-06-16 14:57:30,314 [INFO] Automatically generated modes from input: {'H3': [1, 2], 'H4': [3, 4], 'H5': [5, 6]}
2026-06-16 14:57:30,315 [INFO] Setting up virtual channels...
2026-06-16 14:57:30,316 [INFO] Initializing physical channel correlation histograms...
2026-06-16 14:57:30,317 [INFO]   Physical correlation: ch1 <-> ch2
2026-06-16 14:57:30,318 [INFO]   Physical correlation: ch1 <-> ch3
2026-06-16 14:57:30,326 [INFO]   Physical correlation: ch1 <-> ch4
2026-06-16 14:57:30,327 [INFO]   Physical correlation: ch1 <-> ch5
2026-06-16 14:57:30,328 [INFO]   Physical correlation: ch1 <-> ch6
2026-06-16 14:57:30,329 [INFO]   Physical correlation: ch2 <-> ch3
2026-06-16 14:57:30,330 [INFO]   Physical correlation: ch2 <-> ch4
2026-06-16 14:57:30,331 [INFO]   Physical correlation: ch2 <-> ch5
2026-06-16 14:57:30,332 [INFO]   Physical correlation: ch2 <-> ch6
2026-06-16 14:57:30,333 [INFO]   Physical correlation: ch3 <-> ch4
2026-06-16 14:57:30,333 [INFO]   Physical correlation: ch3 <-> ch5
2026-06-16 14:57:30,334 [INFO]   Physical correlation: ch3 <-> ch6
2026-06-16 14:57:30,335 [INFO]   Physical correlation: ch4 <-> ch5
2026-06-16 14:57:30,336 [INFO]   Physical correlation: ch4 <-> ch6
2026-06-16 14:57:30,337 [INFO]   Physical correlation: ch5 <-> ch6
2026-06-16 14:57:30,338 [INFO] Initializing virtual mode correlation histograms...
2026-06-16 14:57:30,339 [INFO]   Within-mode (H3): ch1 <-> ch2
2026-06-16 14:57:30,340 [INFO]   Cross-mode: H3 <-> H4
2026-06-16 14:57:30,341 [INFO]   Cross-mode: H3 <-> H5
2026-06-16 14:57:30,342 [INFO]   Within-mode (H4): ch3 <-> ch4
2026-06-16 14:57:30,343 [INFO]   Cross-mode: H4 <-> H5
2026-06-16 14:57:30,344 [INFO]   Within-mode (H5): ch5 <-> ch6
2026-06-16 14:57:30,347 [INFO] Measurement starting for 3.000min / 0.050h
2026-06-16 15:00:43,671 [INFO] Measurements finished.
2026-06-16 15:00:43,672 [INFO] Collecting measurement data...
2026-06-16 15:00:43,673 [INFO] Collecting physical correlation data for (1,2)
2026-06-16 15:00:43,676 [INFO] Collecting physical correlation data for (1,3)
2026-06-16 15:00:43,677 [INFO] Collecting physical correlation data for (1,4)
2026-06-16 15:00:43,680 [INFO] Collecting physical correlation data for (1,5)
2026-06-16 15:00:43,683 [INFO] Collecting physical correlation data for (1,6)
2026-06-16 15:00:43,686 [INFO] Collecting physical correlation data for (2,3)
2026-06-16 15:00:43,697 [INFO] Collecting physical correlation data for (2,4)
2026-06-16 15:00:43,700 [INFO] Collecting physical correlation data for (2,5)
2026-06-16 15:00:43,703 [INFO] Collecting physical correlation data for (2,6)
2026-06-16 15:00:43,706 [INFO] Collecting physical correlation data for (3,4)
2026-06-16 15:00:43,709 [INFO] Collecting physical correlation data for (3,5)
2026-06-16 15:00:43,711 [INFO] Collecting physical correlation data for (3,6)
2026-06-16 15:00:43,714 [INFO] Collecting physical correlation data for (4,5)
2026-06-16 15:00:43,716 [INFO] Collecting physical correlation data for (4,6)
2026-06-16 15:00:43,719 [INFO] Collecting physical correlation data for (5,6)
2026-06-16 15:00:43,721 [INFO] Collecting virtual correlation data for (H3,H3)
2026-06-16 15:00:43,725 [INFO] Collecting virtual correlation data for (H3,H4)
2026-06-16 15:00:43,728 [INFO] Collecting virtual correlation data for (H3,H5)
2026-06-16 15:00:43,731 [INFO] Collecting virtual correlation data for (H4,H4)
2026-06-16 15:00:43,733 [INFO] Collecting virtual correlation data for (H4,H5)
2026-06-16 15:00:43,736 [INFO] Collecting virtual correlation data for (H5,H5)
2026-06-16 15:00:44,073 [INFO] Starting writing data to file.
2026-06-16 15:00:44,174 [INFO] Saved data.
2026-06-16 15:00:44,329 [INFO] Merging 1 chunks into running total...
2026-06-16 15:00:44,534 [INFO] ============================================================
2026-06-16 15:00:44,535 [INFO] STATUS REPORT | Duration: 6.00 min (0.100 h)
2026-06-16 15:00:44,535 [INFO] ============================================================
2026-06-16 15:00:44,536 [INFO] COUNTRATES (Physical):
2026-06-16 15:00:44,537 [INFO]   Ch 1: 1550.2 kHz (total: 558,058,646)
2026-06-16 15:00:44,538 [INFO]   Ch 2: 2019.2 kHz (total: 726,905,753)
2026-06-16 15:00:44,539 [INFO]   Ch 3: 2.4 kHz (total: 864,961)
2026-06-16 15:00:44,540 [INFO]   Ch 4: 3.1 kHz (total: 1,112,648)
2026-06-16 15:00:44,541 [INFO]   Ch 5: 917.2 kHz (total: 330,190,928)
2026-06-16 15:00:44,542 [INFO]   Ch 6: 287.5 kHz (total: 103,514,751)
2026-06-16 15:00:44,542 [INFO] COUNTRATES (Virtual):
2026-06-16 15:00:44,543 [INFO]   H3: 3569.3 kHz (total: 1,284,964,399)
2026-06-16 15:00:44,544 [INFO]   H4: 5.5 kHz (total: 1,977,609)
2026-06-16 15:00:44,545 [INFO]   H5: 1204.7 kHz (total: 433,705,679)
2026-06-16 15:00:44,546 [INFO] ------------------------------------------------------------
2026-06-16 15:00:44,546 [INFO] COINCIDENCES (threshold: 50000)
2026-06-16 15:00:44,547 [INFO] ------------------------------------------------------------
2026-06-16 15:00:44,548 [INFO] Twofold (physical) (Reached Threshold):
2026-06-16 15:00:44,549 [INFO]   (1,2): 52,733,211 Y
2026-06-16 15:00:44,550 [INFO]   (1,3): 58,631 Y
2026-06-16 15:00:44,551 [INFO]   (1,4): 74,160 Y
2026-06-16 15:00:44,551 [INFO]   (1,5): 23,753,785 Y
2026-06-16 15:00:44,552 [INFO]   (1,6): 7,412,760 Y
2026-06-16 15:00:44,553 [INFO]   (2,3): 75,689 Y
2026-06-16 15:00:44,554 [INFO]   (2,4): 97,097 Y
2026-06-16 15:00:44,555 [INFO]   (2,5): 30,922,688 Y
2026-06-16 15:00:44,556 [INFO]   (2,6): 9,649,677 Y
2026-06-16 15:00:44,556 [INFO]   (3,4): 117 X
2026-06-16 15:00:44,557 [INFO]   (3,5): 34,132 X
2026-06-16 15:00:44,558 [INFO]   (3,6): 10,891 X
2026-06-16 15:00:44,559 [INFO]   (4,5): 44,214 X
2026-06-16 15:00:44,559 [INFO]   (4,6): 13,692 X
2026-06-16 15:00:44,560 [INFO]   (5,6): 4,524,991 Y
2026-06-16 15:00:44,561 [INFO] ============================================================
2026-06-16 15:00:44,562 [INFO] >>> 5 combination(s) below threshold <<<
2026-06-16 15:00:44,563 [INFO] ============================================================
2026-06-16 15:00:44,646 [INFO] Updated merged data: C:\Users\QUANTUM\OneDrive - ENSTA\!Working files\HBT\HBT Data\Tests_Jun\2026-06-16_14-53-49_g2_heralded_virtual\MERGED\14-53-49_2026-06-16_94.882mW_num0_MERGED.pkl
2026-06-16 15:00:44,689 [INFO] Found 0 connected Time Tagger(s)
2026-06-16 15:00:46,315 [INFO] t:   1 s, Board temperature: 41.1 °C, FPGA temperature: 57.6 °C
2026-06-16 15:00:47,880 [INFO] t:   2 s, Board temperature: 41.1 °C, FPGA temperature: 57.5 °C
2026-06-16 15:00:49,436 [INFO] t:   3 s, Board temperature: 41.2 °C, FPGA temperature: 57.6 °C
2026-06-16 15:00:50,989 [INFO] t:   4 s, Board temperature: 41.2 °C, FPGA temperature: 57.5 °C
2026-06-16 15:00:52,541 [INFO] t:   5 s, Board temperature: 41.1 °C, FPGA temperature: 57.5 °C
2026-06-16 15:00:52,542 [INFO] The Time Tagger is warmed up.
2026-06-16 15:00:52,543 [INFO] Time Tagger initialized.
2026-06-16 15:00:52,544 [INFO] Chunk 3/3 | Elapsed: 9.0 min
2026-06-16 15:00:52,545 [INFO] Initializing experiment on Time Tagger.
2026-06-16 15:00:52,546 [INFO] Deadtime for channel 1: 0 ps
2026-06-16 15:00:52,546 [INFO] Deadtime for channel 2: 0 ps
2026-06-16 15:00:52,547 [INFO] Deadtime for channel 3: 0 ps
2026-06-16 15:00:52,548 [INFO] Deadtime for channel 4: 0 ps
2026-06-16 15:00:52,549 [INFO] Deadtime for channel 5: 0 ps
2026-06-16 15:00:52,549 [INFO] Deadtime for channel 6: 0 ps
2026-06-16 15:00:52,550 [INFO] Delays on channels enabled.
2026-06-16 15:00:52,551 [INFO] Delay for channel 1: requested=0 ps, actual=0 ps
2026-06-16 15:00:52,552 [INFO] Delay for channel 2: requested=-1000 ps, actual=-1000 ps
2026-06-16 15:00:52,553 [INFO] Delay for channel 3: requested=20000 ps, actual=20000 ps
2026-06-16 15:00:52,561 [INFO] Delay for channel 4: requested=16500 ps, actual=16500 ps
2026-06-16 15:00:52,562 [INFO] Delay for channel 5: requested=17800 ps, actual=17800 ps
2026-06-16 15:00:52,563 [INFO] Delay for channel 6: requested=17300 ps, actual=17300 ps
2026-06-16 15:00:52,564 [INFO] Executing synchronized correlation measurement.
2026-06-16 15:00:52,565 [INFO] Delays on channels enabled.
2026-06-16 15:00:52,566 [INFO] Delay for channel 1: requested=0 ps, actual=0 ps.
2026-06-16 15:00:52,566 [INFO] Delay for channel 2: requested=-1000 ps, actual=-1000 ps.
2026-06-16 15:00:52,567 [INFO] Delay for channel 3: requested=20000 ps, actual=20000 ps.
2026-06-16 15:00:52,568 [INFO] Delay for channel 4: requested=16500 ps, actual=16500 ps.
2026-06-16 15:00:52,569 [INFO] Delay for channel 5: requested=17800 ps, actual=17800 ps.
2026-06-16 15:00:52,570 [INFO] Delay for channel 6: requested=17300 ps, actual=17300 ps.
2026-06-16 15:00:52,570 [INFO] Initializing measurement with virtual mode channels for ALL heralding permutations.
2026-06-16 15:00:52,571 [INFO] Automatically generated modes from input: {'H3': [1, 2], 'H4': [3, 4], 'H5': [5, 6]}
2026-06-16 15:00:52,572 [INFO] Setting up virtual channels...
2026-06-16 15:00:52,580 [INFO] Initializing physical channel correlation histograms...
2026-06-16 15:00:52,581 [INFO]   Physical correlation: ch1 <-> ch2
2026-06-16 15:00:52,582 [INFO]   Physical correlation: ch1 <-> ch3
2026-06-16 15:00:52,583 [INFO]   Physical correlation: ch1 <-> ch4
2026-06-16 15:00:52,584 [INFO]   Physical correlation: ch1 <-> ch5
2026-06-16 15:00:52,585 [INFO]   Physical correlation: ch1 <-> ch6
2026-06-16 15:00:52,586 [INFO]   Physical correlation: ch2 <-> ch3
2026-06-16 15:00:52,587 [INFO]   Physical correlation: ch2 <-> ch4
2026-06-16 15:00:52,587 [INFO]   Physical correlation: ch2 <-> ch5
2026-06-16 15:00:52,588 [INFO]   Physical correlation: ch2 <-> ch6
2026-06-16 15:00:52,589 [INFO]   Physical correlation: ch3 <-> ch4
2026-06-16 15:00:52,591 [INFO]   Physical correlation: ch3 <-> ch5
2026-06-16 15:00:52,591 [INFO]   Physical correlation: ch3 <-> ch6
2026-06-16 15:00:52,592 [INFO]   Physical correlation: ch4 <-> ch5
2026-06-16 15:00:52,593 [INFO]   Physical correlation: ch4 <-> ch6
2026-06-16 15:00:52,594 [INFO]   Physical correlation: ch5 <-> ch6
2026-06-16 15:00:52,595 [INFO] Initializing virtual mode correlation histograms...
2026-06-16 15:00:52,596 [INFO]   Within-mode (H3): ch1 <-> ch2
2026-06-16 15:00:52,597 [INFO]   Cross-mode: H3 <-> H4
2026-06-16 15:00:52,598 [INFO]   Cross-mode: H3 <-> H5
2026-06-16 15:00:52,599 [INFO]   Within-mode (H4): ch3 <-> ch4
2026-06-16 15:00:52,600 [INFO]   Cross-mode: H4 <-> H5
2026-06-16 15:00:52,601 [INFO]   Within-mode (H5): ch5 <-> ch6
2026-06-16 15:00:52,603 [INFO] Measurement starting for 3.000min / 0.050h
2026-06-16 15:04:09,033 [INFO] Measurements finished.
2026-06-16 15:04:09,034 [INFO] Collecting measurement data...
2026-06-16 15:04:09,035 [INFO] Collecting physical correlation data for (1,2)
2026-06-16 15:04:09,039 [INFO] Collecting physical correlation data for (1,3)
2026-06-16 15:04:09,042 [INFO] Collecting physical correlation data for (1,4)
2026-06-16 15:04:09,045 [INFO] Collecting physical correlation data for (1,5)
2026-06-16 15:04:09,049 [INFO] Collecting physical correlation data for (1,6)
2026-06-16 15:04:09,052 [INFO] Collecting physical correlation data for (2,3)
2026-06-16 15:04:09,055 [INFO] Collecting physical correlation data for (2,4)
2026-06-16 15:04:09,059 [INFO] Collecting physical correlation data for (2,5)
2026-06-16 15:04:09,064 [INFO] Collecting physical correlation data for (2,6)
2026-06-16 15:04:09,068 [INFO] Collecting physical correlation data for (3,4)
2026-06-16 15:04:09,071 [INFO] Collecting physical correlation data for (3,5)
2026-06-16 15:04:09,074 [INFO] Collecting physical correlation data for (3,6)
2026-06-16 15:04:09,079 [INFO] Collecting physical correlation data for (4,5)
2026-06-16 15:04:09,082 [INFO] Collecting physical correlation data for (4,6)
2026-06-16 15:04:09,086 [INFO] Collecting physical correlation data for (5,6)
2026-06-16 15:04:09,091 [INFO] Collecting virtual correlation data for (H3,H3)
2026-06-16 15:04:09,098 [INFO] Collecting virtual correlation data for (H3,H4)
2026-06-16 15:04:09,104 [INFO] Collecting virtual correlation data for (H3,H5)
2026-06-16 15:04:09,109 [INFO] Collecting virtual correlation data for (H4,H4)
2026-06-16 15:04:09,113 [INFO] Collecting virtual correlation data for (H4,H5)
2026-06-16 15:04:09,119 [INFO] Collecting virtual correlation data for (H5,H5)
2026-06-16 15:04:09,752 [INFO] Starting writing data to file.
2026-06-16 15:04:09,916 [INFO] Saved data.
2026-06-16 15:04:10,176 [INFO] Merging 1 chunks into running total...
2026-06-16 15:04:10,510 [INFO] ============================================================
2026-06-16 15:04:10,511 [INFO] STATUS REPORT | Duration: 9.00 min (0.150 h)
2026-06-16 15:04:10,512 [INFO] ============================================================
2026-06-16 15:04:10,513 [INFO] COUNTRATES (Physical):
2026-06-16 15:04:10,515 [INFO]   Ch 1: 1552.0 kHz (total: 838,060,629)
2026-06-16 15:04:10,516 [INFO]   Ch 2: 2021.6 kHz (total: 1,091,669,234)
2026-06-16 15:04:10,517 [INFO]   Ch 3: 2.4 kHz (total: 1,297,642)
2026-06-16 15:04:10,520 [INFO]   Ch 4: 3.1 kHz (total: 1,670,485)
2026-06-16 15:04:10,520 [INFO]   Ch 5: 916.8 kHz (total: 495,093,870)
2026-06-16 15:04:10,522 [INFO]   Ch 6: 287.2 kHz (total: 155,102,273)
2026-06-16 15:04:10,523 [INFO] COUNTRATES (Virtual):
2026-06-16 15:04:10,524 [INFO]   H3: 3573.6 kHz (total: 1,929,729,863)
2026-06-16 15:04:10,525 [INFO]   H4: 5.5 kHz (total: 2,968,127)
2026-06-16 15:04:10,527 [INFO]   H5: 1204.1 kHz (total: 650,196,143)
2026-06-16 15:04:10,528 [INFO] ------------------------------------------------------------
2026-06-16 15:04:10,529 [INFO] COINCIDENCES (threshold: 50000)
2026-06-16 15:04:10,530 [INFO] ------------------------------------------------------------
2026-06-16 15:04:10,531 [INFO] Twofold (physical) (Reached Threshold):
2026-06-16 15:04:10,532 [INFO]   (1,2): 79,570,203 Y
2026-06-16 15:04:10,533 [INFO]   (1,3): 88,265 Y
2026-06-16 15:04:10,534 [INFO]   (1,4): 112,019 Y
2026-06-16 15:04:10,534 [INFO]   (1,5): 35,780,507 Y
2026-06-16 15:04:10,535 [INFO]   (1,6): 11,159,326 Y
2026-06-16 15:04:10,536 [INFO]   (2,3): 114,198 Y
2026-06-16 15:04:10,537 [INFO]   (2,4): 146,386 Y
2026-06-16 15:04:10,538 [INFO]   (2,5): 46,590,123 Y
2026-06-16 15:04:10,539 [INFO]   (2,6): 14,528,651 Y
2026-06-16 15:04:10,540 [INFO]   (3,4): 169 X
2026-06-16 15:04:10,541 [INFO]   (3,5): 51,565 Y
2026-06-16 15:04:10,542 [INFO]   (3,6): 16,349 X
2026-06-16 15:04:10,543 [INFO]   (4,5): 66,676 Y
2026-06-16 15:04:10,544 [INFO]   (4,6): 20,671 X
2026-06-16 15:04:10,545 [INFO]   (5,6): 6,801,839 Y
2026-06-16 15:04:10,546 [INFO] ============================================================
2026-06-16 15:04:10,547 [INFO] >>> 3 combination(s) below threshold <<<
2026-06-16 15:04:10,548 [INFO] ============================================================
2026-06-16 15:04:10,698 [INFO] Updated merged data: C:\Users\QUANTUM\OneDrive - ENSTA\!Working files\HBT\HBT Data\Tests_Jun\2026-06-16_14-53-49_g2_heralded_virtual\MERGED\14-53-49_2026-06-16_94.882mW_num0_MERGED.pkl
2026-06-16 15:04:10,851 [INFO] Final merged data saved to: C:\Users\QUANTUM\OneDrive - ENSTA\!Working files\HBT\HBT Data\Tests_Jun\2026-06-16_14-53-49_g2_heralded_virtual\MERGED\14-53-49_2026-06-16_94.882mW_num0_MERGED.pkl
2026-06-16 15:04:10,852 [INFO] Total merged duration: 9.00 min
2026-06-16 15:04:10,852 [INFO] Measurement completed in 10.22 min
2026-06-16 15:04:13,069 [INFO] Stage Position: 10.0
2026-06-16 15:04:13,069 [INFO] Starting chunked acquisition (max 3 chunks / 9.0 min)
2026-06-16 15:04:13,070 [INFO] Chunk duration: 3 min
2026-06-16 15:04:13,071 [INFO] Threshold: 50000 counts, checking every 1 chunks
2026-06-16 15:04:13,142 [INFO] Found 0 connected Time Tagger(s)
2026-06-16 15:04:14,775 [INFO] t:   1 s, Board temperature: 41.2 °C, FPGA temperature: 57.6 °C
2026-06-16 15:04:16,341 [INFO] t:   2 s, Board temperature: 41.2 °C, FPGA temperature: 57.4 °C
2026-06-16 15:04:17,912 [INFO] t:   3 s, Board temperature: 41.2 °C, FPGA temperature: 57.4 °C
2026-06-16 15:04:19,464 [INFO] t:   4 s, Board temperature: 41.1 °C, FPGA temperature: 57.4 °C
2026-06-16 15:04:21,029 [INFO] t:   5 s, Board temperature: 41.2 °C, FPGA temperature: 57.4 °C
2026-06-16 15:04:21,030 [INFO] The Time Tagger is warmed up.
2026-06-16 15:04:21,031 [INFO] Time Tagger initialized.
2026-06-16 15:04:21,032 [INFO] Chunk 1/3 | Elapsed: 3.0 min
2026-06-16 15:04:21,033 [INFO] Initializing experiment on Time Tagger.
2026-06-16 15:04:21,034 [INFO] Deadtime for channel 1: 0 ps
2026-06-16 15:04:21,035 [INFO] Deadtime for channel 2: 0 ps
2026-06-16 15:04:21,036 [INFO] Deadtime for channel 3: 0 ps
2026-06-16 15:04:21,037 [INFO] Deadtime for channel 4: 0 ps
2026-06-16 15:04:21,038 [INFO] Deadtime for channel 5: 0 ps
2026-06-16 15:04:21,039 [INFO] Deadtime for channel 6: 0 ps
2026-06-16 15:04:21,040 [INFO] Delays on channels enabled.
2026-06-16 15:04:21,041 [INFO] Delay for channel 1: requested=0 ps, actual=0 ps
2026-06-16 15:04:21,041 [INFO] Delay for channel 2: requested=-1000 ps, actual=-1000 ps
2026-06-16 15:04:21,042 [INFO] Delay for channel 3: requested=20000 ps, actual=20000 ps
2026-06-16 15:04:21,050 [INFO] Delay for channel 4: requested=16500 ps, actual=16500 ps
2026-06-16 15:04:21,051 [INFO] Delay for channel 5: requested=17800 ps, actual=17800 ps
2026-06-16 15:04:21,051 [INFO] Delay for channel 6: requested=17300 ps, actual=17300 ps
2026-06-16 15:04:21,052 [INFO] Executing synchronized correlation measurement.
2026-06-16 15:04:21,054 [INFO] Delays on channels enabled.
2026-06-16 15:04:21,054 [INFO] Delay for channel 1: requested=0 ps, actual=0 ps.
2026-06-16 15:04:21,055 [INFO] Delay for channel 2: requested=-1000 ps, actual=-1000 ps.
2026-06-16 15:04:21,056 [INFO] Delay for channel 3: requested=20000 ps, actual=20000 ps.
2026-06-16 15:04:21,057 [INFO] Delay for channel 4: requested=16500 ps, actual=16500 ps.
2026-06-16 15:04:21,058 [INFO] Delay for channel 5: requested=17800 ps, actual=17800 ps.
2026-06-16 15:04:21,059 [INFO] Delay for channel 6: requested=17300 ps, actual=17300 ps.
2026-06-16 15:04:21,059 [INFO] Initializing measurement with virtual mode channels for ALL heralding permutations.
2026-06-16 15:04:21,060 [INFO] Automatically generated modes from input: {'H3': [1, 2], 'H4': [3, 4], 'H5': [5, 6]}
2026-06-16 15:04:21,061 [INFO] Setting up virtual channels...
2026-06-16 15:04:21,063 [INFO] Initializing physical channel correlation histograms...
2026-06-16 15:04:21,064 [INFO]   Physical correlation: ch1 <-> ch2
2026-06-16 15:04:21,064 [INFO]   Physical correlation: ch1 <-> ch3
2026-06-16 15:04:21,065 [INFO]   Physical correlation: ch1 <-> ch4
2026-06-16 15:04:21,066 [INFO]   Physical correlation: ch1 <-> ch5
2026-06-16 15:04:21,067 [INFO]   Physical correlation: ch1 <-> ch6
2026-06-16 15:04:21,068 [INFO]   Physical correlation: ch2 <-> ch3
2026-06-16 15:04:21,069 [INFO]   Physical correlation: ch2 <-> ch4
2026-06-16 15:04:21,070 [INFO]   Physical correlation: ch2 <-> ch5
2026-06-16 15:04:21,071 [INFO]   Physical correlation: ch2 <-> ch6
2026-06-16 15:04:21,072 [INFO]   Physical correlation: ch3 <-> ch4
2026-06-16 15:04:21,073 [INFO]   Physical correlation: ch3 <-> ch5
2026-06-16 15:04:21,074 [INFO]   Physical correlation: ch3 <-> ch6
2026-06-16 15:04:21,075 [INFO]   Physical correlation: ch4 <-> ch5
2026-06-16 15:04:21,076 [INFO]   Physical correlation: ch4 <-> ch6
2026-06-16 15:04:21,077 [INFO]   Physical correlation: ch5 <-> ch6
2026-06-16 15:04:21,078 [INFO] Initializing virtual mode correlation histograms...
2026-06-16 15:04:21,079 [INFO]   Within-mode (H3): ch1 <-> ch2
2026-06-16 15:04:21,080 [INFO]   Cross-mode: H3 <-> H4
2026-06-16 15:04:21,082 [INFO]   Cross-mode: H3 <-> H5
2026-06-16 15:04:21,083 [INFO]   Within-mode (H4): ch3 <-> ch4
2026-06-16 15:04:21,084 [INFO]   Cross-mode: H4 <-> H5
2026-06-16 15:04:21,085 [INFO]   Within-mode (H5): ch5 <-> ch6
2026-06-16 15:04:21,087 [INFO] Measurement starting for 3.000min / 0.050h
2026-06-16 15:07:24,212 [INFO] Measurements finished.
2026-06-16 15:07:24,212 [INFO] Collecting measurement data...
2026-06-16 15:07:24,213 [INFO] Collecting physical correlation data for (1,2)
2026-06-16 15:07:24,216 [INFO] Collecting physical correlation data for (1,3)
2026-06-16 15:07:24,218 [INFO] Collecting physical correlation data for (1,4)
2026-06-16 15:07:24,220 [INFO] Collecting physical correlation data for (1,5)
2026-06-16 15:07:24,222 [INFO] Collecting physical correlation data for (1,6)
2026-06-16 15:07:24,224 [INFO] Collecting physical correlation data for (2,3)
2026-06-16 15:07:24,226 [INFO] Collecting physical correlation data for (2,4)
2026-06-16 15:07:24,229 [INFO] Collecting physical correlation data for (2,5)
2026-06-16 15:07:24,231 [INFO] Collecting physical correlation data for (2,6)
2026-06-16 15:07:24,234 [INFO] Collecting physical correlation data for (3,4)
2026-06-16 15:07:24,236 [INFO] Collecting physical correlation data for (3,5)
2026-06-16 15:07:24,238 [INFO] Collecting physical correlation data for (3,6)
2026-06-16 15:07:24,240 [INFO] Collecting physical correlation data for (4,5)
2026-06-16 15:07:24,242 [INFO] Collecting physical correlation data for (4,6)
2026-06-16 15:07:24,244 [INFO] Collecting physical correlation data for (5,6)
2026-06-16 15:07:24,247 [INFO] Collecting virtual correlation data for (H3,H3)
2026-06-16 15:07:24,251 [INFO] Collecting virtual correlation data for (H3,H4)
2026-06-16 15:07:24,255 [INFO] Collecting virtual correlation data for (H3,H5)
2026-06-16 15:07:24,259 [INFO] Collecting virtual correlation data for (H4,H4)
2026-06-16 15:07:24,262 [INFO] Collecting virtual correlation data for (H4,H5)
2026-06-16 15:07:24,264 [INFO] Collecting virtual correlation data for (H5,H5)
2026-06-16 15:07:24,610 [INFO] Starting writing data to file.
2026-06-16 15:07:24,708 [INFO] Saved data.
2026-06-16 15:07:24,861 [INFO] Merging 1 chunks into running total...
2026-06-16 15:07:24,862 [INFO] ============================================================
2026-06-16 15:07:24,862 [INFO] STATUS REPORT | Duration: 3.00 min (0.050 h)
2026-06-16 15:07:24,863 [INFO] ============================================================
2026-06-16 15:07:24,864 [INFO] COUNTRATES (Physical):
2026-06-16 15:07:24,865 [INFO]   Ch 1: 1134.5 kHz (total: 204,210,226)
2026-06-16 15:07:24,866 [INFO]   Ch 2: 1553.6 kHz (total: 279,649,063)
2026-06-16 15:07:24,867 [INFO]   Ch 3: 2.3 kHz (total: 419,041)
2026-06-16 15:07:24,867 [INFO]   Ch 4: 3.0 kHz (total: 547,566)
2026-06-16 15:07:24,868 [INFO]   Ch 5: 710.4 kHz (total: 127,870,948)
2026-06-16 15:07:24,869 [INFO]   Ch 6: 233.2 kHz (total: 41,984,508)
2026-06-16 15:07:24,870 [INFO] COUNTRATES (Virtual):
2026-06-16 15:07:24,871 [INFO]   H3: 2688.1 kHz (total: 483,859,289)
2026-06-16 15:07:24,872 [INFO]   H4: 5.4 kHz (total: 966,607)
2026-06-16 15:07:24,872 [INFO]   H5: 943.6 kHz (total: 169,855,456)
2026-06-16 15:07:24,873 [INFO] ------------------------------------------------------------
2026-06-16 15:07:24,874 [INFO] COINCIDENCES (threshold: 50000)
2026-06-16 15:07:24,875 [INFO] ------------------------------------------------------------
2026-06-16 15:07:24,876 [INFO] Twofold (physical) (Reached Threshold):
2026-06-16 15:07:24,877 [INFO]   (1,2): 17,334,039 Y
2026-06-16 15:07:24,877 [INFO]   (1,3): 24,208 X
2026-06-16 15:07:24,878 [INFO]   (1,4): 31,360 X
2026-06-16 15:07:24,879 [INFO]   (1,5): 7,897,910 Y
2026-06-16 15:07:24,880 [INFO]   (1,6): 2,587,046 Y
2026-06-16 15:07:24,881 [INFO]   (2,3): 32,891 X
2026-06-16 15:07:24,881 [INFO]   (2,4): 42,784 X
2026-06-16 15:07:24,882 [INFO]   (2,5): 10,801,032 Y
2026-06-16 15:07:24,883 [INFO]   (2,6): 3,534,158 Y
2026-06-16 15:07:24,884 [INFO]   (3,4): 76 X
2026-06-16 15:07:24,885 [INFO]   (3,5): 15,166 X
2026-06-16 15:07:24,886 [INFO]   (3,6): 4,897 X
2026-06-16 15:07:24,886 [INFO]   (4,5): 19,334 X
2026-06-16 15:07:24,887 [INFO]   (4,6): 6,387 X
2026-06-16 15:07:24,887 [INFO]   (5,6): 1,667,298 Y
2026-06-16 15:07:24,888 [INFO] ============================================================
2026-06-16 15:07:24,889 [INFO] >>> 9 combination(s) below threshold <<<
2026-06-16 15:07:24,889 [INFO] ============================================================
2026-06-16 15:07:24,972 [INFO] Updated merged data: C:\Users\QUANTUM\OneDrive - ENSTA\!Working files\HBT\HBT Data\Tests_Jun\2026-06-16_14-53-49_g2_heralded_virtual\MERGED\14-53-49_2026-06-16_81.998mW_num0_MERGED.pkl
2026-06-16 15:07:25,013 [INFO] Found 0 connected Time Tagger(s)
2026-06-16 15:07:26,632 [INFO] t:   1 s, Board temperature: 41.2 °C, FPGA temperature: 57.5 °C
2026-06-16 15:07:28,202 [INFO] t:   2 s, Board temperature: 41.3 °C, FPGA temperature: 57.6 °C
2026-06-16 15:07:29,772 [INFO] t:   3 s, Board temperature: 41.2 °C, FPGA temperature: 57.7 °C
2026-06-16 15:07:31,347 [INFO] t:   4 s, Board temperature: 41.2 °C, FPGA temperature: 57.6 °C
2026-06-16 15:07:32,933 [INFO] t:   5 s, Board temperature: 41.2 °C, FPGA temperature: 57.7 °C
2026-06-16 15:07:32,934 [INFO] The Time Tagger is warmed up.
2026-06-16 15:07:32,934 [INFO] Time Tagger initialized.
2026-06-16 15:07:32,936 [INFO] Chunk 2/3 | Elapsed: 6.0 min
2026-06-16 15:07:32,936 [INFO] Initializing experiment on Time Tagger.
2026-06-16 15:07:32,937 [INFO] Deadtime for channel 1: 0 ps
2026-06-16 15:07:32,938 [INFO] Deadtime for channel 2: 0 ps
2026-06-16 15:07:32,939 [INFO] Deadtime for channel 3: 0 ps
2026-06-16 15:07:32,940 [INFO] Deadtime for channel 4: 0 ps
2026-06-16 15:07:32,941 [INFO] Deadtime for channel 5: 0 ps
2026-06-16 15:07:32,942 [INFO] Deadtime for channel 6: 0 ps
2026-06-16 15:07:32,942 [INFO] Delays on channels enabled.
2026-06-16 15:07:32,943 [INFO] Delay for channel 1: requested=0 ps, actual=0 ps
2026-06-16 15:07:32,945 [INFO] Delay for channel 2: requested=-1000 ps, actual=-1000 ps
2026-06-16 15:07:32,945 [INFO] Delay for channel 3: requested=20000 ps, actual=20000 ps
2026-06-16 15:07:32,946 [INFO] Delay for channel 4: requested=16500 ps, actual=16500 ps
2026-06-16 15:07:32,953 [INFO] Delay for channel 5: requested=17800 ps, actual=17800 ps
2026-06-16 15:07:32,954 [INFO] Delay for channel 6: requested=17300 ps, actual=17300 ps
2026-06-16 15:07:32,955 [INFO] Executing synchronized correlation measurement.
2026-06-16 15:07:32,956 [INFO] Delays on channels enabled.
2026-06-16 15:07:32,957 [INFO] Delay for channel 1: requested=0 ps, actual=0 ps.
2026-06-16 15:07:32,958 [INFO] Delay for channel 2: requested=-1000 ps, actual=-1000 ps.
2026-06-16 15:07:32,959 [INFO] Delay for channel 3: requested=20000 ps, actual=20000 ps.
2026-06-16 15:07:32,960 [INFO] Delay for channel 4: requested=16500 ps, actual=16500 ps.
2026-06-16 15:07:32,960 [INFO] Delay for channel 5: requested=17800 ps, actual=17800 ps.
2026-06-16 15:07:32,961 [INFO] Delay for channel 6: requested=17300 ps, actual=17300 ps.
2026-06-16 15:07:32,962 [INFO] Initializing measurement with virtual mode channels for ALL heralding permutations.
2026-06-16 15:07:32,963 [INFO] Automatically generated modes from input: {'H3': [1, 2], 'H4': [3, 4], 'H5': [5, 6]}
2026-06-16 15:07:32,964 [INFO] Setting up virtual channels...
2026-06-16 15:07:32,966 [INFO] Initializing physical channel correlation histograms...
2026-06-16 15:07:32,967 [INFO]   Physical correlation: ch1 <-> ch2
2026-06-16 15:07:32,968 [INFO]   Physical correlation: ch1 <-> ch3
2026-06-16 15:07:32,968 [INFO]   Physical correlation: ch1 <-> ch4
2026-06-16 15:07:32,970 [INFO]   Physical correlation: ch1 <-> ch5
2026-06-16 15:07:32,970 [INFO]   Physical correlation: ch1 <-> ch6
2026-06-16 15:07:32,971 [INFO]   Physical correlation: ch2 <-> ch3
2026-06-16 15:07:32,972 [INFO]   Physical correlation: ch2 <-> ch4
2026-06-16 15:07:32,974 [INFO]   Physical correlation: ch2 <-> ch5
2026-06-16 15:07:32,975 [INFO]   Physical correlation: ch2 <-> ch6
2026-06-16 15:07:32,976 [INFO]   Physical correlation: ch3 <-> ch4
2026-06-16 15:07:32,977 [INFO]   Physical correlation: ch3 <-> ch5
2026-06-16 15:07:32,979 [INFO]   Physical correlation: ch3 <-> ch6
2026-06-16 15:07:32,980 [INFO]   Physical correlation: ch4 <-> ch5
2026-06-16 15:07:32,981 [INFO]   Physical correlation: ch4 <-> ch6
2026-06-16 15:07:32,982 [INFO]   Physical correlation: ch5 <-> ch6
2026-06-16 15:07:32,983 [INFO] Initializing virtual mode correlation histograms...
2026-06-16 15:07:32,984 [INFO]   Within-mode (H3): ch1 <-> ch2
2026-06-16 15:07:32,985 [INFO]   Cross-mode: H3 <-> H4
2026-06-16 15:07:32,986 [INFO]   Cross-mode: H3 <-> H5
2026-06-16 15:07:32,986 [INFO]   Within-mode (H4): ch3 <-> ch4
2026-06-16 15:07:32,987 [INFO]   Cross-mode: H4 <-> H5
2026-06-16 15:07:32,988 [INFO]   Within-mode (H5): ch5 <-> ch6
2026-06-16 15:07:32,991 [INFO] Measurement starting for 3.000min / 0.050h
2026-06-16 15:10:35,562 [INFO] Measurements finished.
2026-06-16 15:10:35,563 [INFO] Collecting measurement data...
2026-06-16 15:10:35,564 [INFO] Collecting physical correlation data for (1,2)
2026-06-16 15:10:35,569 [INFO] Collecting physical correlation data for (1,3)
2026-06-16 15:10:35,572 [INFO] Collecting physical correlation data for (1,4)
2026-06-16 15:10:35,574 [INFO] Collecting physical correlation data for (1,5)
2026-06-16 15:10:35,576 [INFO] Collecting physical correlation data for (1,6)
2026-06-16 15:10:35,579 [INFO] Collecting physical correlation data for (2,3)
2026-06-16 15:10:35,581 [INFO] Collecting physical correlation data for (2,4)
2026-06-16 15:10:35,584 [INFO] Collecting physical correlation data for (2,5)
2026-06-16 15:10:35,587 [INFO] Collecting physical correlation data for (2,6)
2026-06-16 15:10:35,590 [INFO] Collecting physical correlation data for (3,4)
2026-06-16 15:10:35,595 [INFO] Collecting physical correlation data for (3,5)
2026-06-16 15:10:35,598 [INFO] Collecting physical correlation data for (3,6)
2026-06-16 15:10:35,601 [INFO] Collecting physical correlation data for (4,5)
2026-06-16 15:10:35,604 [INFO] Collecting physical correlation data for (4,6)
2026-06-16 15:10:35,608 [INFO] Collecting physical correlation data for (5,6)
2026-06-16 15:10:35,612 [INFO] Collecting virtual correlation data for (H3,H3)
2026-06-16 15:10:35,615 [INFO] Collecting virtual correlation data for (H3,H4)
2026-06-16 15:10:35,618 [INFO] Collecting virtual correlation data for (H3,H5)
2026-06-16 15:10:35,622 [INFO] Collecting virtual correlation data for (H4,H4)
2026-06-16 15:10:35,624 [INFO] Collecting virtual correlation data for (H4,H5)
2026-06-16 15:10:35,627 [INFO] Collecting virtual correlation data for (H5,H5)
2026-06-16 15:10:35,915 [INFO] Starting writing data to file.
2026-06-16 15:10:36,017 [INFO] Saved data.
2026-06-16 15:10:36,155 [INFO] Merging 1 chunks into running total...
2026-06-16 15:10:36,393 [INFO] ============================================================
2026-06-16 15:10:36,394 [INFO] STATUS REPORT | Duration: 6.00 min (0.100 h)
2026-06-16 15:10:36,395 [INFO] ============================================================
2026-06-16 15:10:36,396 [INFO] COUNTRATES (Physical):
2026-06-16 15:10:36,397 [INFO]   Ch 1: 1134.1 kHz (total: 408,269,553)
2026-06-16 15:10:36,398 [INFO]   Ch 2: 1553.5 kHz (total: 559,271,128)
2026-06-16 15:10:36,398 [INFO]   Ch 3: 2.3 kHz (total: 838,054)
2026-06-16 15:10:36,400 [INFO]   Ch 4: 3.0 kHz (total: 1,093,592)
2026-06-16 15:10:36,400 [INFO]   Ch 5: 709.6 kHz (total: 255,455,592)
2026-06-16 15:10:36,401 [INFO]   Ch 6: 232.9 kHz (total: 83,843,093)
2026-06-16 15:10:36,402 [INFO] COUNTRATES (Virtual):
2026-06-16 15:10:36,403 [INFO]   H3: 2687.6 kHz (total: 967,540,681)
2026-06-16 15:10:36,403 [INFO]   H4: 5.4 kHz (total: 1,931,646)
2026-06-16 15:10:36,404 [INFO]   H5: 942.5 kHz (total: 339,298,685)
2026-06-16 15:10:36,405 [INFO] ------------------------------------------------------------
2026-06-16 15:10:36,405 [INFO] COINCIDENCES (threshold: 50000)
2026-06-16 15:10:36,406 [INFO] ------------------------------------------------------------
2026-06-16 15:10:36,407 [INFO] Twofold (physical) (Reached Threshold):
2026-06-16 15:10:36,408 [INFO]   (1,2): 34,669,660 Y
2026-06-16 15:10:36,408 [INFO]   (1,3): 48,075 X
2026-06-16 15:10:36,409 [INFO]   (1,4): 62,498 Y
2026-06-16 15:10:36,410 [INFO]   (1,5): 15,777,080 Y
2026-06-16 15:10:36,410 [INFO]   (1,6): 5,165,836 Y
2026-06-16 15:10:36,411 [INFO]   (2,3): 65,431 Y
2026-06-16 15:10:36,412 [INFO]   (2,4): 85,262 Y
2026-06-16 15:10:36,413 [INFO]   (2,5): 21,571,483 Y
2026-06-16 15:10:36,413 [INFO]   (2,6): 7,060,114 Y
2026-06-16 15:10:36,414 [INFO]   (3,4): 135 X
2026-06-16 15:10:36,415 [INFO]   (3,5): 30,187 X
2026-06-16 15:10:36,416 [INFO]   (3,6): 9,841 X
2026-06-16 15:10:36,417 [INFO]   (4,5): 38,770 X
2026-06-16 15:10:36,417 [INFO]   (4,6): 12,722 X
2026-06-16 15:10:36,418 [INFO]   (5,6): 3,323,563 Y
2026-06-16 15:10:36,419 [INFO] ============================================================
2026-06-16 15:10:36,419 [INFO] >>> 6 combination(s) below threshold <<<
2026-06-16 15:10:36,420 [INFO] ============================================================
2026-06-16 15:10:36,502 [INFO] Updated merged data: C:\Users\QUANTUM\OneDrive - ENSTA\!Working files\HBT\HBT Data\Tests_Jun\2026-06-16_14-53-49_g2_heralded_virtual\MERGED\14-53-49_2026-06-16_81.998mW_num0_MERGED.pkl
2026-06-16 15:10:36,544 [INFO] Found 0 connected Time Tagger(s)
2026-06-16 15:10:38,154 [INFO] t:   1 s, Board temperature: 41.3 °C, FPGA temperature: 57.6 °C
2026-06-16 15:10:39,709 [INFO] t:   2 s, Board temperature: 41.2 °C, FPGA temperature: 57.6 °C
2026-06-16 15:10:41,286 [INFO] t:   3 s, Board temperature: 41.2 °C, FPGA temperature: 57.5 °C
2026-06-16 15:10:42,845 [INFO] t:   4 s, Board temperature: 41.2 °C, FPGA temperature: 57.6 °C
2026-06-16 15:10:44,406 [INFO] t:   5 s, Board temperature: 41.2 °C, FPGA temperature: 57.6 °C
2026-06-16 15:10:44,406 [INFO] The Time Tagger is warmed up.
2026-06-16 15:10:44,407 [INFO] Time Tagger initialized.
2026-06-16 15:10:44,408 [INFO] Chunk 3/3 | Elapsed: 9.0 min
2026-06-16 15:10:44,409 [INFO] Initializing experiment on Time Tagger.
2026-06-16 15:10:44,410 [INFO] Deadtime for channel 1: 0 ps
2026-06-16 15:10:44,411 [INFO] Deadtime for channel 2: 0 ps
2026-06-16 15:10:44,411 [INFO] Deadtime for channel 3: 0 ps
2026-06-16 15:10:44,412 [INFO] Deadtime for channel 4: 0 ps
2026-06-16 15:10:44,413 [INFO] Deadtime for channel 5: 0 ps
2026-06-16 15:10:44,415 [INFO] Deadtime for channel 6: 0 ps
2026-06-16 15:10:44,415 [INFO] Delays on channels enabled.
2026-06-16 15:10:44,416 [INFO] Delay for channel 1: requested=0 ps, actual=0 ps
2026-06-16 15:10:44,417 [INFO] Delay for channel 2: requested=-1000 ps, actual=-1000 ps
2026-06-16 15:10:44,418 [INFO] Delay for channel 3: requested=20000 ps, actual=20000 ps
2026-06-16 15:10:44,418 [INFO] Delay for channel 4: requested=16500 ps, actual=16500 ps
2026-06-16 15:10:44,419 [INFO] Delay for channel 5: requested=17800 ps, actual=17800 ps
2026-06-16 15:10:44,426 [INFO] Delay for channel 6: requested=17300 ps, actual=17300 ps
2026-06-16 15:10:44,426 [INFO] Executing synchronized correlation measurement.
2026-06-16 15:10:44,427 [INFO] Delays on channels enabled.
2026-06-16 15:10:44,428 [INFO] Delay for channel 1: requested=0 ps, actual=0 ps.
2026-06-16 15:10:44,429 [INFO] Delay for channel 2: requested=-1000 ps, actual=-1000 ps.
2026-06-16 15:10:44,430 [INFO] Delay for channel 3: requested=20000 ps, actual=20000 ps.
2026-06-16 15:10:44,431 [INFO] Delay for channel 4: requested=16500 ps, actual=16500 ps.
2026-06-16 15:10:44,432 [INFO] Delay for channel 5: requested=17800 ps, actual=17800 ps.
2026-06-16 15:10:44,432 [INFO] Delay for channel 6: requested=17300 ps, actual=17300 ps.
2026-06-16 15:10:44,433 [INFO] Initializing measurement with virtual mode channels for ALL heralding permutations.
2026-06-16 15:10:44,434 [INFO] Automatically generated modes from input: {'H3': [1, 2], 'H4': [3, 4], 'H5': [5, 6]}
2026-06-16 15:10:44,435 [INFO] Setting up virtual channels...
2026-06-16 15:10:44,436 [INFO] Initializing physical channel correlation histograms...
2026-06-16 15:10:44,437 [INFO]   Physical correlation: ch1 <-> ch2
2026-06-16 15:10:44,438 [INFO]   Physical correlation: ch1 <-> ch3
2026-06-16 15:10:44,439 [INFO]   Physical correlation: ch1 <-> ch4
2026-06-16 15:10:44,440 [INFO]   Physical correlation: ch1 <-> ch5
2026-06-16 15:10:44,441 [INFO]   Physical correlation: ch1 <-> ch6
2026-06-16 15:10:44,442 [INFO]   Physical correlation: ch2 <-> ch3
2026-06-16 15:10:44,442 [INFO]   Physical correlation: ch2 <-> ch4
2026-06-16 15:10:44,443 [INFO]   Physical correlation: ch2 <-> ch5
2026-06-16 15:10:44,444 [INFO]   Physical correlation: ch2 <-> ch6
2026-06-16 15:10:44,445 [INFO]   Physical correlation: ch3 <-> ch4
2026-06-16 15:10:44,446 [INFO]   Physical correlation: ch3 <-> ch5
2026-06-16 15:10:44,447 [INFO]   Physical correlation: ch3 <-> ch6
2026-06-16 15:10:44,448 [INFO]   Physical correlation: ch4 <-> ch5
2026-06-16 15:10:44,449 [INFO]   Physical correlation: ch4 <-> ch6
2026-06-16 15:10:44,449 [INFO]   Physical correlation: ch5 <-> ch6
2026-06-16 15:10:44,450 [INFO] Initializing virtual mode correlation histograms...
2026-06-16 15:10:44,451 [INFO]   Within-mode (H3): ch1 <-> ch2
2026-06-16 15:10:44,452 [INFO]   Cross-mode: H3 <-> H4
2026-06-16 15:10:44,453 [INFO]   Cross-mode: H3 <-> H5
2026-06-16 15:10:44,453 [INFO]   Within-mode (H4): ch3 <-> ch4
2026-06-16 15:10:44,454 [INFO]   Cross-mode: H4 <-> H5
2026-06-16 15:10:44,455 [INFO]   Within-mode (H5): ch5 <-> ch6
2026-06-16 15:10:44,457 [INFO] Measurement starting for 3.000min / 0.050h
2026-06-16 15:13:47,853 [INFO] Measurements finished.
2026-06-16 15:13:47,854 [INFO] Collecting measurement data...
2026-06-16 15:13:47,855 [INFO] Collecting physical correlation data for (1,2)
2026-06-16 15:13:47,858 [INFO] Collecting physical correlation data for (1,3)
2026-06-16 15:13:47,860 [INFO] Collecting physical correlation data for (1,4)
2026-06-16 15:13:47,863 [INFO] Collecting physical correlation data for (1,5)
2026-06-16 15:13:47,866 [INFO] Collecting physical correlation data for (1,6)
2026-06-16 15:13:47,868 [INFO] Collecting physical correlation data for (2,3)
2026-06-16 15:13:47,871 [INFO] Collecting physical correlation data for (2,4)
2026-06-16 15:13:47,874 [INFO] Collecting physical correlation data for (2,5)
2026-06-16 15:13:47,878 [INFO] Collecting physical correlation data for (2,6)
2026-06-16 15:13:47,881 [INFO] Collecting physical correlation data for (3,4)
2026-06-16 15:13:47,883 [INFO] Collecting physical correlation data for (3,5)
2026-06-16 15:13:47,886 [INFO] Collecting physical correlation data for (3,6)
2026-06-16 15:13:47,890 [INFO] Collecting physical correlation data for (4,5)
2026-06-16 15:13:47,892 [INFO] Collecting physical correlation data for (4,6)
2026-06-16 15:13:47,895 [INFO] Collecting physical correlation data for (5,6)
2026-06-16 15:13:47,898 [INFO] Collecting virtual correlation data for (H3,H3)
2026-06-16 15:13:47,901 [INFO] Collecting virtual correlation data for (H3,H4)
2026-06-16 15:13:47,904 [INFO] Collecting virtual correlation data for (H3,H5)
2026-06-16 15:13:47,908 [INFO] Collecting virtual correlation data for (H4,H4)
2026-06-16 15:13:47,910 [INFO] Collecting virtual correlation data for (H4,H5)
2026-06-16 15:13:47,913 [INFO] Collecting virtual correlation data for (H5,H5)
2026-06-16 15:13:48,171 [INFO] Starting writing data to file.
2026-06-16 15:13:48,280 [INFO] Saved data.
2026-06-16 15:13:48,447 [INFO] Merging 1 chunks into running total...
2026-06-16 15:13:48,644 [INFO] ============================================================
2026-06-16 15:13:48,645 [INFO] STATUS REPORT | Duration: 9.00 min (0.150 h)
2026-06-16 15:13:48,646 [INFO] ============================================================
2026-06-16 15:13:48,647 [INFO] COUNTRATES (Physical):
2026-06-16 15:13:48,648 [INFO]   Ch 1: 1133.5 kHz (total: 612,082,320)
2026-06-16 15:13:48,649 [INFO]   Ch 2: 1553.2 kHz (total: 838,702,881)
2026-06-16 15:13:48,649 [INFO]   Ch 3: 2.3 kHz (total: 1,256,753)
2026-06-16 15:13:48,650 [INFO]   Ch 4: 3.0 kHz (total: 1,640,980)
2026-06-16 15:13:48,651 [INFO]   Ch 5: 708.7 kHz (total: 382,694,112)
2026-06-16 15:13:48,652 [INFO]   Ch 6: 232.5 kHz (total: 125,542,061)
2026-06-16 15:13:48,653 [INFO] COUNTRATES (Virtual):
2026-06-16 15:13:48,654 [INFO]   H3: 2686.6 kHz (total: 1,450,785,201)
2026-06-16 15:13:48,654 [INFO]   H4: 5.4 kHz (total: 2,897,733)
2026-06-16 15:13:48,655 [INFO]   H5: 941.2 kHz (total: 508,236,173)
2026-06-16 15:13:48,656 [INFO] ------------------------------------------------------------
2026-06-16 15:13:48,656 [INFO] COINCIDENCES (threshold: 50000)
2026-06-16 15:13:48,657 [INFO] ------------------------------------------------------------
2026-06-16 15:13:48,657 [INFO] Twofold (physical) (Reached Threshold):
2026-06-16 15:13:48,658 [INFO]   (1,2): 51,982,641 Y
2026-06-16 15:13:48,659 [INFO]   (1,3): 72,087 Y
2026-06-16 15:13:48,660 [INFO]   (1,4): 93,599 Y
2026-06-16 15:13:48,660 [INFO]   (1,5): 23,627,739 Y
2026-06-16 15:13:48,661 [INFO]   (1,6): 7,732,446 Y
2026-06-16 15:13:48,661 [INFO]   (2,3): 98,015 Y
2026-06-16 15:13:48,662 [INFO]   (2,4): 127,820 Y
2026-06-16 15:13:48,663 [INFO]   (2,5): 32,311,265 Y
2026-06-16 15:13:48,663 [INFO]   (2,6): 10,570,152 Y
2026-06-16 15:13:48,664 [INFO]   (3,4): 208 X
2026-06-16 15:13:48,665 [INFO]   (3,5): 45,333 X
2026-06-16 15:13:48,665 [INFO]   (3,6): 14,674 X
2026-06-16 15:13:48,666 [INFO]   (4,5): 58,173 Y
2026-06-16 15:13:48,666 [INFO]   (4,6): 19,002 X
2026-06-16 15:13:48,667 [INFO]   (5,6): 4,969,703 Y
2026-06-16 15:13:48,667 [INFO] ============================================================
2026-06-16 15:13:48,668 [INFO] >>> 4 combination(s) below threshold <<<
2026-06-16 15:13:48,669 [INFO] ============================================================
2026-06-16 15:13:48,756 [INFO] Updated merged data: C:\Users\QUANTUM\OneDrive - ENSTA\!Working files\HBT\HBT Data\Tests_Jun\2026-06-16_14-53-49_g2_heralded_virtual\MERGED\14-53-49_2026-06-16_81.998mW_num0_MERGED.pkl
2026-06-16 15:13:48,844 [INFO] Final merged data saved to: C:\Users\QUANTUM\OneDrive - ENSTA\!Working files\HBT\HBT Data\Tests_Jun\2026-06-16_14-53-49_g2_heralded_virtual\MERGED\14-53-49_2026-06-16_81.998mW_num0_MERGED.pkl
2026-06-16 15:13:48,845 [INFO] Total merged duration: 9.00 min
2026-06-16 15:13:48,846 [INFO] Measurement completed in 9.63 min
2026-06-16 15:13:51,068 [INFO] Stage Position: 20.0
2026-06-16 15:13:51,068 [INFO] Starting chunked acquisition (max 3 chunks / 9.0 min)
2026-06-16 15:13:51,070 [INFO] Chunk duration: 3 min
2026-06-16 15:13:51,070 [INFO] Threshold: 50000 counts, checking every 1 chunks
2026-06-16 15:13:51,133 [INFO] Found 0 connected Time Tagger(s)
2026-06-16 15:13:52,729 [INFO] t:   1 s, Board temperature: 41.2 °C, FPGA temperature: 57.5 °C
2026-06-16 15:13:54,304 [INFO] t:   2 s, Board temperature: 41.2 °C, FPGA temperature: 57.6 °C
2026-06-16 15:13:55,869 [INFO] t:   3 s, Board temperature: 41.2 °C, FPGA temperature: 57.6 °C
2026-06-16 15:13:57,430 [INFO] t:   4 s, Board temperature: 41.3 °C, FPGA temperature: 57.6 °C
2026-06-16 15:13:58,995 [INFO] t:   5 s, Board temperature: 41.3 °C, FPGA temperature: 57.5 °C
2026-06-16 15:13:58,996 [INFO] The Time Tagger is warmed up.
2026-06-16 15:13:58,996 [INFO] Time Tagger initialized.
2026-06-16 15:13:58,998 [INFO] Chunk 1/3 | Elapsed: 3.0 min
2026-06-16 15:13:58,999 [INFO] Initializing experiment on Time Tagger.
2026-06-16 15:13:59,000 [INFO] Deadtime for channel 1: 0 ps
2026-06-16 15:13:59,000 [INFO] Deadtime for channel 2: 0 ps
2026-06-16 15:13:59,001 [INFO] Deadtime for channel 3: 0 ps
2026-06-16 15:13:59,002 [INFO] Deadtime for channel 4: 0 ps
2026-06-16 15:13:59,002 [INFO] Deadtime for channel 5: 0 ps
2026-06-16 15:13:59,003 [INFO] Deadtime for channel 6: 0 ps
2026-06-16 15:13:59,004 [INFO] Delays on channels enabled.
2026-06-16 15:13:59,005 [INFO] Delay for channel 1: requested=0 ps, actual=0 ps
2026-06-16 15:13:59,005 [INFO] Delay for channel 2: requested=-1000 ps, actual=-1000 ps
2026-06-16 15:13:59,006 [INFO] Delay for channel 3: requested=20000 ps, actual=20000 ps
2026-06-16 15:13:59,006 [INFO] Delay for channel 4: requested=16500 ps, actual=16500 ps
2026-06-16 15:13:59,007 [INFO] Delay for channel 5: requested=17800 ps, actual=17800 ps
2026-06-16 15:13:59,008 [INFO] Delay for channel 6: requested=17300 ps, actual=17300 ps
2026-06-16 15:13:59,008 [INFO] Executing synchronized correlation measurement.
2026-06-16 15:13:59,009 [INFO] Delays on channels enabled.
2026-06-16 15:13:59,010 [INFO] Delay for channel 1: requested=0 ps, actual=0 ps.
2026-06-16 15:13:59,011 [INFO] Delay for channel 2: requested=-1000 ps, actual=-1000 ps.
2026-06-16 15:13:59,011 [INFO] Delay for channel 3: requested=20000 ps, actual=20000 ps.
2026-06-16 15:13:59,012 [INFO] Delay for channel 4: requested=16500 ps, actual=16500 ps.
2026-06-16 15:13:59,012 [INFO] Delay for channel 5: requested=17800 ps, actual=17800 ps.
2026-06-16 15:13:59,013 [INFO] Delay for channel 6: requested=17300 ps, actual=17300 ps.
2026-06-16 15:13:59,014 [INFO] Initializing measurement with virtual mode channels for ALL heralding permutations.
2026-06-16 15:13:59,015 [INFO] Automatically generated modes from input: {'H3': [1, 2], 'H4': [3, 4], 'H5': [5, 6]}
2026-06-16 15:13:59,015 [INFO] Setting up virtual channels...
2026-06-16 15:13:59,016 [INFO] Initializing physical channel correlation histograms...
2026-06-16 15:13:59,017 [INFO]   Physical correlation: ch1 <-> ch2
2026-06-16 15:13:59,018 [INFO]   Physical correlation: ch1 <-> ch3
2026-06-16 15:13:59,018 [INFO]   Physical correlation: ch1 <-> ch4
2026-06-16 15:13:59,019 [INFO]   Physical correlation: ch1 <-> ch5
2026-06-16 15:13:59,020 [INFO]   Physical correlation: ch1 <-> ch6
2026-06-16 15:13:59,021 [INFO]   Physical correlation: ch2 <-> ch3
2026-06-16 15:13:59,021 [INFO]   Physical correlation: ch2 <-> ch4
2026-06-16 15:13:59,022 [INFO]   Physical correlation: ch2 <-> ch5
2026-06-16 15:13:59,022 [INFO]   Physical correlation: ch2 <-> ch6
2026-06-16 15:13:59,023 [INFO]   Physical correlation: ch3 <-> ch4
2026-06-16 15:13:59,024 [INFO]   Physical correlation: ch3 <-> ch5
2026-06-16 15:13:59,024 [INFO]   Physical correlation: ch3 <-> ch6
2026-06-16 15:13:59,025 [INFO]   Physical correlation: ch4 <-> ch5
2026-06-16 15:13:59,026 [INFO]   Physical correlation: ch4 <-> ch6
2026-06-16 15:13:59,027 [INFO]   Physical correlation: ch5 <-> ch6
2026-06-16 15:13:59,028 [INFO] Initializing virtual mode correlation histograms...
2026-06-16 15:13:59,028 [INFO]   Within-mode (H3): ch1 <-> ch2
2026-06-16 15:13:59,029 [INFO]   Cross-mode: H3 <-> H4
2026-06-16 15:13:59,030 [INFO]   Cross-mode: H3 <-> H5
2026-06-16 15:13:59,031 [INFO]   Within-mode (H4): ch3 <-> ch4
2026-06-16 15:13:59,031 [INFO]   Cross-mode: H4 <-> H5
2026-06-16 15:13:59,032 [INFO]   Within-mode (H5): ch5 <-> ch6
2026-06-16 15:13:59,034 [INFO] Measurement starting for 3.000min / 0.050h
2026-06-16 15:16:59,168 [INFO] Measurements finished.
2026-06-16 15:16:59,169 [INFO] Collecting measurement data...
2026-06-16 15:16:59,170 [INFO] Collecting physical correlation data for (1,2)
2026-06-16 15:16:59,172 [INFO] Collecting physical correlation data for (1,3)
2026-06-16 15:16:59,174 [INFO] Collecting physical correlation data for (1,4)
2026-06-16 15:16:59,176 [INFO] Collecting physical correlation data for (1,5)
2026-06-16 15:16:59,178 [INFO] Collecting physical correlation data for (1,6)
2026-06-16 15:16:59,180 [INFO] Collecting physical correlation data for (2,3)
2026-06-16 15:16:59,183 [INFO] Collecting physical correlation data for (2,4)
2026-06-16 15:16:59,185 [INFO] Collecting physical correlation data for (2,5)
2026-06-16 15:16:59,187 [INFO] Collecting physical correlation data for (2,6)
2026-06-16 15:16:59,189 [INFO] Collecting physical correlation data for (3,4)
2026-06-16 15:16:59,191 [INFO] Collecting physical correlation data for (3,5)
2026-06-16 15:16:59,192 [INFO] Collecting physical correlation data for (3,6)
2026-06-16 15:16:59,194 [INFO] Collecting physical correlation data for (4,5)
2026-06-16 15:16:59,196 [INFO] Collecting physical correlation data for (4,6)
2026-06-16 15:16:59,198 [INFO] Collecting physical correlation data for (5,6)
2026-06-16 15:16:59,200 [INFO] Collecting virtual correlation data for (H3,H3)
2026-06-16 15:16:59,203 [INFO] Collecting virtual correlation data for (H3,H4)
2026-06-16 15:16:59,205 [INFO] Collecting virtual correlation data for (H3,H5)
2026-06-16 15:16:59,207 [INFO] Collecting virtual correlation data for (H4,H4)
2026-06-16 15:16:59,209 [INFO] Collecting virtual correlation data for (H4,H5)
2026-06-16 15:16:59,211 [INFO] Collecting virtual correlation data for (H5,H5)
2026-06-16 15:16:59,233 [INFO] Starting writing data to file.
2026-06-16 15:16:59,321 [INFO] Saved data.
2026-06-16 15:16:59,441 [INFO] Merging 1 chunks into running total...
2026-06-16 15:16:59,441 [INFO] ============================================================
2026-06-16 15:16:59,442 [INFO] STATUS REPORT | Duration: 3.00 min (0.050 h)
2026-06-16 15:16:59,443 [INFO] ============================================================
2026-06-16 15:16:59,444 [INFO] COUNTRATES (Physical):
2026-06-16 15:16:59,445 [INFO]   Ch 1: 415.8 kHz (total: 74,848,027)
2026-06-16 15:16:59,446 [INFO]   Ch 2: 622.2 kHz (total: 111,997,353)
2026-06-16 15:16:59,447 [INFO]   Ch 3: 2.2 kHz (total: 399,315)
2026-06-16 15:16:59,447 [INFO]   Ch 4: 2.9 kHz (total: 530,570)
2026-06-16 15:16:59,448 [INFO]   Ch 5: 301.5 kHz (total: 54,277,429)
2026-06-16 15:16:59,449 [INFO]   Ch 6: 111.0 kHz (total: 19,988,402)
2026-06-16 15:16:59,449 [INFO] COUNTRATES (Virtual):
2026-06-16 15:16:59,449 [INFO]   H3: 1038.0 kHz (total: 186,845,380)
2026-06-16 15:16:59,450 [INFO]   H4: 5.2 kHz (total: 929,885)
2026-06-16 15:16:59,451 [INFO]   H5: 412.6 kHz (total: 74,265,831)
2026-06-16 15:16:59,452 [INFO] ------------------------------------------------------------
2026-06-16 15:16:59,453 [INFO] COINCIDENCES (threshold: 50000)
2026-06-16 15:16:59,454 [INFO] ------------------------------------------------------------
2026-06-16 15:16:59,455 [INFO] Twofold (physical) (Reached Threshold):
2026-06-16 15:16:59,456 [INFO]   (1,2): 2,586,066 Y
2026-06-16 15:16:59,457 [INFO]   (1,3): 8,295 X
2026-06-16 15:16:59,458 [INFO]   (1,4): 10,944 X
2026-06-16 15:16:59,459 [INFO]   (1,5): 1,263,125 Y
2026-06-16 15:16:59,459 [INFO]   (1,6): 464,916 Y
2026-06-16 15:16:59,460 [INFO]   (2,3): 12,259 X
2026-06-16 15:16:59,461 [INFO]   (2,4): 16,470 X
2026-06-16 15:16:59,463 [INFO]   (2,5): 1,878,668 Y
2026-06-16 15:16:59,464 [INFO]   (2,6): 692,380 Y
2026-06-16 15:16:59,464 [INFO]   (3,4): 48 X
2026-06-16 15:16:59,465 [INFO]   (3,5): 6,241 X
2026-06-16 15:16:59,466 [INFO]   (3,6): 2,162 X
2026-06-16 15:16:59,467 [INFO]   (4,5): 7,831 X
2026-06-16 15:16:59,468 [INFO]   (4,6): 2,992 X
2026-06-16 15:16:59,469 [INFO]   (5,6): 342,881 Y
2026-06-16 15:16:59,470 [INFO] ============================================================
2026-06-16 15:16:59,471 [INFO] >>> 9 combination(s) below threshold <<<
2026-06-16 15:16:59,472 [INFO] ============================================================
2026-06-16 15:16:59,554 [INFO] Updated merged data: C:\Users\QUANTUM\OneDrive - ENSTA\!Working files\HBT\HBT Data\Tests_Jun\2026-06-16_14-53-49_g2_heralded_virtual\MERGED\14-53-49_2026-06-16_53.281mW_num0_MERGED.pkl
2026-06-16 15:16:59,595 [INFO] Found 0 connected Time Tagger(s)
2026-06-16 15:17:01,205 [INFO] t:   1 s, Board temperature: 41.4 °C, FPGA temperature: 57.4 °C
2026-06-16 15:17:02,772 [INFO] t:   2 s, Board temperature: 41.2 °C, FPGA temperature: 57.5 °C
2026-06-16 15:17:04,346 [INFO] t:   3 s, Board temperature: 41.4 °C, FPGA temperature: 57.6 °C
2026-06-16 15:17:05,908 [INFO] t:   4 s, Board temperature: 41.4 °C, FPGA temperature: 57.5 °C
2026-06-16 15:17:07,471 [INFO] t:   5 s, Board temperature: 41.4 °C, FPGA temperature: 57.5 °C
2026-06-16 15:17:07,472 [INFO] The Time Tagger is warmed up.
2026-06-16 15:17:07,473 [INFO] Time Tagger initialized.
2026-06-16 15:17:07,474 [INFO] Chunk 2/3 | Elapsed: 6.0 min
2026-06-16 15:17:07,474 [INFO] Initializing experiment on Time Tagger.
2026-06-16 15:17:07,475 [INFO] Deadtime for channel 1: 0 ps
2026-06-16 15:17:07,476 [INFO] Deadtime for channel 2: 0 ps
2026-06-16 15:17:07,477 [INFO] Deadtime for channel 3: 0 ps
2026-06-16 15:17:07,478 [INFO] Deadtime for channel 4: 0 ps
2026-06-16 15:17:07,478 [INFO] Deadtime for channel 5: 0 ps
2026-06-16 15:17:07,478 [INFO] Deadtime for channel 6: 0 ps
2026-06-16 15:17:07,479 [INFO] Delays on channels enabled.
2026-06-16 15:17:07,480 [INFO] Delay for channel 1: requested=0 ps, actual=0 ps
2026-06-16 15:17:07,480 [INFO] Delay for channel 2: requested=-1000 ps, actual=-1000 ps
2026-06-16 15:17:07,481 [INFO] Delay for channel 3: requested=20000 ps, actual=20000 ps
2026-06-16 15:17:07,482 [INFO] Delay for channel 4: requested=16500 ps, actual=16500 ps
2026-06-16 15:17:07,482 [INFO] Delay for channel 5: requested=17800 ps, actual=17800 ps
2026-06-16 15:17:07,483 [INFO] Delay for channel 6: requested=17300 ps, actual=17300 ps
2026-06-16 15:17:07,483 [INFO] Executing synchronized correlation measurement.
2026-06-16 15:17:07,484 [INFO] Delays on channels enabled.
2026-06-16 15:17:07,485 [INFO] Delay for channel 1: requested=0 ps, actual=0 ps.
2026-06-16 15:17:07,485 [INFO] Delay for channel 2: requested=-1000 ps, actual=-1000 ps.
2026-06-16 15:17:07,486 [INFO] Delay for channel 3: requested=20000 ps, actual=20000 ps.
2026-06-16 15:17:07,486 [INFO] Delay for channel 4: requested=16500 ps, actual=16500 ps.
2026-06-16 15:17:07,487 [INFO] Delay for channel 5: requested=17800 ps, actual=17800 ps.
2026-06-16 15:17:07,488 [INFO] Delay for channel 6: requested=17300 ps, actual=17300 ps.
2026-06-16 15:17:07,488 [INFO] Initializing measurement with virtual mode channels for ALL heralding permutations.
2026-06-16 15:17:07,489 [INFO] Automatically generated modes from input: {'H3': [1, 2], 'H4': [3, 4], 'H5': [5, 6]}
2026-06-16 15:17:07,490 [INFO] Setting up virtual channels...
2026-06-16 15:17:07,491 [INFO] Initializing physical channel correlation histograms...
2026-06-16 15:17:07,491 [INFO]   Physical correlation: ch1 <-> ch2
2026-06-16 15:17:07,492 [INFO]   Physical correlation: ch1 <-> ch3
2026-06-16 15:17:07,493 [INFO]   Physical correlation: ch1 <-> ch4
2026-06-16 15:17:07,493 [INFO]   Physical correlation: ch1 <-> ch5
2026-06-16 15:17:07,494 [INFO]   Physical correlation: ch1 <-> ch6
2026-06-16 15:17:07,495 [INFO]   Physical correlation: ch2 <-> ch3
2026-06-16 15:17:07,495 [INFO]   Physical correlation: ch2 <-> ch4
2026-06-16 15:17:07,496 [INFO]   Physical correlation: ch2 <-> ch5
2026-06-16 15:17:07,497 [INFO]   Physical correlation: ch2 <-> ch6
2026-06-16 15:17:07,498 [INFO]   Physical correlation: ch3 <-> ch4
2026-06-16 15:17:07,498 [INFO]   Physical correlation: ch3 <-> ch5
2026-06-16 15:17:07,499 [INFO]   Physical correlation: ch3 <-> ch6
2026-06-16 15:17:07,500 [INFO]   Physical correlation: ch4 <-> ch5
2026-06-16 15:17:07,500 [INFO]   Physical correlation: ch4 <-> ch6
2026-06-16 15:17:07,501 [INFO]   Physical correlation: ch5 <-> ch6
2026-06-16 15:17:07,502 [INFO] Initializing virtual mode correlation histograms...
2026-06-16 15:17:07,502 [INFO]   Within-mode (H3): ch1 <-> ch2
2026-06-16 15:17:07,503 [INFO]   Cross-mode: H3 <-> H4
2026-06-16 15:17:07,504 [INFO]   Cross-mode: H3 <-> H5
2026-06-16 15:17:07,504 [INFO]   Within-mode (H4): ch3 <-> ch4
2026-06-16 15:17:07,505 [INFO]   Cross-mode: H4 <-> H5
2026-06-16 15:17:07,506 [INFO]   Within-mode (H5): ch5 <-> ch6
2026-06-16 15:17:07,508 [INFO] Measurement starting for 3.000min / 0.050h
2026-06-16 15:20:07,645 [INFO] Measurements finished.
2026-06-16 15:20:07,646 [INFO] Collecting measurement data...
2026-06-16 15:20:07,646 [INFO] Collecting physical correlation data for (1,2)
2026-06-16 15:20:07,649 [INFO] Collecting physical correlation data for (1,3)
2026-06-16 15:20:07,651 [INFO] Collecting physical correlation data for (1,4)
2026-06-16 15:20:07,653 [INFO] Collecting physical correlation data for (1,5)
2026-06-16 15:20:07,655 [INFO] Collecting physical correlation data for (1,6)
2026-06-16 15:20:07,657 [INFO] Collecting physical correlation data for (2,3)
2026-06-16 15:20:07,659 [INFO] Collecting physical correlation data for (2,4)
2026-06-16 15:20:07,661 [INFO] Collecting physical correlation data for (2,5)
2026-06-16 15:20:07,663 [INFO] Collecting physical correlation data for (2,6)
2026-06-16 15:20:07,665 [INFO] Collecting physical correlation data for (3,4)
2026-06-16 15:20:07,667 [INFO] Collecting physical correlation data for (3,5)
2026-06-16 15:20:07,670 [INFO] Collecting physical correlation data for (3,6)
2026-06-16 15:20:07,672 [INFO] Collecting physical correlation data for (4,5)
2026-06-16 15:20:07,675 [INFO] Collecting physical correlation data for (4,6)
2026-06-16 15:20:07,677 [INFO] Collecting physical correlation data for (5,6)
2026-06-16 15:20:07,679 [INFO] Collecting virtual correlation data for (H3,H3)
2026-06-16 15:20:07,682 [INFO] Collecting virtual correlation data for (H3,H4)
2026-06-16 15:20:07,684 [INFO] Collecting virtual correlation data for (H3,H5)
2026-06-16 15:20:07,686 [INFO] Collecting virtual correlation data for (H4,H4)
2026-06-16 15:20:07,688 [INFO] Collecting virtual correlation data for (H4,H5)
2026-06-16 15:20:07,690 [INFO] Collecting virtual correlation data for (H5,H5)
2026-06-16 15:20:07,714 [INFO] Starting writing data to file.
2026-06-16 15:20:07,795 [INFO] Saved data.
2026-06-16 15:20:07,895 [INFO] Merging 1 chunks into running total...
2026-06-16 15:20:08,061 [INFO] ============================================================
2026-06-16 15:20:08,062 [INFO] STATUS REPORT | Duration: 6.00 min (0.100 h)
2026-06-16 15:20:08,062 [INFO] ============================================================
2026-06-16 15:20:08,063 [INFO] COUNTRATES (Physical):
2026-06-16 15:20:08,064 [INFO]   Ch 1: 415.5 kHz (total: 149,572,259)
2026-06-16 15:20:08,065 [INFO]   Ch 2: 621.7 kHz (total: 223,804,393)
2026-06-16 15:20:08,066 [INFO]   Ch 3: 2.2 kHz (total: 798,740)
2026-06-16 15:20:08,066 [INFO]   Ch 4: 2.9 kHz (total: 1,061,575)
2026-06-16 15:20:08,067 [INFO]   Ch 5: 301.2 kHz (total: 108,424,219)
2026-06-16 15:20:08,067 [INFO]   Ch 6: 110.9 kHz (total: 39,924,708)
2026-06-16 15:20:08,068 [INFO] COUNTRATES (Virtual):
2026-06-16 15:20:08,068 [INFO]   H3: 1037.2 kHz (total: 373,376,652)
2026-06-16 15:20:08,069 [INFO]   H4: 5.2 kHz (total: 1,860,315)
2026-06-16 15:20:08,069 [INFO]   H5: 412.1 kHz (total: 148,348,927)
2026-06-16 15:20:08,071 [INFO] ------------------------------------------------------------
2026-06-16 15:20:08,071 [INFO] COINCIDENCES (threshold: 50000)
2026-06-16 15:20:08,072 [INFO] ------------------------------------------------------------
2026-06-16 15:20:08,072 [INFO] Twofold (physical) (Reached Threshold):
2026-06-16 15:20:08,073 [INFO]   (1,2): 5,166,159 Y
2026-06-16 15:20:08,074 [INFO]   (1,3): 16,660 X
2026-06-16 15:20:08,075 [INFO]   (1,4): 22,116 X
2026-06-16 15:20:08,075 [INFO]   (1,5): 2,521,984 Y
2026-06-16 15:20:08,076 [INFO]   (1,6): 928,283 Y
2026-06-16 15:20:08,076 [INFO]   (2,3): 24,581 X
2026-06-16 15:20:08,077 [INFO]   (2,4): 32,947 X
2026-06-16 15:20:08,078 [INFO]   (2,5): 3,753,486 Y
2026-06-16 15:20:08,078 [INFO]   (2,6): 1,382,511 Y
2026-06-16 15:20:08,079 [INFO]   (3,4): 105 X
2026-06-16 15:20:08,080 [INFO]   (3,5): 12,363 X
2026-06-16 15:20:08,080 [INFO]   (3,6): 4,293 X
2026-06-16 15:20:08,081 [INFO]   (4,5): 15,769 X
2026-06-16 15:20:08,081 [INFO]   (4,6): 5,967 X
2026-06-16 15:20:08,082 [INFO]   (5,6): 683,869 Y
2026-06-16 15:20:08,083 [INFO] ============================================================
2026-06-16 15:20:08,083 [INFO] >>> 9 combination(s) below threshold <<<
2026-06-16 15:20:08,084 [INFO] ============================================================
2026-06-16 15:20:08,169 [INFO] Updated merged data: C:\Users\QUANTUM\OneDrive - ENSTA\!Working files\HBT\HBT Data\Tests_Jun\2026-06-16_14-53-49_g2_heralded_virtual\MERGED\14-53-49_2026-06-16_53.281mW_num0_MERGED.pkl
2026-06-16 15:20:08,219 [INFO] Found 0 connected Time Tagger(s)
2026-06-16 15:20:09,842 [INFO] t:   1 s, Board temperature: 41.2 °C, FPGA temperature: 57.4 °C
2026-06-16 15:20:11,410 [INFO] t:   2 s, Board temperature: 41.2 °C, FPGA temperature: 57.6 °C
2026-06-16 15:20:12,993 [INFO] t:   3 s, Board temperature: 41.2 °C, FPGA temperature: 57.5 °C
2026-06-16 15:20:14,557 [INFO] t:   4 s, Board temperature: 41.4 °C, FPGA temperature: 57.5 °C
2026-06-16 15:20:16,117 [INFO] t:   5 s, Board temperature: 41.2 °C, FPGA temperature: 57.6 °C
2026-06-16 15:20:16,118 [INFO] The Time Tagger is warmed up.
2026-06-16 15:20:16,118 [INFO] Time Tagger initialized.
2026-06-16 15:20:16,120 [INFO] Chunk 3/3 | Elapsed: 9.0 min
2026-06-16 15:20:16,121 [INFO] Initializing experiment on Time Tagger.
2026-06-16 15:20:16,122 [INFO] Deadtime for channel 1: 0 ps
2026-06-16 15:20:16,122 [INFO] Deadtime for channel 2: 0 ps
2026-06-16 15:20:16,123 [INFO] Deadtime for channel 3: 0 ps
2026-06-16 15:20:16,124 [INFO] Deadtime for channel 4: 0 ps
2026-06-16 15:20:16,125 [INFO] Deadtime for channel 5: 0 ps
2026-06-16 15:20:16,125 [INFO] Deadtime for channel 6: 0 ps
2026-06-16 15:20:16,126 [INFO] Delays on channels enabled.
2026-06-16 15:20:16,126 [INFO] Delay for channel 1: requested=0 ps, actual=0 ps
2026-06-16 15:20:16,127 [INFO] Delay for channel 2: requested=-1000 ps, actual=-1000 ps
2026-06-16 15:20:16,128 [INFO] Delay for channel 3: requested=20000 ps, actual=20000 ps
2026-06-16 15:20:16,128 [INFO] Delay for channel 4: requested=16500 ps, actual=16500 ps
2026-06-16 15:20:16,129 [INFO] Delay for channel 5: requested=17800 ps, actual=17800 ps
2026-06-16 15:20:16,129 [INFO] Delay for channel 6: requested=17300 ps, actual=17300 ps
2026-06-16 15:20:16,130 [INFO] Executing synchronized correlation measurement.
2026-06-16 15:20:16,131 [INFO] Delays on channels enabled.
2026-06-16 15:20:16,131 [INFO] Delay for channel 1: requested=0 ps, actual=0 ps.
2026-06-16 15:20:16,132 [INFO] Delay for channel 2: requested=-1000 ps, actual=-1000 ps.
2026-06-16 15:20:16,132 [INFO] Delay for channel 3: requested=20000 ps, actual=20000 ps.
2026-06-16 15:20:16,133 [INFO] Delay for channel 4: requested=16500 ps, actual=16500 ps.
2026-06-16 15:20:16,134 [INFO] Delay for channel 5: requested=17800 ps, actual=17800 ps.
2026-06-16 15:20:16,134 [INFO] Delay for channel 6: requested=17300 ps, actual=17300 ps.
2026-06-16 15:20:16,135 [INFO] Initializing measurement with virtual mode channels for ALL heralding permutations.
2026-06-16 15:20:16,136 [INFO] Automatically generated modes from input: {'H3': [1, 2], 'H4': [3, 4], 'H5': [5, 6]}
2026-06-16 15:20:16,136 [INFO] Setting up virtual channels...
2026-06-16 15:20:16,137 [INFO] Initializing physical channel correlation histograms...
2026-06-16 15:20:16,138 [INFO]   Physical correlation: ch1 <-> ch2
2026-06-16 15:20:16,139 [INFO]   Physical correlation: ch1 <-> ch3
2026-06-16 15:20:16,139 [INFO]   Physical correlation: ch1 <-> ch4
2026-06-16 15:20:16,140 [INFO]   Physical correlation: ch1 <-> ch5
2026-06-16 15:20:16,140 [INFO]   Physical correlation: ch1 <-> ch6
2026-06-16 15:20:16,141 [INFO]   Physical correlation: ch2 <-> ch3
2026-06-16 15:20:16,142 [INFO]   Physical correlation: ch2 <-> ch4
2026-06-16 15:20:16,142 [INFO]   Physical correlation: ch2 <-> ch5
2026-06-16 15:20:16,143 [INFO]   Physical correlation: ch2 <-> ch6
2026-06-16 15:20:16,144 [INFO]   Physical correlation: ch3 <-> ch4
2026-06-16 15:20:16,144 [INFO]   Physical correlation: ch3 <-> ch5
2026-06-16 15:20:16,145 [INFO]   Physical correlation: ch3 <-> ch6
2026-06-16 15:20:16,145 [INFO]   Physical correlation: ch4 <-> ch5
2026-06-16 15:20:16,146 [INFO]   Physical correlation: ch4 <-> ch6
2026-06-16 15:20:16,147 [INFO]   Physical correlation: ch5 <-> ch6
2026-06-16 15:20:16,148 [INFO] Initializing virtual mode correlation histograms...
2026-06-16 15:20:16,148 [INFO]   Within-mode (H3): ch1 <-> ch2
2026-06-16 15:20:16,149 [INFO]   Cross-mode: H3 <-> H4
2026-06-16 15:20:16,150 [INFO]   Cross-mode: H3 <-> H5
2026-06-16 15:20:16,150 [INFO]   Within-mode (H4): ch3 <-> ch4
2026-06-16 15:20:16,151 [INFO]   Cross-mode: H4 <-> H5
2026-06-16 15:20:16,152 [INFO]   Within-mode (H5): ch5 <-> ch6
2026-06-16 15:20:16,153 [INFO] Measurement starting for 3.000min / 0.050h
2026-06-16 15:23:16,292 [INFO] Measurements finished.
2026-06-16 15:23:16,293 [INFO] Collecting measurement data...
2026-06-16 15:23:16,294 [INFO] Collecting physical correlation data for (1,2)
2026-06-16 15:23:16,296 [INFO] Collecting physical correlation data for (1,3)
2026-06-16 15:23:16,298 [INFO] Collecting physical correlation data for (1,4)
2026-06-16 15:23:16,300 [INFO] Collecting physical correlation data for (1,5)
2026-06-16 15:23:16,303 [INFO] Collecting physical correlation data for (1,6)
2026-06-16 15:23:16,305 [INFO] Collecting physical correlation data for (2,3)
2026-06-16 15:23:16,307 [INFO] Collecting physical correlation data for (2,4)
2026-06-16 15:23:16,309 [INFO] Collecting physical correlation data for (2,5)
2026-06-16 15:23:16,312 [INFO] Collecting physical correlation data for (2,6)
2026-06-16 15:23:16,314 [INFO] Collecting physical correlation data for (3,4)
2026-06-16 15:23:16,316 [INFO] Collecting physical correlation data for (3,5)
2026-06-16 15:23:16,319 [INFO] Collecting physical correlation data for (3,6)
2026-06-16 15:23:16,321 [INFO] Collecting physical correlation data for (4,5)
2026-06-16 15:23:16,323 [INFO] Collecting physical correlation data for (4,6)
2026-06-16 15:23:16,326 [INFO] Collecting physical correlation data for (5,6)
2026-06-16 15:23:16,328 [INFO] Collecting virtual correlation data for (H3,H3)
2026-06-16 15:23:16,331 [INFO] Collecting virtual correlation data for (H3,H4)
2026-06-16 15:23:16,334 [INFO] Collecting virtual correlation data for (H3,H5)
2026-06-16 15:23:16,336 [INFO] Collecting virtual correlation data for (H4,H4)
2026-06-16 15:23:16,339 [INFO] Collecting virtual correlation data for (H4,H5)
2026-06-16 15:23:16,341 [INFO] Collecting virtual correlation data for (H5,H5)
2026-06-16 15:23:16,361 [INFO] Starting writing data to file.
2026-06-16 15:23:16,453 [INFO] Saved data.
2026-06-16 15:23:16,574 [INFO] Merging 1 chunks into running total...
2026-06-16 15:23:16,743 [INFO] ============================================================
2026-06-16 15:23:16,744 [INFO] STATUS REPORT | Duration: 9.00 min (0.150 h)
2026-06-16 15:23:16,745 [INFO] ============================================================
2026-06-16 15:23:16,745 [INFO] COUNTRATES (Physical):
2026-06-16 15:23:16,746 [INFO]   Ch 1: 416.2 kHz (total: 224,750,099)
2026-06-16 15:23:16,747 [INFO]   Ch 2: 622.9 kHz (total: 336,361,765)
2026-06-16 15:23:16,747 [INFO]   Ch 3: 2.2 kHz (total: 1,199,063)
2026-06-16 15:23:16,748 [INFO]   Ch 4: 2.9 kHz (total: 1,592,563)
2026-06-16 15:23:16,749 [INFO]   Ch 5: 301.3 kHz (total: 162,676,860)
2026-06-16 15:23:16,749 [INFO]   Ch 6: 110.8 kHz (total: 59,817,440)
2026-06-16 15:23:16,750 [INFO] COUNTRATES (Virtual):
2026-06-16 15:23:16,750 [INFO]   H3: 1039.1 kHz (total: 561,111,864)
2026-06-16 15:23:16,751 [INFO]   H4: 5.2 kHz (total: 2,791,626)
2026-06-16 15:23:16,752 [INFO]   H5: 412.0 kHz (total: 222,494,300)
2026-06-16 15:23:16,752 [INFO] ------------------------------------------------------------
2026-06-16 15:23:16,753 [INFO] COINCIDENCES (threshold: 50000)
2026-06-16 15:23:16,753 [INFO] ------------------------------------------------------------
2026-06-16 15:23:16,754 [INFO] Twofold (physical) (Reached Threshold):
2026-06-16 15:23:16,755 [INFO]   (1,2): 7,779,720 Y
2026-06-16 15:23:16,755 [INFO]   (1,3): 24,967 X
2026-06-16 15:23:16,756 [INFO]   (1,4): 33,279 X
2026-06-16 15:23:16,756 [INFO]   (1,5): 3,789,301 Y
2026-06-16 15:23:16,757 [INFO]   (1,6): 1,393,846 Y
2026-06-16 15:23:16,758 [INFO]   (2,3): 37,148 X
2026-06-16 15:23:16,758 [INFO]   (2,4): 49,474 X
2026-06-16 15:23:16,759 [INFO]   (2,5): 5,644,287 Y
2026-06-16 15:23:16,759 [INFO]   (2,6): 2,075,220 Y
2026-06-16 15:23:16,760 [INFO]   (3,4): 169 X
2026-06-16 15:23:16,760 [INFO]   (3,5): 18,492 X
2026-06-16 15:23:16,761 [INFO]   (3,6): 6,395 X
2026-06-16 15:23:16,761 [INFO]   (4,5): 23,682 X
2026-06-16 15:23:16,762 [INFO]   (4,6): 8,912 X
2026-06-16 15:23:16,763 [INFO]   (5,6): 1,024,979 Y
2026-06-16 15:23:16,763 [INFO] ============================================================
2026-06-16 15:23:16,764 [INFO] >>> 9 combination(s) below threshold <<<
2026-06-16 15:23:16,765 [INFO] ============================================================
2026-06-16 15:23:16,857 [INFO] Updated merged data: C:\Users\QUANTUM\OneDrive - ENSTA\!Working files\HBT\HBT Data\Tests_Jun\2026-06-16_14-53-49_g2_heralded_virtual\MERGED\14-53-49_2026-06-16_53.281mW_num0_MERGED.pkl
2026-06-16 15:23:16,943 [INFO] Final merged data saved to: C:\Users\QUANTUM\OneDrive - ENSTA\!Working files\HBT\HBT Data\Tests_Jun\2026-06-16_14-53-49_g2_heralded_virtual\MERGED\14-53-49_2026-06-16_53.281mW_num0_MERGED.pkl
2026-06-16 15:23:16,944 [INFO] Total merged duration: 9.00 min
2026-06-16 15:23:16,945 [INFO] Measurement completed in 9.47 min
2026-06-16 15:23:18,579 [INFO] Stage Position: 25.0
2026-06-16 15:23:18,579 [INFO] Starting chunked acquisition (max 3 chunks / 9.0 min)
2026-06-16 15:23:18,580 [INFO] Chunk duration: 3 min
2026-06-16 15:23:18,581 [INFO] Threshold: 50000 counts, checking every 1 chunks
2026-06-16 15:23:18,647 [INFO] Found 0 connected Time Tagger(s)
2026-06-16 15:23:20,248 [INFO] t:   1 s, Board temperature: 41.2 °C, FPGA temperature: 57.4 °C
2026-06-16 15:23:21,826 [INFO] t:   2 s, Board temperature: 41.2 °C, FPGA temperature: 57.5 °C
2026-06-16 15:23:23,396 [INFO] t:   3 s, Board temperature: 41.2 °C, FPGA temperature: 57.5 °C
2026-06-16 15:23:24,960 [INFO] t:   4 s, Board temperature: 41.1 °C, FPGA temperature: 57.4 °C
2026-06-16 15:23:26,522 [INFO] t:   5 s, Board temperature: 41.1 °C, FPGA temperature: 57.5 °C
2026-06-16 15:23:26,523 [INFO] The Time Tagger is warmed up.
2026-06-16 15:23:26,524 [INFO] Time Tagger initialized.
2026-06-16 15:23:26,525 [INFO] Chunk 1/3 | Elapsed: 3.0 min
2026-06-16 15:23:26,525 [INFO] Initializing experiment on Time Tagger.
2026-06-16 15:23:26,527 [INFO] Deadtime for channel 1: 0 ps
2026-06-16 15:23:26,528 [INFO] Deadtime for channel 2: 0 ps
2026-06-16 15:23:26,528 [INFO] Deadtime for channel 3: 0 ps
2026-06-16 15:23:26,529 [INFO] Deadtime for channel 4: 0 ps
2026-06-16 15:23:26,530 [INFO] Deadtime for channel 5: 0 ps
2026-06-16 15:23:26,530 [INFO] Deadtime for channel 6: 0 ps
2026-06-16 15:23:26,531 [INFO] Delays on channels enabled.
2026-06-16 15:23:26,531 [INFO] Delay for channel 1: requested=0 ps, actual=0 ps
2026-06-16 15:23:26,532 [INFO] Delay for channel 2: requested=-1000 ps, actual=-1000 ps
2026-06-16 15:23:26,533 [INFO] Delay for channel 3: requested=20000 ps, actual=20000 ps
2026-06-16 15:23:26,533 [INFO] Delay for channel 4: requested=16500 ps, actual=16500 ps
2026-06-16 15:23:26,534 [INFO] Delay for channel 5: requested=17800 ps, actual=17800 ps
2026-06-16 15:23:26,534 [INFO] Delay for channel 6: requested=17300 ps, actual=17300 ps
2026-06-16 15:23:26,535 [INFO] Executing synchronized correlation measurement.
2026-06-16 15:23:26,536 [INFO] Delays on channels enabled.
2026-06-16 15:23:26,536 [INFO] Delay for channel 1: requested=0 ps, actual=0 ps.
2026-06-16 15:23:26,537 [INFO] Delay for channel 2: requested=-1000 ps, actual=-1000 ps.
2026-06-16 15:23:26,537 [INFO] Delay for channel 3: requested=20000 ps, actual=20000 ps.
2026-06-16 15:23:26,538 [INFO] Delay for channel 4: requested=16500 ps, actual=16500 ps.
2026-06-16 15:23:26,539 [INFO] Delay for channel 5: requested=17800 ps, actual=17800 ps.
2026-06-16 15:23:26,539 [INFO] Delay for channel 6: requested=17300 ps, actual=17300 ps.
2026-06-16 15:23:26,540 [INFO] Initializing measurement with virtual mode channels for ALL heralding permutations.
2026-06-16 15:23:26,540 [INFO] Automatically generated modes from input: {'H3': [1, 2], 'H4': [3, 4], 'H5': [5, 6]}
2026-06-16 15:23:26,541 [INFO] Setting up virtual channels...
2026-06-16 15:23:26,542 [INFO] Initializing physical channel correlation histograms...
2026-06-16 15:23:26,543 [INFO]   Physical correlation: ch1 <-> ch2
2026-06-16 15:23:26,544 [INFO]   Physical correlation: ch1 <-> ch3
2026-06-16 15:23:26,544 [INFO]   Physical correlation: ch1 <-> ch4
2026-06-16 15:23:26,545 [INFO]   Physical correlation: ch1 <-> ch5
2026-06-16 15:23:26,546 [INFO]   Physical correlation: ch1 <-> ch6
2026-06-16 15:23:26,546 [INFO]   Physical correlation: ch2 <-> ch3
2026-06-16 15:23:26,547 [INFO]   Physical correlation: ch2 <-> ch4
2026-06-16 15:23:26,548 [INFO]   Physical correlation: ch2 <-> ch5
2026-06-16 15:23:26,548 [INFO]   Physical correlation: ch2 <-> ch6
2026-06-16 15:23:26,549 [INFO]   Physical correlation: ch3 <-> ch4
2026-06-16 15:23:26,550 [INFO]   Physical correlation: ch3 <-> ch5
2026-06-16 15:23:26,550 [INFO]   Physical correlation: ch3 <-> ch6
2026-06-16 15:23:26,551 [INFO]   Physical correlation: ch4 <-> ch5
2026-06-16 15:23:26,552 [INFO]   Physical correlation: ch4 <-> ch6
2026-06-16 15:23:26,552 [INFO]   Physical correlation: ch5 <-> ch6
2026-06-16 15:23:26,553 [INFO] Initializing virtual mode correlation histograms...
2026-06-16 15:23:26,554 [INFO]   Within-mode (H3): ch1 <-> ch2
2026-06-16 15:23:26,554 [INFO]   Cross-mode: H3 <-> H4
2026-06-16 15:23:26,555 [INFO]   Cross-mode: H3 <-> H5
2026-06-16 15:23:26,556 [INFO]   Within-mode (H4): ch3 <-> ch4
2026-06-16 15:23:26,556 [INFO]   Cross-mode: H4 <-> H5
2026-06-16 15:23:26,557 [INFO]   Within-mode (H5): ch5 <-> ch6
2026-06-16 15:23:26,559 [INFO] Measurement starting for 3.000min / 0.050h
2026-06-16 15:26:26,810 [INFO] Measurements finished.
2026-06-16 15:26:26,811 [INFO] Collecting measurement data...
2026-06-16 15:26:26,812 [INFO] Collecting physical correlation data for (1,2)
2026-06-16 15:26:26,814 [INFO] Collecting physical correlation data for (1,3)
2026-06-16 15:26:26,816 [INFO] Collecting physical correlation data for (1,4)
2026-06-16 15:26:26,818 [INFO] Collecting physical correlation data for (1,5)
2026-06-16 15:26:26,820 [INFO] Collecting physical correlation data for (1,6)
2026-06-16 15:26:26,822 [INFO] Collecting physical correlation data for (2,3)
2026-06-16 15:26:26,824 [INFO] Collecting physical correlation data for (2,4)
2026-06-16 15:26:26,826 [INFO] Collecting physical correlation data for (2,5)
2026-06-16 15:26:26,828 [INFO] Collecting physical correlation data for (2,6)
2026-06-16 15:26:26,830 [INFO] Collecting physical correlation data for (3,4)
2026-06-16 15:26:26,832 [INFO] Collecting physical correlation data for (3,5)
2026-06-16 15:26:26,834 [INFO] Collecting physical correlation data for (3,6)
2026-06-16 15:26:26,836 [INFO] Collecting physical correlation data for (4,5)
2026-06-16 15:26:26,838 [INFO] Collecting physical correlation data for (4,6)
2026-06-16 15:26:26,840 [INFO] Collecting physical correlation data for (5,6)
2026-06-16 15:26:26,842 [INFO] Collecting virtual correlation data for (H3,H3)
2026-06-16 15:26:26,844 [INFO] Collecting virtual correlation data for (H3,H4)
2026-06-16 15:26:26,846 [INFO] Collecting virtual correlation data for (H3,H5)
2026-06-16 15:26:26,848 [INFO] Collecting virtual correlation data for (H4,H4)
2026-06-16 15:26:26,850 [INFO] Collecting virtual correlation data for (H4,H5)
2026-06-16 15:26:26,852 [INFO] Collecting virtual correlation data for (H5,H5)
2026-06-16 15:26:26,872 [INFO] Starting writing data to file.
2026-06-16 15:26:26,952 [INFO] Saved data.
2026-06-16 15:26:27,068 [INFO] Merging 1 chunks into running total...
2026-06-16 15:26:27,069 [INFO] ============================================================
2026-06-16 15:26:27,070 [INFO] STATUS REPORT | Duration: 3.00 min (0.050 h)
2026-06-16 15:26:27,071 [INFO] ============================================================
2026-06-16 15:26:27,072 [INFO] COUNTRATES (Physical):
2026-06-16 15:26:27,072 [INFO]   Ch 1: 153.2 kHz (total: 27,571,438)
2026-06-16 15:26:27,073 [INFO]   Ch 2: 235.2 kHz (total: 42,340,140)
2026-06-16 15:26:27,074 [INFO]   Ch 3: 2.2 kHz (total: 390,512)
2026-06-16 15:26:27,074 [INFO]   Ch 4: 2.9 kHz (total: 524,146)
2026-06-16 15:26:27,075 [INFO]   Ch 5: 106.2 kHz (total: 19,119,845)
2026-06-16 15:26:27,076 [INFO]   Ch 6: 41.1 kHz (total: 7,391,051)
2026-06-16 15:26:27,076 [INFO] COUNTRATES (Virtual):
2026-06-16 15:26:27,077 [INFO]   H3: 388.4 kHz (total: 69,911,578)
2026-06-16 15:26:27,078 [INFO]   H4: 5.1 kHz (total: 914,658)
2026-06-16 15:26:27,078 [INFO]   H5: 147.3 kHz (total: 26,510,896)
2026-06-16 15:26:27,079 [INFO] ------------------------------------------------------------
2026-06-16 15:26:27,079 [INFO] COINCIDENCES (threshold: 50000)
2026-06-16 15:26:27,080 [INFO] ------------------------------------------------------------
2026-06-16 15:26:27,080 [INFO] Twofold (physical) (Reached Threshold):
2026-06-16 15:26:27,081 [INFO]   (1,2): 363,863 Y
2026-06-16 15:26:27,082 [INFO]   (1,3): 3,021 X
2026-06-16 15:26:27,082 [INFO]   (1,4): 3,897 X
2026-06-16 15:26:27,083 [INFO]   (1,5): 166,790 Y
2026-06-16 15:26:27,083 [INFO]   (1,6): 64,663 Y
2026-06-16 15:26:27,084 [INFO]   (2,3): 4,532 X
2026-06-16 15:26:27,085 [INFO]   (2,4): 6,235 X
2026-06-16 15:26:27,085 [INFO]   (2,5): 254,988 Y
2026-06-16 15:26:27,086 [INFO]   (2,6): 99,019 Y
2026-06-16 15:26:27,087 [INFO]   (3,4): 57 X
2026-06-16 15:26:27,087 [INFO]   (3,5): 2,103 X
2026-06-16 15:26:27,088 [INFO]   (3,6): 820 X
2026-06-16 15:26:27,089 [INFO]   (4,5): 2,756 X
2026-06-16 15:26:27,090 [INFO]   (4,6): 1,123 X
2026-06-16 15:26:27,090 [INFO]   (5,6): 45,396 X
2026-06-16 15:26:27,091 [INFO] ============================================================
2026-06-16 15:26:27,091 [INFO] >>> 10 combination(s) below threshold <<<
2026-06-16 15:26:27,092 [INFO] ============================================================
2026-06-16 15:26:27,169 [INFO] Updated merged data: C:\Users\QUANTUM\OneDrive - ENSTA\!Working files\HBT\HBT Data\Tests_Jun\2026-06-16_14-53-49_g2_heralded_virtual\MERGED\14-53-49_2026-06-16_36.906mW_num0_MERGED.pkl
2026-06-16 15:26:27,207 [INFO] Found 0 connected Time Tagger(s)
2026-06-16 15:26:28,841 [INFO] t:   1 s, Board temperature: 41.2 °C, FPGA temperature: 57.5 °C
2026-06-16 15:26:30,407 [INFO] t:   2 s, Board temperature: 41.2 °C, FPGA temperature: 57.5 °C
2026-06-16 15:26:31,979 [INFO] t:   3 s, Board temperature: 41.2 °C, FPGA temperature: 57.6 °C
2026-06-16 15:26:33,521 [INFO] t:   4 s, Board temperature: 41.2 °C, FPGA temperature: 57.6 °C
2026-06-16 15:26:35,070 [INFO] t:   5 s, Board temperature: 41.3 °C, FPGA temperature: 57.6 °C
2026-06-16 15:26:35,070 [INFO] The Time Tagger is warmed up.
2026-06-16 15:26:35,071 [INFO] Time Tagger initialized.
2026-06-16 15:26:35,072 [INFO] Chunk 2/3 | Elapsed: 6.0 min
2026-06-16 15:26:35,073 [INFO] Initializing experiment on Time Tagger.
2026-06-16 15:26:35,073 [INFO] Deadtime for channel 1: 0 ps
2026-06-16 15:26:35,074 [INFO] Deadtime for channel 2: 0 ps
2026-06-16 15:26:35,075 [INFO] Deadtime for channel 3: 0 ps
2026-06-16 15:26:35,076 [INFO] Deadtime for channel 4: 0 ps
2026-06-16 15:26:35,076 [INFO] Deadtime for channel 5: 0 ps
2026-06-16 15:26:35,077 [INFO] Deadtime for channel 6: 0 ps
2026-06-16 15:26:35,077 [INFO] Delays on channels enabled.
2026-06-16 15:26:35,078 [INFO] Delay for channel 1: requested=0 ps, actual=0 ps
2026-06-16 15:26:35,079 [INFO] Delay for channel 2: requested=-1000 ps, actual=-1000 ps
2026-06-16 15:26:35,079 [INFO] Delay for channel 3: requested=20000 ps, actual=20000 ps
2026-06-16 15:26:35,080 [INFO] Delay for channel 4: requested=16500 ps, actual=16500 ps
2026-06-16 15:26:35,081 [INFO] Delay for channel 5: requested=17800 ps, actual=17800 ps
2026-06-16 15:26:35,081 [INFO] Delay for channel 6: requested=17300 ps, actual=17300 ps
2026-06-16 15:26:35,082 [INFO] Executing synchronized correlation measurement.
2026-06-16 15:26:35,082 [INFO] Delays on channels enabled.
2026-06-16 15:26:35,083 [INFO] Delay for channel 1: requested=0 ps, actual=0 ps.
2026-06-16 15:26:35,084 [INFO] Delay for channel 2: requested=-1000 ps, actual=-1000 ps.
2026-06-16 15:26:35,084 [INFO] Delay for channel 3: requested=20000 ps, actual=20000 ps.
2026-06-16 15:26:35,085 [INFO] Delay for channel 4: requested=16500 ps, actual=16500 ps.
2026-06-16 15:26:35,086 [INFO] Delay for channel 5: requested=17800 ps, actual=17800 ps.
2026-06-16 15:26:35,086 [INFO] Delay for channel 6: requested=17300 ps, actual=17300 ps.
2026-06-16 15:26:35,087 [INFO] Initializing measurement with virtual mode channels for ALL heralding permutations.
2026-06-16 15:26:35,087 [INFO] Automatically generated modes from input: {'H3': [1, 2], 'H4': [3, 4], 'H5': [5, 6]}
2026-06-16 15:26:35,088 [INFO] Setting up virtual channels...
2026-06-16 15:26:35,089 [INFO] Initializing physical channel correlation histograms...
2026-06-16 15:26:35,090 [INFO]   Physical correlation: ch1 <-> ch2
2026-06-16 15:26:35,091 [INFO]   Physical correlation: ch1 <-> ch3
2026-06-16 15:26:35,091 [INFO]   Physical correlation: ch1 <-> ch4
2026-06-16 15:26:35,092 [INFO]   Physical correlation: ch1 <-> ch5
2026-06-16 15:26:35,093 [INFO]   Physical correlation: ch1 <-> ch6
2026-06-16 15:26:35,094 [INFO]   Physical correlation: ch2 <-> ch3
2026-06-16 15:26:35,094 [INFO]   Physical correlation: ch2 <-> ch4
2026-06-16 15:26:35,095 [INFO]   Physical correlation: ch2 <-> ch5
2026-06-16 15:26:35,096 [INFO]   Physical correlation: ch2 <-> ch6
2026-06-16 15:26:35,096 [INFO]   Physical correlation: ch3 <-> ch4
2026-06-16 15:26:35,097 [INFO]   Physical correlation: ch3 <-> ch5
2026-06-16 15:26:35,098 [INFO]   Physical correlation: ch3 <-> ch6
2026-06-16 15:26:35,098 [INFO]   Physical correlation: ch4 <-> ch5
2026-06-16 15:26:35,099 [INFO]   Physical correlation: ch4 <-> ch6
2026-06-16 15:26:35,100 [INFO]   Physical correlation: ch5 <-> ch6
2026-06-16 15:26:35,101 [INFO] Initializing virtual mode correlation histograms...
2026-06-16 15:26:35,101 [INFO]   Within-mode (H3): ch1 <-> ch2
2026-06-16 15:26:35,102 [INFO]   Cross-mode: H3 <-> H4
2026-06-16 15:26:35,102 [INFO]   Cross-mode: H3 <-> H5
2026-06-16 15:26:35,103 [INFO]   Within-mode (H4): ch3 <-> ch4
2026-06-16 15:26:35,104 [INFO]   Cross-mode: H4 <-> H5
2026-06-16 15:26:35,104 [INFO]   Within-mode (H5): ch5 <-> ch6
2026-06-16 15:26:35,106 [INFO] Measurement starting for 3.000min / 0.050h
