2026-06-15 16:13:20,047 [INFO] Script start.
2026-06-15 16:13:20,054 [INFO] ====================GENERAL SETTINGS====================
2026-06-15 16:13:20,055 [INFO] {'date': '2026-06-15', 'time': '16-13-20', 'experiment_type': 'g2_heralded_virtual', 'save_dir': 'C:\\Users\\QUANTUM\\OneDrive - ENSTA\\!Working files\\HBT\\HBT Data\\Tests_Jun\\2026-06-15_16-13-20_g2_heralded_virtual', 'material': 'CdTe110', 'laser': {'rep_rate_hz': 18880000.0, 'wavelength_nm': 2100}, 'timetagging': {'tt_mode': 'Standard', 'binwidth_ps': 100, 'num_bins': 50000, 'channels': [1, 2, 3, 4, 5, 6], 'mode_on_channel': ['H3T', 'H3R', 'H4T', 'H4R', 'H5T', 'H5R'], 'deadtime': [0, 0, 0, 0, 0, 0], 'delays': [0, -1000, 20000, 16500, 17800, 17300], 'coincidence_window': 25000, 'trigger': [], 'filter': []}, 'custom': {}}
2026-06-15 16:13:20,107 [INFO] Found 0 connected Time Tagger(s)
2026-06-15 16:13:21,725 [INFO] t:   1 s, Board temperature: 41.1 °C, FPGA temperature: 56.9 °C
2026-06-15 16:13:23,293 [INFO] t:   2 s, Board temperature: 41.1 °C, FPGA temperature: 57.0 °C
2026-06-15 16:13:24,856 [INFO] t:   3 s, Board temperature: 41.1 °C, FPGA temperature: 56.9 °C
2026-06-15 16:13:26,411 [INFO] t:   4 s, Board temperature: 41.1 °C, FPGA temperature: 56.9 °C
2026-06-15 16:13:27,980 [INFO] t:   5 s, Board temperature: 41.1 °C, FPGA temperature: 57.0 °C
2026-06-15 16:13:27,981 [INFO] The Time Tagger is warmed up.
2026-06-15 16:13:27,982 [INFO] Time Tagger initialized.
2026-06-15 16:13:27,983 [INFO] Stage Position: 292
2026-06-15 16:13:27,984 [INFO] Starting chunked acquisition (max 2 chunks / 2.0 min)
2026-06-15 16:13:27,985 [INFO] Chunk duration: 1 min
2026-06-15 16:13:27,986 [INFO] Threshold: 10000 counts, checking every 1 chunks
2026-06-15 16:13:28,030 [INFO] Found 0 connected Time Tagger(s)
2026-06-15 16:13:29,641 [INFO] t:   1 s, Board temperature: 41.1 °C, FPGA temperature: 57.0 °C
2026-06-15 16:13:31,201 [INFO] t:   2 s, Board temperature: 41.1 °C, FPGA temperature: 57.0 °C
2026-06-15 16:13:32,748 [INFO] t:   3 s, Board temperature: 41.0 °C, FPGA temperature: 56.9 °C
2026-06-15 16:13:34,296 [INFO] t:   4 s, Board temperature: 41.1 °C, FPGA temperature: 56.9 °C
2026-06-15 16:13:35,854 [INFO] t:   5 s, Board temperature: 41.1 °C, FPGA temperature: 56.9 °C
2026-06-15 16:13:35,854 [INFO] The Time Tagger is warmed up.
2026-06-15 16:13:35,855 [INFO] Time Tagger initialized.
2026-06-15 16:13:35,856 [INFO] Chunk 1/2 | Elapsed: 1.0 min
2026-06-15 16:13:35,857 [INFO] Initializing experiment on Time Tagger.
2026-06-15 16:13:35,858 [INFO] Deadtime for channel 1: 0 ps
2026-06-15 16:13:35,859 [INFO] Deadtime for channel 2: 0 ps
2026-06-15 16:13:35,859 [INFO] Deadtime for channel 3: 0 ps
2026-06-15 16:13:35,860 [INFO] Deadtime for channel 4: 0 ps
2026-06-15 16:13:35,861 [INFO] Deadtime for channel 5: 0 ps
2026-06-15 16:13:35,862 [INFO] Deadtime for channel 6: 0 ps
2026-06-15 16:13:35,863 [INFO] Delays on channels enabled.
2026-06-15 16:13:35,863 [INFO] Delay for channel 1: requested=0 ps, actual=0 ps
2026-06-15 16:13:35,865 [INFO] Delay for channel 2: requested=-1000 ps, actual=-1000 ps
2026-06-15 16:13:35,865 [INFO] Delay for channel 3: requested=20000 ps, actual=20000 ps
2026-06-15 16:13:35,866 [INFO] Delay for channel 4: requested=16500 ps, actual=16500 ps
2026-06-15 16:13:35,874 [INFO] Delay for channel 5: requested=17800 ps, actual=17800 ps
2026-06-15 16:13:35,875 [INFO] Delay for channel 6: requested=17300 ps, actual=17300 ps
2026-06-15 16:13:35,875 [INFO] Executing synchronized correlation measurement.
2026-06-15 16:13:35,876 [INFO] Delays on channels enabled.
2026-06-15 16:13:35,877 [INFO] Delay for channel 1: requested=0 ps, actual=0 ps.
2026-06-15 16:13:35,878 [INFO] Delay for channel 2: requested=-1000 ps, actual=-1000 ps.
2026-06-15 16:13:35,879 [INFO] Delay for channel 3: requested=20000 ps, actual=20000 ps.
2026-06-15 16:13:35,880 [INFO] Delay for channel 4: requested=16500 ps, actual=16500 ps.
2026-06-15 16:13:35,881 [INFO] Delay for channel 5: requested=17800 ps, actual=17800 ps.
2026-06-15 16:13:35,882 [INFO] Delay for channel 6: requested=17300 ps, actual=17300 ps.
2026-06-15 16:13:35,883 [INFO] Initializing measurement with virtual mode channels for ALL heralding permutations.
2026-06-15 16:13:35,884 [INFO] Automatically generated modes from input: {'H3': [1, 2], 'H4': [3, 4], 'H5': [5, 6]}
2026-06-15 16:13:35,885 [INFO] Setting up virtual channels...
2026-06-15 16:13:35,886 [INFO] Initializing physical channel correlation histograms...
2026-06-15 16:13:35,888 [INFO]   Physical correlation: ch1 <-> ch2
2026-06-15 16:13:35,889 [INFO]   Physical correlation: ch1 <-> ch3
2026-06-15 16:13:35,890 [INFO]   Physical correlation: ch1 <-> ch4
2026-06-15 16:13:35,891 [INFO]   Physical correlation: ch1 <-> ch5
2026-06-15 16:13:35,892 [INFO]   Physical correlation: ch1 <-> ch6
2026-06-15 16:13:35,893 [INFO]   Physical correlation: ch2 <-> ch3
2026-06-15 16:13:35,894 [INFO]   Physical correlation: ch2 <-> ch4
2026-06-15 16:13:35,894 [INFO]   Physical correlation: ch2 <-> ch5
2026-06-15 16:13:35,895 [INFO]   Physical correlation: ch2 <-> ch6
2026-06-15 16:13:35,896 [INFO]   Physical correlation: ch3 <-> ch4
2026-06-15 16:13:35,897 [INFO]   Physical correlation: ch3 <-> ch5
2026-06-15 16:13:35,898 [INFO]   Physical correlation: ch3 <-> ch6
2026-06-15 16:13:35,899 [INFO]   Physical correlation: ch4 <-> ch5
2026-06-15 16:13:35,900 [INFO]   Physical correlation: ch4 <-> ch6
2026-06-15 16:13:35,901 [INFO]   Physical correlation: ch5 <-> ch6
2026-06-15 16:13:35,902 [INFO] Initializing virtual mode correlation histograms...
2026-06-15 16:13:35,903 [INFO]   Within-mode (H3): ch1 <-> ch2
2026-06-15 16:13:35,904 [INFO]   Cross-mode: H3 <-> H4
2026-06-15 16:13:35,905 [INFO]   Cross-mode: H3 <-> H5
2026-06-15 16:13:35,906 [INFO]   Within-mode (H4): ch3 <-> ch4
2026-06-15 16:13:35,907 [INFO]   Cross-mode: H4 <-> H5
2026-06-15 16:13:35,908 [INFO]   Within-mode (H5): ch5 <-> ch6
2026-06-15 16:13:35,910 [INFO] Measurement starting for 1.000min / 0.017h
2026-06-15 16:15:02,126 [INFO] Measurements finished.
2026-06-15 16:15:02,127 [INFO] Collecting measurement data...
2026-06-15 16:15:02,128 [INFO] Collecting physical correlation data for (1,2)
2026-06-15 16:15:02,131 [INFO] Collecting physical correlation data for (1,3)
2026-06-15 16:15:02,133 [INFO] Collecting physical correlation data for (1,4)
2026-06-15 16:15:02,136 [INFO] Collecting physical correlation data for (1,5)
2026-06-15 16:15:02,139 [INFO] Collecting physical correlation data for (1,6)
2026-06-15 16:15:02,142 [INFO] Collecting physical correlation data for (2,3)
2026-06-15 16:15:02,146 [INFO] Collecting physical correlation data for (2,4)
2026-06-15 16:15:02,150 [INFO] Collecting physical correlation data for (2,5)
2026-06-15 16:15:02,153 [INFO] Collecting physical correlation data for (2,6)
2026-06-15 16:15:02,156 [INFO] Collecting physical correlation data for (3,4)
2026-06-15 16:15:02,159 [INFO] Collecting physical correlation data for (3,5)
2026-06-15 16:15:02,162 [INFO] Collecting physical correlation data for (3,6)
2026-06-15 16:15:02,166 [INFO] Collecting physical correlation data for (4,5)
2026-06-15 16:15:02,170 [INFO] Collecting physical correlation data for (4,6)
2026-06-15 16:15:02,175 [INFO] Collecting physical correlation data for (5,6)
2026-06-15 16:15:02,179 [INFO] Collecting virtual correlation data for (H3,H3)
2026-06-15 16:15:02,183 [INFO] Collecting virtual correlation data for (H3,H4)
2026-06-15 16:15:02,188 [INFO] Collecting virtual correlation data for (H3,H5)
2026-06-15 16:15:02,193 [INFO] Collecting virtual correlation data for (H4,H4)
2026-06-15 16:15:02,199 [INFO] Collecting virtual correlation data for (H4,H5)
2026-06-15 16:15:02,204 [INFO] Collecting virtual correlation data for (H5,H5)
2026-06-15 16:15:02,530 [INFO] Starting writing data to file.
2026-06-15 16:15:02,709 [INFO] Saved data.
2026-06-15 16:15:02,867 [INFO] Merging 1 chunks into running total...
2026-06-15 16:15:02,868 [INFO] ============================================================
2026-06-15 16:15:02,869 [INFO] STATUS REPORT | Duration: 1.00 min (0.017 h)
2026-06-15 16:15:02,870 [INFO] ============================================================
2026-06-15 16:15:02,870 [INFO] COUNTRATES (Physical):
2026-06-15 16:15:02,871 [INFO]   Ch 1: 914.5 kHz (total: 52,344,740)
2026-06-15 16:15:02,872 [INFO]   Ch 2: 1549.8 kHz (total: 88,705,700)
2026-06-15 16:15:02,873 [INFO]   Ch 3: 394.4 kHz (total: 22,576,128)
2026-06-15 16:15:02,874 [INFO]   Ch 4: 395.3 kHz (total: 22,626,737)
2026-06-15 16:15:02,874 [INFO]   Ch 5: 124.1 kHz (total: 7,104,944)
2026-06-15 16:15:02,875 [INFO]   Ch 6: 117.7 kHz (total: 6,739,011)
2026-06-15 16:15:02,876 [INFO] COUNTRATES (Virtual):
2026-06-15 16:15:02,877 [INFO]   H3: 2464.3 kHz (total: 141,050,440)
2026-06-15 16:15:02,878 [INFO]   H4: 789.8 kHz (total: 45,202,865)
2026-06-15 16:15:02,879 [INFO]   H5: 241.9 kHz (total: 13,843,955)
2026-06-15 16:15:02,880 [INFO] ------------------------------------------------------------
2026-06-15 16:15:02,881 [INFO] COINCIDENCES (threshold: 10000)
2026-06-15 16:15:02,882 [INFO] ------------------------------------------------------------
2026-06-15 16:15:02,882 [INFO] Twofold (physical) (Reached Threshold):
2026-06-15 16:15:02,883 [INFO]   (1,2): 5,712,162 Y
2026-06-15 16:15:02,884 [INFO]   (1,3): 1,266,607 Y
2026-06-15 16:15:02,885 [INFO]   (1,4): 1,266,121 Y
2026-06-15 16:15:02,886 [INFO]   (1,5): 400,783 Y
2026-06-15 16:15:02,887 [INFO]   (1,6): 376,091 Y
2026-06-15 16:15:02,888 [INFO]   (2,3): 2,136,243 Y
2026-06-15 16:15:02,889 [INFO]   (2,4): 2,135,502 Y
2026-06-15 16:15:02,889 [INFO]   (2,5): 674,354 Y
2026-06-15 16:15:02,890 [INFO]   (2,6): 634,903 Y
2026-06-15 16:15:02,891 [INFO]   (3,4): 525,518 Y
2026-06-15 16:15:02,891 [INFO]   (3,5): 166,463 Y
2026-06-15 16:15:02,892 [INFO]   (3,6): 157,694 Y
2026-06-15 16:15:02,895 [INFO]   (4,5): 166,655 Y
2026-06-15 16:15:02,896 [INFO]   (4,6): 157,865 Y
2026-06-15 16:15:02,897 [INFO]   (5,6): 50,092 Y
2026-06-15 16:15:02,897 [INFO] ============================================================
2026-06-15 16:15:02,899 [INFO] >>> ALL THRESHOLDS REACHED <<<
2026-06-15 16:15:02,900 [INFO] ============================================================
2026-06-15 16:15:03,028 [INFO] Updated merged data: C:\Users\QUANTUM\OneDrive - ENSTA\!Working files\HBT\HBT Data\Tests_Jun\2026-06-15_16-13-20_g2_heralded_virtual\MERGED\16-13-20_2026-06-15_40.7mW_num0_MERGED.pkl
2026-06-15 16:15:03,030 [INFO] >>> THRESHOLD REACHED - STOPPING EARLY <<<
2026-06-15 16:15:03,032 [INFO] Final merged data saved to: C:\Users\QUANTUM\OneDrive - ENSTA\!Working files\HBT\HBT Data\Tests_Jun\2026-06-15_16-13-20_g2_heralded_virtual\MERGED\16-13-20_2026-06-15_40.7mW_num0_MERGED.pkl
2026-06-15 16:15:03,033 [INFO] Total merged duration: 1.00 min
2026-06-15 16:15:03,035 [INFO] Measurement completed in 1.58 min
2026-06-15 16:15:03,035 [INFO] Successful finish.
