2026-06-17 15:47:21,821 [INFO] Script start.
2026-06-17 15:47:21,831 [INFO] ====================GENERAL SETTINGS====================
2026-06-17 15:47:21,832 [INFO] {'date': '2026-06-17', 'time': '15-47-21', 'experiment_type': 'g2_heralded_virtual', 'save_dir': 'C:\\Users\\QUANTUM\\OneDrive - ENSTA\\!Working files\\HBT\\HBT Data\\Tests_Jun\\2026-06-17_15-47-21_g2_heralded_virtual', 'material': 'GaAs100_100um_P1_700_10_cover_maxGain', 'laser': {'rep_rate_hz': 18880000.0, 'wavelength_nm': 2100}, 'timetagging': {'tt_mode': 'Standard', 'binwidth_ps': 100, 'num_bins': 50000, 'channels': [1, 2, 3, 4, 5, 6], 'mode_on_channel': ['H3T', 'H3R', 'H4T', 'H4R', 'H5T', 'H5R'], 'deadtime': [0, 0, 0, 0, 0, 0], 'delays': [0, -1000, 20000, 16500, 17800, 17300], 'coincidence_window': 25000, 'trigger': [], 'filter': []}, 'custom': {}}
2026-06-17 15:47:21,880 [INFO] Found 1 connected Time Tagger(s)
2026-06-17 15:47:26,332 [INFO] t:   1 s, Board temperature: 41.2 °C, FPGA temperature: 55.8 °C
2026-06-17 15:47:27,902 [INFO] t:   2 s, Board temperature: 41.2 °C, FPGA temperature: 56.3 °C
2026-06-17 15:47:29,486 [INFO] t:   3 s, Board temperature: 41.2 °C, FPGA temperature: 56.6 °C
2026-06-17 15:47:31,068 [INFO] t:   4 s, Board temperature: 41.3 °C, FPGA temperature: 56.9 °C
2026-06-17 15:47:32,629 [INFO] t:   5 s, Board temperature: 41.3 °C, FPGA temperature: 57.1 °C
2026-06-17 15:47:32,630 [INFO] The Time Tagger is warmed up.
2026-06-17 15:47:32,631 [INFO] Time Tagger initialized.
2026-06-17 15:47:32,632 [INFO] Stage Position: 19.5
2026-06-17 15:47:32,633 [INFO] Starting chunked acquisition (max 2 chunks / 2.0 min)
2026-06-17 15:47:32,634 [INFO] Chunk duration: 1 min
2026-06-17 15:47:32,635 [INFO] Threshold: 50000 counts, checking every 1 chunks
2026-06-17 15:47:32,679 [INFO] Found 0 connected Time Tagger(s)
2026-06-17 15:47:34,385 [INFO] t:   1 s, Board temperature: 41.3 °C, FPGA temperature: 57.1 °C
2026-06-17 15:47:35,949 [INFO] t:   2 s, Board temperature: 41.4 °C, FPGA temperature: 57.1 °C
2026-06-17 15:47:37,498 [INFO] t:   3 s, Board temperature: 41.4 °C, FPGA temperature: 57.3 °C
2026-06-17 15:47:39,073 [INFO] t:   4 s, Board temperature: 41.2 °C, FPGA temperature: 57.3 °C
2026-06-17 15:47:40,630 [INFO] t:   5 s, Board temperature: 41.2 °C, FPGA temperature: 57.4 °C
2026-06-17 15:47:40,631 [INFO] The Time Tagger is warmed up.
2026-06-17 15:47:40,632 [INFO] Time Tagger initialized.
2026-06-17 15:47:40,633 [INFO] Chunk 1/2 | Elapsed: 1.0 min
2026-06-17 15:47:40,634 [INFO] Initializing experiment on Time Tagger.
2026-06-17 15:47:40,634 [INFO] Deadtime for channel 1: 0 ps
2026-06-17 15:47:40,635 [INFO] Deadtime for channel 2: 0 ps
2026-06-17 15:47:40,635 [INFO] Deadtime for channel 3: 0 ps
2026-06-17 15:47:40,637 [INFO] Deadtime for channel 4: 0 ps
2026-06-17 15:47:40,637 [INFO] Deadtime for channel 5: 0 ps
2026-06-17 15:47:40,638 [INFO] Deadtime for channel 6: 0 ps
2026-06-17 15:47:40,639 [INFO] Delays on channels enabled.
2026-06-17 15:47:40,639 [INFO] Delay for channel 1: requested=0 ps, actual=0 ps
2026-06-17 15:47:40,640 [INFO] Delay for channel 2: requested=-1000 ps, actual=-1000 ps
2026-06-17 15:47:40,641 [INFO] Delay for channel 3: requested=20000 ps, actual=20000 ps
2026-06-17 15:47:40,641 [INFO] Delay for channel 4: requested=16500 ps, actual=16500 ps
2026-06-17 15:47:40,642 [INFO] Delay for channel 5: requested=17800 ps, actual=17800 ps
2026-06-17 15:47:40,642 [INFO] Delay for channel 6: requested=17300 ps, actual=17300 ps
2026-06-17 15:47:40,643 [INFO] Executing synchronized correlation measurement.
2026-06-17 15:47:40,644 [INFO] Delays on channels enabled.
2026-06-17 15:47:40,644 [INFO] Delay for channel 1: requested=0 ps, actual=0 ps.
2026-06-17 15:47:40,645 [INFO] Delay for channel 2: requested=-1000 ps, actual=-1000 ps.
2026-06-17 15:47:40,645 [INFO] Delay for channel 3: requested=20000 ps, actual=20000 ps.
2026-06-17 15:47:40,646 [INFO] Delay for channel 4: requested=16500 ps, actual=16500 ps.
2026-06-17 15:47:40,647 [INFO] Delay for channel 5: requested=17800 ps, actual=17800 ps.
2026-06-17 15:47:40,647 [INFO] Delay for channel 6: requested=17300 ps, actual=17300 ps.
2026-06-17 15:47:40,648 [INFO] Initializing measurement with virtual mode channels for ALL heralding permutations.
2026-06-17 15:47:40,648 [INFO] Automatically generated modes from input: {'H3': [1, 2], 'H4': [3, 4], 'H5': [5, 6]}
2026-06-17 15:47:40,649 [INFO] Setting up virtual channels...
2026-06-17 15:47:40,650 [INFO] Initializing physical channel correlation histograms...
2026-06-17 15:47:40,651 [INFO]   Physical correlation: ch1 <-> ch2
2026-06-17 15:47:40,651 [INFO]   Physical correlation: ch1 <-> ch3
2026-06-17 15:47:40,652 [INFO]   Physical correlation: ch1 <-> ch4
2026-06-17 15:47:40,653 [INFO]   Physical correlation: ch1 <-> ch5
2026-06-17 15:47:40,653 [INFO]   Physical correlation: ch1 <-> ch6
2026-06-17 15:47:40,654 [INFO]   Physical correlation: ch2 <-> ch3
2026-06-17 15:47:40,655 [INFO]   Physical correlation: ch2 <-> ch4
2026-06-17 15:47:40,655 [INFO]   Physical correlation: ch2 <-> ch5
2026-06-17 15:47:40,656 [INFO]   Physical correlation: ch2 <-> ch6
2026-06-17 15:47:40,657 [INFO]   Physical correlation: ch3 <-> ch4
2026-06-17 15:47:40,657 [INFO]   Physical correlation: ch3 <-> ch5
2026-06-17 15:47:40,658 [INFO]   Physical correlation: ch3 <-> ch6
2026-06-17 15:47:40,659 [INFO]   Physical correlation: ch4 <-> ch5
2026-06-17 15:47:40,659 [INFO]   Physical correlation: ch4 <-> ch6
2026-06-17 15:47:40,660 [INFO]   Physical correlation: ch5 <-> ch6
2026-06-17 15:47:40,661 [INFO] Initializing virtual mode correlation histograms...
2026-06-17 15:47:40,661 [INFO]   Within-mode (H3): ch1 <-> ch2
2026-06-17 15:47:40,661 [INFO]   Cross-mode: H3 <-> H4
2026-06-17 15:47:40,662 [INFO]   Cross-mode: H3 <-> H5
2026-06-17 15:47:40,662 [INFO]   Within-mode (H4): ch3 <-> ch4
2026-06-17 15:47:40,663 [INFO]   Cross-mode: H4 <-> H5
2026-06-17 15:47:40,664 [INFO]   Within-mode (H5): ch5 <-> ch6
2026-06-17 15:47:40,665 [INFO] Measurement starting for 1.000min / 0.017h
2026-06-17 15:48:40,825 [INFO] Measurements finished.
2026-06-17 15:48:40,826 [INFO] Collecting measurement data...
2026-06-17 15:48:40,827 [INFO] Collecting physical correlation data for (1,2)
2026-06-17 15:48:40,829 [INFO] Collecting physical correlation data for (1,3)
2026-06-17 15:48:40,831 [INFO] Collecting physical correlation data for (1,4)
2026-06-17 15:48:40,833 [INFO] Collecting physical correlation data for (1,5)
2026-06-17 15:48:40,836 [INFO] Collecting physical correlation data for (1,6)
2026-06-17 15:48:40,838 [INFO] Collecting physical correlation data for (2,3)
2026-06-17 15:48:40,841 [INFO] Collecting physical correlation data for (2,4)
2026-06-17 15:48:40,843 [INFO] Collecting physical correlation data for (2,5)
2026-06-17 15:48:40,845 [INFO] Collecting physical correlation data for (2,6)
2026-06-17 15:48:40,847 [INFO] Collecting physical correlation data for (3,4)
2026-06-17 15:48:40,849 [INFO] Collecting physical correlation data for (3,5)
2026-06-17 15:48:40,851 [INFO] Collecting physical correlation data for (3,6)
2026-06-17 15:48:40,853 [INFO] Collecting physical correlation data for (4,5)
2026-06-17 15:48:40,855 [INFO] Collecting physical correlation data for (4,6)
2026-06-17 15:48:40,858 [INFO] Collecting physical correlation data for (5,6)
2026-06-17 15:48:40,860 [INFO] Collecting virtual correlation data for (H3,H3)
2026-06-17 15:48:40,862 [INFO] Collecting virtual correlation data for (H3,H4)
2026-06-17 15:48:40,865 [INFO] Collecting virtual correlation data for (H3,H5)
2026-06-17 15:48:40,867 [INFO] Collecting virtual correlation data for (H4,H4)
2026-06-17 15:48:40,869 [INFO] Collecting virtual correlation data for (H4,H5)
2026-06-17 15:48:40,871 [INFO] Collecting virtual correlation data for (H5,H5)
2026-06-17 15:48:40,892 [INFO] Starting writing data to file.
2026-06-17 15:48:40,975 [INFO] Saved data.
2026-06-17 15:48:41,078 [INFO] Merging 1 chunks into running total...
2026-06-17 15:48:41,079 [INFO] ============================================================
2026-06-17 15:48:41,080 [INFO] STATUS REPORT | Duration: 1.00 min (0.017 h)
2026-06-17 15:48:41,081 [INFO] ============================================================
2026-06-17 15:48:41,082 [INFO] COUNTRATES (Physical):
2026-06-17 15:48:41,083 [INFO]   Ch 1: 228.6 kHz (total: 13,713,008)
2026-06-17 15:48:41,084 [INFO]   Ch 2: 243.6 kHz (total: 14,618,110)
2026-06-17 15:48:41,084 [INFO]   Ch 3: 0.0 kHz (total: 0)
2026-06-17 15:48:41,085 [INFO]   Ch 4: 0.0 kHz (total: 0)
2026-06-17 15:48:41,086 [INFO]   Ch 5: 310.0 kHz (total: 18,600,083)
2026-06-17 15:48:41,087 [INFO]   Ch 6: 310.4 kHz (total: 18,625,153)
2026-06-17 15:48:41,088 [INFO] COUNTRATES (Virtual):
2026-06-17 15:48:41,088 [INFO]   H3: 472.2 kHz (total: 28,331,118)
2026-06-17 15:48:41,089 [INFO]   H4: 0.0 kHz (total: 0)
2026-06-17 15:48:41,090 [INFO]   H5: 620.4 kHz (total: 37,225,236)
2026-06-17 15:48:41,091 [INFO] ------------------------------------------------------------
2026-06-17 15:48:41,092 [INFO] COINCIDENCES (threshold: 50000)
2026-06-17 15:48:41,093 [INFO] ------------------------------------------------------------
2026-06-17 15:48:41,094 [INFO] Twofold (physical) (Reached Threshold):
2026-06-17 15:48:41,094 [INFO]   (1,2): 244,532 Y
2026-06-17 15:48:41,095 [INFO]   (1,3): 0 X
2026-06-17 15:48:41,095 [INFO]   (1,4): 0 X
2026-06-17 15:48:41,096 [INFO]   (1,5): 267,866 Y
2026-06-17 15:48:41,097 [INFO]   (1,6): 270,765 Y
2026-06-17 15:48:41,097 [INFO]   (2,3): 0 X
2026-06-17 15:48:41,098 [INFO]   (2,4): 0 X
2026-06-17 15:48:41,099 [INFO]   (2,5): 282,560 Y
2026-06-17 15:48:41,099 [INFO]   (2,6): 283,818 Y
2026-06-17 15:48:41,100 [INFO]   (3,4): 0 X
2026-06-17 15:48:41,101 [INFO]   (3,5): 0 X
2026-06-17 15:48:41,101 [INFO]   (3,6): 0 X
2026-06-17 15:48:41,102 [INFO]   (4,5): 0 X
2026-06-17 15:48:41,102 [INFO]   (4,6): 0 X
2026-06-17 15:48:41,103 [INFO]   (5,6): 336,534 Y
2026-06-17 15:48:41,103 [INFO] ============================================================
2026-06-17 15:48:41,104 [INFO] >>> 9 combination(s) below threshold <<<
2026-06-17 15:48:41,105 [INFO] ============================================================
2026-06-17 15:48:41,190 [INFO] Updated merged data: C:\Users\QUANTUM\OneDrive - ENSTA\!Working files\HBT\HBT Data\Tests_Jun\2026-06-17_15-47-21_g2_heralded_virtual\MERGED\15-47-21_2026-06-17_40mW_num0_MERGED.pkl
2026-06-17 15:48:41,229 [INFO] Found 0 connected Time Tagger(s)
2026-06-17 15:48:42,852 [INFO] t:   1 s, Board temperature: 41.3 °C, FPGA temperature: 57.4 °C
2026-06-17 15:48:44,404 [INFO] t:   2 s, Board temperature: 41.2 °C, FPGA temperature: 57.4 °C
2026-06-17 15:48:45,989 [INFO] t:   3 s, Board temperature: 41.2 °C, FPGA temperature: 57.4 °C
2026-06-17 15:48:47,556 [INFO] t:   4 s, Board temperature: 41.1 °C, FPGA temperature: 57.4 °C
2026-06-17 15:48:49,115 [INFO] t:   5 s, Board temperature: 41.2 °C, FPGA temperature: 57.3 °C
2026-06-17 15:48:49,115 [INFO] The Time Tagger is warmed up.
2026-06-17 15:48:49,116 [INFO] Time Tagger initialized.
2026-06-17 15:48:49,118 [INFO] Chunk 2/2 | Elapsed: 2.0 min
2026-06-17 15:48:49,118 [INFO] Initializing experiment on Time Tagger.
2026-06-17 15:48:49,119 [INFO] Deadtime for channel 1: 0 ps
2026-06-17 15:48:49,120 [INFO] Deadtime for channel 2: 0 ps
2026-06-17 15:48:49,120 [INFO] Deadtime for channel 3: 0 ps
2026-06-17 15:48:49,121 [INFO] Deadtime for channel 4: 0 ps
2026-06-17 15:48:49,122 [INFO] Deadtime for channel 5: 0 ps
2026-06-17 15:48:49,123 [INFO] Deadtime for channel 6: 0 ps
2026-06-17 15:48:49,123 [INFO] Delays on channels enabled.
2026-06-17 15:48:49,124 [INFO] Delay for channel 1: requested=0 ps, actual=0 ps
2026-06-17 15:48:49,125 [INFO] Delay for channel 2: requested=-1000 ps, actual=-1000 ps
2026-06-17 15:48:49,125 [INFO] Delay for channel 3: requested=20000 ps, actual=20000 ps
2026-06-17 15:48:49,126 [INFO] Delay for channel 4: requested=16500 ps, actual=16500 ps
2026-06-17 15:48:49,127 [INFO] Delay for channel 5: requested=17800 ps, actual=17800 ps
2026-06-17 15:48:49,127 [INFO] Delay for channel 6: requested=17300 ps, actual=17300 ps
2026-06-17 15:48:49,128 [INFO] Executing synchronized correlation measurement.
2026-06-17 15:48:49,129 [INFO] Delays on channels enabled.
2026-06-17 15:48:49,129 [INFO] Delay for channel 1: requested=0 ps, actual=0 ps.
2026-06-17 15:48:49,130 [INFO] Delay for channel 2: requested=-1000 ps, actual=-1000 ps.
2026-06-17 15:48:49,131 [INFO] Delay for channel 3: requested=20000 ps, actual=20000 ps.
2026-06-17 15:48:49,132 [INFO] Delay for channel 4: requested=16500 ps, actual=16500 ps.
2026-06-17 15:48:49,132 [INFO] Delay for channel 5: requested=17800 ps, actual=17800 ps.
2026-06-17 15:48:49,133 [INFO] Delay for channel 6: requested=17300 ps, actual=17300 ps.
2026-06-17 15:48:49,134 [INFO] Initializing measurement with virtual mode channels for ALL heralding permutations.
2026-06-17 15:48:49,135 [INFO] Automatically generated modes from input: {'H3': [1, 2], 'H4': [3, 4], 'H5': [5, 6]}
2026-06-17 15:48:49,135 [INFO] Setting up virtual channels...
2026-06-17 15:48:49,137 [INFO] Initializing physical channel correlation histograms...
2026-06-17 15:48:49,137 [INFO]   Physical correlation: ch1 <-> ch2
2026-06-17 15:48:49,138 [INFO]   Physical correlation: ch1 <-> ch3
2026-06-17 15:48:49,139 [INFO]   Physical correlation: ch1 <-> ch4
2026-06-17 15:48:49,140 [INFO]   Physical correlation: ch1 <-> ch5
2026-06-17 15:48:49,140 [INFO]   Physical correlation: ch1 <-> ch6
2026-06-17 15:48:49,141 [INFO]   Physical correlation: ch2 <-> ch3
2026-06-17 15:48:49,142 [INFO]   Physical correlation: ch2 <-> ch4
2026-06-17 15:48:49,142 [INFO]   Physical correlation: ch2 <-> ch5
2026-06-17 15:48:49,143 [INFO]   Physical correlation: ch2 <-> ch6
2026-06-17 15:48:49,144 [INFO]   Physical correlation: ch3 <-> ch4
2026-06-17 15:48:49,145 [INFO]   Physical correlation: ch3 <-> ch5
2026-06-17 15:48:49,145 [INFO]   Physical correlation: ch3 <-> ch6
2026-06-17 15:48:49,146 [INFO]   Physical correlation: ch4 <-> ch5
2026-06-17 15:48:49,147 [INFO]   Physical correlation: ch4 <-> ch6
2026-06-17 15:48:49,148 [INFO]   Physical correlation: ch5 <-> ch6
2026-06-17 15:48:49,149 [INFO] Initializing virtual mode correlation histograms...
2026-06-17 15:48:49,149 [INFO]   Within-mode (H3): ch1 <-> ch2
2026-06-17 15:48:49,150 [INFO]   Cross-mode: H3 <-> H4
2026-06-17 15:48:49,151 [INFO]   Cross-mode: H3 <-> H5
2026-06-17 15:48:49,152 [INFO]   Within-mode (H4): ch3 <-> ch4
2026-06-17 15:48:49,153 [INFO]   Cross-mode: H4 <-> H5
2026-06-17 15:48:49,153 [INFO]   Within-mode (H5): ch5 <-> ch6
2026-06-17 15:48:49,156 [INFO] Measurement starting for 1.000min / 0.017h
2026-06-17 15:49:49,311 [INFO] Measurements finished.
2026-06-17 15:49:49,312 [INFO] Collecting measurement data...
2026-06-17 15:49:49,313 [INFO] Collecting physical correlation data for (1,2)
2026-06-17 15:49:49,315 [INFO] Collecting physical correlation data for (1,3)
2026-06-17 15:49:49,317 [INFO] Collecting physical correlation data for (1,4)
2026-06-17 15:49:49,319 [INFO] Collecting physical correlation data for (1,5)
2026-06-17 15:49:49,322 [INFO] Collecting physical correlation data for (1,6)
2026-06-17 15:49:49,324 [INFO] Collecting physical correlation data for (2,3)
2026-06-17 15:49:49,327 [INFO] Collecting physical correlation data for (2,4)
2026-06-17 15:49:49,329 [INFO] Collecting physical correlation data for (2,5)
2026-06-17 15:49:49,331 [INFO] Collecting physical correlation data for (2,6)
2026-06-17 15:49:49,333 [INFO] Collecting physical correlation data for (3,4)
2026-06-17 15:49:49,335 [INFO] Collecting physical correlation data for (3,5)
2026-06-17 15:49:49,338 [INFO] Collecting physical correlation data for (3,6)
2026-06-17 15:49:49,340 [INFO] Collecting physical correlation data for (4,5)
2026-06-17 15:49:49,342 [INFO] Collecting physical correlation data for (4,6)
2026-06-17 15:49:49,345 [INFO] Collecting physical correlation data for (5,6)
2026-06-17 15:49:49,347 [INFO] Collecting virtual correlation data for (H3,H3)
2026-06-17 15:49:49,349 [INFO] Collecting virtual correlation data for (H3,H4)
2026-06-17 15:49:49,351 [INFO] Collecting virtual correlation data for (H3,H5)
2026-06-17 15:49:49,354 [INFO] Collecting virtual correlation data for (H4,H4)
2026-06-17 15:49:49,356 [INFO] Collecting virtual correlation data for (H4,H5)
2026-06-17 15:49:49,358 [INFO] Collecting virtual correlation data for (H5,H5)
2026-06-17 15:49:49,380 [INFO] Starting writing data to file.
2026-06-17 15:49:49,464 [INFO] Saved data.
2026-06-17 15:49:49,579 [INFO] Merging 1 chunks into running total...
2026-06-17 15:49:49,745 [INFO] ============================================================
2026-06-17 15:49:49,746 [INFO] STATUS REPORT | Duration: 2.00 min (0.033 h)
2026-06-17 15:49:49,747 [INFO] ============================================================
2026-06-17 15:49:49,747 [INFO] COUNTRATES (Physical):
2026-06-17 15:49:49,748 [INFO]   Ch 1: 228.5 kHz (total: 27,423,330)
2026-06-17 15:49:49,749 [INFO]   Ch 2: 243.6 kHz (total: 29,230,407)
2026-06-17 15:49:49,750 [INFO]   Ch 3: 0.0 kHz (total: 0)
2026-06-17 15:49:49,751 [INFO]   Ch 4: 0.0 kHz (total: 0)
2026-06-17 15:49:49,752 [INFO]   Ch 5: 309.7 kHz (total: 37,169,727)
2026-06-17 15:49:49,753 [INFO]   Ch 6: 310.2 kHz (total: 37,219,075)
2026-06-17 15:49:49,754 [INFO] COUNTRATES (Virtual):
2026-06-17 15:49:49,754 [INFO]   H3: 472.1 kHz (total: 56,653,737)
2026-06-17 15:49:49,756 [INFO]   H4: 0.0 kHz (total: 0)
2026-06-17 15:49:49,756 [INFO]   H5: 619.9 kHz (total: 74,388,802)
2026-06-17 15:49:49,757 [INFO] ------------------------------------------------------------
2026-06-17 15:49:49,758 [INFO] COINCIDENCES (threshold: 50000)
2026-06-17 15:49:49,759 [INFO] ------------------------------------------------------------
2026-06-17 15:49:49,760 [INFO] Twofold (physical) (Reached Threshold):
2026-06-17 15:49:49,761 [INFO]   (1,2): 488,855 Y
2026-06-17 15:49:49,762 [INFO]   (1,3): 0 X
2026-06-17 15:49:49,763 [INFO]   (1,4): 0 X
2026-06-17 15:49:49,763 [INFO]   (1,5): 535,192 Y
2026-06-17 15:49:49,764 [INFO]   (1,6): 541,251 Y
2026-06-17 15:49:49,765 [INFO]   (2,3): 0 X
2026-06-17 15:49:49,765 [INFO]   (2,4): 0 X
2026-06-17 15:49:49,766 [INFO]   (2,5): 564,173 Y
2026-06-17 15:49:49,766 [INFO]   (2,6): 566,369 Y
2026-06-17 15:49:49,767 [INFO]   (3,4): 0 X
2026-06-17 15:49:49,768 [INFO]   (3,5): 0 X
2026-06-17 15:49:49,769 [INFO]   (3,6): 0 X
2026-06-17 15:49:49,769 [INFO]   (4,5): 0 X
2026-06-17 15:49:49,770 [INFO]   (4,6): 0 X
2026-06-17 15:49:49,770 [INFO]   (5,6): 670,733 Y
2026-06-17 15:49:49,771 [INFO] ============================================================
2026-06-17 15:49:49,771 [INFO] >>> 9 combination(s) below threshold <<<
2026-06-17 15:49:49,772 [INFO] ============================================================
2026-06-17 15:49:49,856 [INFO] Updated merged data: C:\Users\QUANTUM\OneDrive - ENSTA\!Working files\HBT\HBT Data\Tests_Jun\2026-06-17_15-47-21_g2_heralded_virtual\MERGED\15-47-21_2026-06-17_40mW_num0_MERGED.pkl
2026-06-17 15:49:49,938 [INFO] Final merged data saved to: C:\Users\QUANTUM\OneDrive - ENSTA\!Working files\HBT\HBT Data\Tests_Jun\2026-06-17_15-47-21_g2_heralded_virtual\MERGED\15-47-21_2026-06-17_40mW_num0_MERGED.pkl
2026-06-17 15:49:49,940 [INFO] Total merged duration: 2.00 min
2026-06-17 15:49:49,940 [INFO] Measurement completed in 2.29 min
2026-06-17 15:49:49,942 [INFO] Running cleanup...
2026-06-17 15:49:49,942 [INFO] Rotation stage(s) disconnected cleanly.
2026-06-17 15:49:49,943 [INFO] Successful finish.
